Component: ARM Compiler 5.06 update 2 (build 183) Tool: armlink [4d35b7]

==============================================================================

Section Cross References

    main.o(i.main) refers to sys.o(i.Cache_Enable) for Cache_Enable
    main.o(i.main) refers to stm32f7xx_hal.o(i.HAL_Init) for HAL_Init
    main.o(i.main) refers to sys.o(i.Stm32_Clock_Init) for Stm32_Clock_Init
    main.o(i.main) refers to delay.o(i.delay_init) for delay_init
    main.o(i.main) refers to usart.o(i.uart_init) for uart_init
    main.o(i.main) refers to led.o(i.LED_Init) for LED_Init
    main.o(i.main) refers to key.o(i.KEY_Init) for KEY_Init
    main.o(i.main) refers to sdram.o(i.SDRAM_Init) for SDRAM_Init
    main.o(i.main) refers to lcd.o(i.LCD_Init) for LCD_Init
    main.o(i.main) refers to 24l01.o(i.NRF24L01_Init) for NRF24L01_Init
    main.o(i.main) refers to lcd.o(i.LCD_ShowString) for LCD_ShowString
    main.o(i.main) refers to 24l01.o(i.NRF24L01_Check) for NRF24L01_Check
    main.o(i.main) refers to delay.o(i.delay_ms) for delay_ms
    main.o(i.main) refers to lcd.o(i.LCD_Fill) for LCD_Fill
    main.o(i.main) refers to key.o(i.KEY_Scan) for KEY_Scan
    main.o(i.main) refers to 24l01.o(i.NRF24L01_TX_Mode) for NRF24L01_TX_Mode
    main.o(i.main) refers to 24l01.o(i.NRF24L01_TxPacket) for NRF24L01_TxPacket
    main.o(i.main) refers to stm32f7xx_hal_gpio.o(i.HAL_GPIO_TogglePin) for HAL_GPIO_TogglePin
    main.o(i.main) refers to 24l01.o(i.NRF24L01_RX_Mode) for NRF24L01_RX_Mode
    main.o(i.main) refers to 24l01.o(i.NRF24L01_RxPacket) for NRF24L01_RxPacket
    main.o(i.main) refers to delay.o(i.delay_us) for delay_us
    main.o(i.main) refers to lcd.o(.data) for POINT_COLOR
    main.o(i.main) refers to lcd.o(.bss) for lcddev
    stm32f7xx_it.o(i.SysTick_Handler) refers to stm32f7xx_hal.o(i.HAL_IncTick) for HAL_IncTick
    system_stm32f7xx.o(i.SystemCoreClockUpdate) refers to system_stm32f7xx.o(.data) for .data
    system_stm32f7xx.o(i.SystemCoreClockUpdate) refers to system_stm32f7xx.o(.constdata) for .constdata
    startup_stm32f767xx.o(STACK) refers (Special) to heapauxi.o(.text) for __use_two_region_memory
    startup_stm32f767xx.o(HEAP) refers (Special) to heapauxi.o(.text) for __use_two_region_memory
    startup_stm32f767xx.o(RESET) refers (Special) to heapauxi.o(.text) for __use_two_region_memory
    startup_stm32f767xx.o(RESET) refers to startup_stm32f767xx.o(STACK) for __initial_sp
    startup_stm32f767xx.o(RESET) refers to startup_stm32f767xx.o(.text) for Reset_Handler
    startup_stm32f767xx.o(RESET) refers to stm32f7xx_it.o(i.NMI_Handler) for NMI_Handler
    startup_stm32f767xx.o(RESET) refers to stm32f7xx_it.o(i.HardFault_Handler) for HardFault_Handler
    startup_stm32f767xx.o(RESET) refers to stm32f7xx_it.o(i.BusFault_Handler) for BusFault_Handler
    startup_stm32f767xx.o(RESET) refers to stm32f7xx_it.o(i.UsageFault_Handler) for UsageFault_Handler
    startup_stm32f767xx.o(RESET) refers to stm32f7xx_it.o(i.SVC_Handler) for SVC_Handler
    startup_stm32f767xx.o(RESET) refers to stm32f7xx_it.o(i.DebugMon_Handler) for DebugMon_Handler
    startup_stm32f767xx.o(RESET) refers to stm32f7xx_it.o(i.PendSV_Handler) for PendSV_Handler
    startup_stm32f767xx.o(RESET) refers to stm32f7xx_it.o(i.SysTick_Handler) for SysTick_Handler
    startup_stm32f767xx.o(RESET) refers to usmart.o(i.TIM4_IRQHandler) for TIM4_IRQHandler
    startup_stm32f767xx.o(RESET) refers to usart.o(i.USART1_IRQHandler) for USART1_IRQHandler
    startup_stm32f767xx.o(.text) refers (Special) to heapauxi.o(.text) for __use_two_region_memory
    startup_stm32f767xx.o(.text) refers to system_stm32f7xx.o(i.SystemInit) for SystemInit
    startup_stm32f767xx.o(.text) refers to __main.o(!!!main) for __main
    startup_stm32f767xx.o(.text) refers to startup_stm32f767xx.o(HEAP) for Heap_Mem
    startup_stm32f767xx.o(.text) refers to startup_stm32f767xx.o(STACK) for Stack_Mem
    stm32f7xx_hal.o(i.HAL_DeInit) refers to stm32f7xx_hal.o(i.HAL_MspDeInit) for HAL_MspDeInit
    stm32f7xx_hal.o(i.HAL_Delay) refers to stm32f7xx_hal.o(i.HAL_GetTick) for HAL_GetTick
    stm32f7xx_hal.o(i.HAL_GetTick) refers to stm32f7xx_hal.o(.data) for .data
    stm32f7xx_hal.o(i.HAL_IncTick) refers to stm32f7xx_hal.o(.data) for .data
    stm32f7xx_hal.o(i.HAL_Init) refers to stm32f7xx_hal_cortex.o(i.HAL_NVIC_SetPriorityGrouping) for HAL_NVIC_SetPriorityGrouping
    stm32f7xx_hal.o(i.HAL_Init) refers to stm32f7xx_hal.o(i.HAL_InitTick) for HAL_InitTick
    stm32f7xx_hal.o(i.HAL_Init) refers to stm32f7xx_hal.o(i.HAL_MspInit) for HAL_MspInit
    stm32f7xx_hal.o(i.HAL_InitTick) refers to stm32f7xx_hal_cortex.o(i.HAL_SYSTICK_Config) for HAL_SYSTICK_Config
    stm32f7xx_hal.o(i.HAL_InitTick) refers to stm32f7xx_hal_cortex.o(i.HAL_NVIC_SetPriority) for HAL_NVIC_SetPriority
    stm32f7xx_hal.o(i.HAL_InitTick) refers to system_stm32f7xx.o(.data) for SystemCoreClock
[...]
    i.HAL_GPIO_WritePin                      0x08000d62   Section        0  stm32f7xx_hal_gpio.o(i.HAL_GPIO_WritePin)
    i.HAL_GetTick                            0x08000d6c   Section        0  stm32f7xx_hal.o(i.HAL_GetTick)
    i.HAL_IncTick                            0x08000d78   Section        0  stm32f7xx_hal.o(i.HAL_IncTick)
    i.HAL_Init                               0x08000d88   Section        0  stm32f7xx_hal.o(i.HAL_Init)
    i.HAL_InitTick                           0x08000dac   Section        0  stm32f7xx_hal.o(i.HAL_InitTick)
    i.HAL_LTDC_ConfigLayer                   0x08000dd4   Section        0  stm32f7xx_hal_ltdc.o(i.HAL_LTDC_ConfigLayer)
    i.HAL_LTDC_Init                          0x08000e2c   Section        0  stm32f7xx_hal_ltdc.o(i.HAL_LTDC_Init)
    i.HAL_LTDC_MspInit                       0x08000f38   Section        0  ltdc.o(i.HAL_LTDC_MspInit)
    i.HAL_LTDC_SetWindowPosition             0x0800102c   Section        0  stm32f7xx_hal_ltdc.o(i.HAL_LTDC_SetWindowPosition)
    i.HAL_LTDC_SetWindowSize                 0x08001084   Section        0  stm32f7xx_hal_ltdc.o(i.HAL_LTDC_SetWindowSize)
    i.HAL_MPU_ConfigRegion                   0x080010d8   Section        0  stm32f7xx_hal_cortex.o(i.HAL_MPU_ConfigRegion)
    i.HAL_MspInit                            0x0800112c   Section        0  stm32f7xx_hal.o(i.HAL_MspInit)
    i.HAL_NVIC_EnableIRQ                     0x0800112e   Section        0  stm32f7xx_hal_cortex.o(i.HAL_NVIC_EnableIRQ)
    i.HAL_NVIC_SetPriority                   0x08001148   Section        0  stm32f7xx_hal_cortex.o(i.HAL_NVIC_SetPriority)
    i.HAL_NVIC_SetPriorityGrouping           0x080011ac   Section        0  stm32f7xx_hal_cortex.o(i.HAL_NVIC_SetPriorityGrouping)
    i.HAL_PWREx_EnableOverDrive              0x080011d0   Section        0  stm32f7xx_hal_pwr_ex.o(i.HAL_PWREx_EnableOverDrive)
    i.HAL_RCCEx_PeriphCLKConfig              0x0800124c   Section        0  stm32f7xx_hal_rcc_ex.o(i.HAL_RCCEx_PeriphCLKConfig)
    i.HAL_RCC_ClockConfig                    0x080019a4   Section        0  stm32f7xx_hal_rcc.o(i.HAL_RCC_ClockConfig)
    i.HAL_RCC_GetPCLK1Freq                   0x08001b28   Section        0  stm32f7xx_hal_rcc.o(i.HAL_RCC_GetPCLK1Freq)
    i.HAL_RCC_GetPCLK2Freq                   0x08001b58   Section        0  stm32f7xx_hal_rcc.o(i.HAL_RCC_GetPCLK2Freq)
    i.HAL_RCC_GetSysClockFreq                0x08001b88   Section        0  stm32f7xx_hal_rcc.o(i.HAL_RCC_GetSysClockFreq)
    i.HAL_RCC_OscConfig                      0x08001c20   Section        0  stm32f7xx_hal_rcc_ex.o(i.HAL_RCC_OscConfig)
    i.HAL_SDRAM_Init                         0x08001fe4   Section        0  stm32f7xx_hal_sdram.o(i.HAL_SDRAM_Init)
    i.HAL_SDRAM_MspInit                      0x08002028   Section        0  sdram.o(i.HAL_SDRAM_MspInit)
    i.HAL_SDRAM_ProgramRefreshRate           0x08002108   Section        0  stm32f7xx_hal_sdram.o(i.HAL_SDRAM_ProgramRefreshRate)
    i.HAL_SDRAM_SendCommand                  0x0800212c   Section        0  stm32f7xx_hal_sdram.o(i.HAL_SDRAM_SendCommand)
    i.HAL_SPI_Init                           0x0800215a   Section        0  stm32f7xx_hal_spi.o(i.HAL_SPI_Init)
    i.HAL_SPI_MspInit                        0x08002220   Section        0  spi.o(i.HAL_SPI_MspInit)
    i.HAL_SPI_TransmitReceive                0x08002278   Section        0  stm32f7xx_hal_spi.o(i.HAL_SPI_TransmitReceive)
    i.HAL_SRAM_Init                          0x08002570   Section        0  stm32f7xx_hal_sram.o(i.HAL_SRAM_Init)
    i.HAL_SRAM_MspInit                       0x080025c8   Section        0  lcd.o(i.HAL_SRAM_MspInit)
    i.HAL_SYSTICK_CLKSourceConfig            0x08002644   Section        0  stm32f7xx_hal_cortex.o(i.HAL_SYSTICK_CLKSourceConfig)
    i.HAL_SYSTICK_Config                     0x0800265c   Section        0  stm32f7xx_hal_cortex.o(i.HAL_SYSTICK_Config)
    i.HAL_TIM_Base_Init                      0x08002688   Section        0  stm32f7xx_hal_tim.o(i.HAL_TIM_Base_Init)
    i.HAL_TIM_Base_MspInit                   0x080026ba   Section        0  stm32f7xx_hal_tim.o(i.HAL_TIM_Base_MspInit)
    i.HAL_TIM_Base_Start_IT                  0x080026bc   Section        0  stm32f7xx_hal_tim.o(i.HAL_TIM_Base_Start_IT)
    i.HAL_UART_ErrorCallback                 0x080026d4   Section        0  stm32f7xx_hal_uart.o(i.HAL_UART_ErrorCallback)
    i.HAL_UART_IRQHandler                    0x080026d8   Section        0  stm32f7xx_hal_uart.o(i.HAL_UART_IRQHandler)
    i.HAL_UART_Init                          0x0800289c   Section        0  stm32f7xx_hal_uart.o(i.HAL_UART_Init)
    i.HAL_UART_MspInit                       0x0800290c   Section        0  usart.o(i.HAL_UART_MspInit)
    i.HAL_UART_Receive                       0x0800299c   Section        0  stm32f7xx_hal_uart.o(i.HAL_UART_Receive)
    i.HAL_UART_RxCpltCallback                0x08002a8c   Section        0  stm32f7xx_hal_uart.o(i.HAL_UART_RxCpltCallback)
    i.HAL_UART_TxCpltCallback                0x08002a8e   Section        0  stm32f7xx_hal_uart.o(i.HAL_UART_TxCpltCallback)
    i.HardFault_Handler                      0x08002a90   Section        0  stm32f7xx_it.o(i.HardFault_Handler)
    i.KEY_Init                               0x08002a94   Section        0  key.o(i.KEY_Init)
    i.KEY_Scan                               0x08002b14   Section        0  key.o(i.KEY_Scan)
    i.LCD_Clear                              0x08002bfc   Section        0  lcd.o(i.LCD_Clear)
    i.LCD_Display_Dir                        0x08002c54   Section        0  lcd.o(i.LCD_Display_Dir)
    i.LCD_DrawLine                           0x08002d58   Section        0  lcd.o(i.LCD_DrawLine)
    i.LCD_DrawRectangle                      0x08002e28   Section        0  lcd.o(i.LCD_DrawRectangle)
    i.LCD_Draw_Circle                        0x08002e64   Section        0  lcd.o(i.LCD_Draw_Circle)
    i.LCD_Fast_DrawPoint                     0x08003044   Section        0  lcd.o(i.LCD_Fast_DrawPoint)
    i.LCD_Fill                               0x080032a4   Section        0  lcd.o(i.LCD_Fill)
    i.LCD_Init                               0x0800331c   Section        0  lcd.o(i.LCD_Init)
    i.LCD_MPU_Config                         0x08007d54   Section        0  lcd.o(i.LCD_MPU_Config)
    i.LCD_ReadPoint                          0x08007dc0   Section        0  lcd.o(i.LCD_ReadPoint)
    i.LCD_SSD_BackLightSet                   0x08007e98   Section        0  lcd.o(i.LCD_SSD_BackLightSet)
    i.LCD_Scan_Dir                           0x08007f58   Section        0  lcd.o(i.LCD_Scan_Dir)
    i.LCD_SetCursor                          0x08008274   Section        0  lcd.o(i.LCD_SetCursor)
    i.LCD_ShowChar                           0x08008530   Section        0  lcd.o(i.LCD_ShowChar)
    i.LCD_ShowNum                            0x0800864c   Section        0  lcd.o(i.LCD_ShowNum)
    i.LCD_ShowString                         0x080086f0   Section        0  lcd.o(i.LCD_ShowString)
    i.LCD_ShowxNum                           0x08008754   Section        0  lcd.o(i.LCD_ShowxNum)
    i.LED_Init                               0x0800880c   Section        0  led.o(i.LED_Init)
    i.LTDC_Clear                             0x08008858   Section        0  ltdc.o(i.LTDC_Clear)
    i.LTDC_Display_Dir                       0x08008878   Section        0  ltdc.o(i.LTDC_Display_Dir)
    i.LTDC_Draw_Point                        0x080088a0   Section        0  ltdc.o(i.LTDC_Draw_Point)
    i.LTDC_Fill                              0x080088e4   Section        0  ltdc.o(i.LTDC_Fill)
    i.LTDC_Init                              0x0800899c   Section        0  ltdc.o(i.LTDC_Init)
    i.LTDC_Layer_Parameter_Config            0x08008b88   Section        0  ltdc.o(i.LTDC_Layer_Parameter_Config)
    i.LTDC_Layer_Switch                      0x08008be8   Section        0  ltdc.o(i.LTDC_Layer_Switch)
    i.LTDC_Layer_Window_Config               0x08008c1c   Section        0  ltdc.o(i.LTDC_Layer_Window_Config)
    i.LTDC_PanelID_Read                      0x08008c40   Section        0  ltdc.o(i.LTDC_PanelID_Read)
    i.LTDC_Read_Point                        0x08008cfc   Section        0  ltdc.o(i.LTDC_Read_Point)
    i.LTDC_Select_Layer                      0x08008d3c   Section        0  ltdc.o(i.LTDC_Select_Layer)
    i.LTDC_SetConfig                         0x08008d48   Section        0  stm32f7xx_hal_ltdc.o(i.LTDC_SetConfig)
    LTDC_SetConfig                           0x08008d49   Thumb Code   452  stm32f7xx_hal_ltdc.o(i.LTDC_SetConfig)
    i.LTDC_Switch                            0x08008f0c   Section        0  ltdc.o(i.LTDC_Switch)
    i.NMI_Handler                            0x08008f30   Section        0  stm32f7xx_it.o(i.NMI_Handler)
    i.NRF24L01_Check                         0x08008f34   Section        0  24l01.o(i.NRF24L01_Check)
    i.NRF24L01_Init                          0x08008fb0   Section        0  24l01.o(i.NRF24L01_Init)
    i.NRF24L01_RX_Mode                       0x0800904c   Section        0  24l01.o(i.NRF24L01_RX_Mode)
    i.NRF24L01_RxPacket                      0x080090ac   Section        0  24l01.o(i.NRF24L01_RxPacket)
    i.NRF24L01_TX_Mode                       0x08009138   Section        0  24l01.o(i.NRF24L01_TX_Mode)
    i.NRF24L01_TxPacket                      0x080091a8   Section        0  24l01.o(i.NRF24L01_TxPacket)
    i.NRF24L01_Write_Buf                     0x08009238   Section        0  24l01.o(i.NRF24L01_Write_Buf)
    i.NRF24L01_Write_Reg                     0x08009284   Section        0  24l01.o(i.NRF24L01_Write_Reg)
    i.PendSV_Handler                         0x080092b8   Section        0  stm32f7xx_it.o(i.PendSV_Handler)
    i.SDRAM_Init                             0x080092bc   Section        0  sdram.o(i.SDRAM_Init)
    i.SDRAM_Send_Cmd                         0x0800935c   Section        0  sdram.o(i.SDRAM_Send_Cmd)
    i.SPI2_Init                              0x0800939c   Section        0  spi.o(i.SPI2_Init)
    i.SPI2_ReadWriteByte                     0x08009404   Section        0  spi.o(i.SPI2_ReadWriteByte)
    i.SPI2_SetSpeed                          0x08009428   Section        0  spi.o(i.SPI2_SetSpeed)
    i.SPI_EndRxTxTransaction                 0x0800945c   Section        0  stm32f7xx_hal_spi.o(i.SPI_EndRxTxTransaction)
    SPI_EndRxTxTransaction                   0x0800945d   Thumb Code    66  stm32f7xx_hal_spi.o(i.SPI_EndRxTxTransaction)
    i.SPI_WaitFifoStateUntilTimeout          0x0800949e   Section        0  stm32f7xx_hal_spi.o(i.SPI_WaitFifoStateUntilTimeout)
    SPI_WaitFifoStateUntilTimeout            0x0800949f   Thumb Code   176  stm32f7xx_hal_spi.o(i.SPI_WaitFifoStateUntilTimeout)
    i.SPI_WaitFlagStateUntilTimeout          0x0800954e   Section        0  stm32f7xx_hal_spi.o(i.SPI_WaitFlagStateUntilTimeout)
    SPI_WaitFlagStateUntilTimeout            0x0800954f   Thumb Code   152  stm32f7xx_hal_spi.o(i.SPI_WaitFlagStateUntilTimeout)
    i.SVC_Handler                            0x080095e6   Section        0  stm32f7xx_it.o(i.SVC_Handler)
    i.Stm32_Clock_Init                       0x080095e8   Section        0  sys.o(i.Stm32_Clock_Init)
    i.SysTick_Handler                        0x08009688   Section        0  stm32f7xx_it.o(i.SysTick_Handler)
    i.SystemInit                             0x0800968c   Section        0  system_stm32f7xx.o(i.SystemInit)
    i.TIM4_IRQHandler                        0x080096e4   Section        0  usmart.o(i.TIM4_IRQHandler)
    i.TIM_Base_SetConfig                     0x08009718   Section        0  stm32f7xx_hal_tim.o(i.TIM_Base_SetConfig)
    i.UART_AdvFeatureConfig                  0x080097dc   Section        0  stm32f7xx_hal_uart.o(i.UART_AdvFeatureConfig)
    i.UART_CheckIdleState                    0x080098b6   Section        0  stm32f7xx_hal_uart.o(i.UART_CheckIdleState)
    i.UART_DMAAbortOnError                   0x08009916   Section        0  stm32f7xx_hal_uart.o(i.UART_DMAAbortOnError)
    UART_DMAAbortOnError                     0x08009917   Thumb Code    20  stm32f7xx_hal_uart.o(i.UART_DMAAbortOnError)
    i.UART_Receive_IT                        0x0800992a   Section        0  stm32f7xx_hal_uart.o(i.UART_Receive_IT)
    UART_Receive_IT                          0x0800992b   Thumb Code   124  stm32f7xx_hal_uart.o(i.UART_Receive_IT)
    i.UART_SetConfig                         0x080099a8   Section        0  stm32f7xx_hal_uart.o(i.UART_SetConfig)
    i.UART_WaitOnFlagUntilTimeout            0x08009c34   Section        0  stm32f7xx_hal_uart.o(i.UART_WaitOnFlagUntilTimeout)
    i.USART1_IRQHandler                      0x08009ca8   Section        0  usart.o(i.USART1_IRQHandler)
    i.UsageFault_Handler                     0x08009d20   Section        0  stm32f7xx_it.o(i.UsageFault_Handler)
    i._is_digit                              0x08009d22   Section        0  __printf_wp.o(i._is_digit)
    i._sys_exit                              0x08009d30   Section        0  usart.o(i._sys_exit)
    i.delay_init                             0x08009d34   Section        0  delay.o(i.delay_init)
    i.delay_ms                               0x08009d48   Section        0  delay.o(i.delay_ms)
    i.delay_us                               0x08009d94   Section        0  delay.o(i.delay_us)
    i.fputc                                  0x08009dc8   Section        0  usart.o(i.fputc)
    i.main                                   0x08009ddc   Section        0  main.o(i.main)
    i.read_addr                              0x0800a120   Section        0  usmart.o(i.read_addr)
    i.uart_init                              0x0800a124   Section        0  usart.o(i.uart_init)
    i.usmart_cmd_rec                         0x0800a148   Section        0  usmart.o(i.usmart_cmd_rec)
    i.usmart_exe                             0x0800a1f8   Section        0  usmart.o(i.usmart_exe)
    i.usmart_get_aparm                       0x0800a4b0   Section        0  usmart_str.o(i.usmart_get_aparm)
    i.usmart_get_cmdname                     0x0800a55e   Section        0  usmart_str.o(i.usmart_get_cmdname)
    i.usmart_get_fname                       0x0800a5a4   Section        0  usmart_str.o(i.usmart_get_fname)
    i.usmart_get_fparam                      0x0800a754   Section        0  usmart_str.o(i.usmart_get_fparam)
    i.usmart_get_parmpos                     0x0800a880   Section        0  usmart_str.o(i.usmart_get_parmpos)
    i.usmart_init                            0x0800a8a8   Section        0  usmart.o(i.usmart_init)
    i.usmart_scan                            0x0800a914   Section        0  usmart.o(i.usmart_scan)
    i.usmart_str2num                         0x0800a9c0   Section        0  usmart_str.o(i.usmart_str2num)
    i.usmart_strcmp                          0x0800aab8   Section        0  usmart_str.o(i.usmart_strcmp)
    i.usmart_sys_cmd_exe                     0x0800aad4   Section        0  usmart.o(i.usmart_sys_cmd_exe)
    i.write_addr                             0x0800b16c   Section        0  usmart.o(i.write_addr)
    x$fpl$fpinit                             0x0800b170   Section       10  fpinit.o(x$fpl$fpinit)
    $v0                                      0x0800b170   Number         0  fpinit.o(x$fpl$fpinit)
    .constdata                               0x0800b17a   Section       16  system_stm32f7xx.o(.constdata)
    .constdata                               0x0800b18a   Section        8  system_stm32f7xx.o(.constdata)
    .constdata                               0x0800b192   Section    18240  lcd.o(.constdata)
    .constdata                               0x0800f8d2   Section       10  24l01.o(.constdata)
    .constdata                               0x0800f8dc   Section       40  _printf_hex_int.o(.constdata)
    uc_hextab                                0x0800f8dc   Data          20  _printf_hex_int.o(.constdata)
    lc_hextab                                0x0800f8f0   Data          20  _printf_hex_int.o(.constdata)
    .constdata                               0x0800f904   Section       17  __printf_flags_ss_wp.o(.constdata)
    maptable                                 0x0800f904   Data          17  __printf_flags_ss_wp.o(.constdata)
    .conststring                             0x0800f918   Section       40  usmart.o(.conststring)
    .conststring                             0x0800f940   Section     1019  usmart_config.o(.conststring)
    .data                                    0x20020000   Section        4  system_stm32f7xx.o(.data)
    .data                                    0x20020004   Section        4  stm32f7xx_hal.o(.data)
    .data                                    0x20020008   Section        4  delay.o(.data)
    fac_us                                   0x20020008   Data           4  delay.o(.data)
    .data                                    0x2002000c   Section        2  usart.o(.data)
    .data                                    0x20020010   Section        4  usart.o(.data)
    .data                                    0x20020014   Section        1  key.o(.data)
    key_up                                   0x20020014   Data           1  key.o(.data)
    .data                                    0x20020018   Section        8  lcd.o(.data)
    .data                                    0x20020020   Section        8  ltdc.o(.data)
    .data                                    0x20020028   Section       28  usmart.o(.data)
    .data                                    0x20020044   Section      192  usmart_config.o(.data)
    .data                                    0x20020104   Section      244  usmart_config.o(.data)
    .bss                                     0x200201f8   Section      312  usart.o(.bss)
    .bss                                     0x20020330   Section       52  sdram.o(.bss)
    .bss                                     0x20020364   Section       90  lcd.o(.bss)
    .bss                                     0x200203c0   Section      200  ltdc.o(.bss)
    .bss                                     0x20020488   Section      100  spi.o(.bss)
    .bss                                     0x200204ec   Section       60  usmart.o(.bss)
    .bss                                     0x20020528   Section       96  libspace.o(.bss)
    HEAP                                     0x20020588   Section      512  startup_stm32f767xx.o(HEAP)
    Heap_Mem                                 0x20020588   Data         512  startup_stm32f767xx.o(HEAP)
    STACK                                    0x20020788   Section     1024  startup_stm32f767xx.o(STACK)
    Stack_Mem                                0x20020788   Data        1024  startup_stm32f767xx.o(STACK)
    __initial_sp                             0x20020b88   Data           0  startup_stm32f767xx.o(STACK)
    .ARM.__AT_0xC0000000                     0xc0000000   Section    2048000  ltdc.o(.ARM.__AT_0xC0000000)

    Global Symbols

    Symbol Name                              Value     Ov Type        Size  Object(Section)

    BuildAttributes$$THM_ISAv4$E$P$D$K$B$S$7EM$VFPv5_D16$PE$PLD8$A:L22UL41UL21$X:L11$S22US41US21$IEEE1$IW$USESV6$~STKCKD$USESV7$~SHL$OTIME$ROPI$EBA8$UX$STANDARDLIB$REQ8$PRES8$EABIv2 0x00000000   Number         0  anon$$obj.o ABSOLUTE
    __ARM_use_no_argv                        0x00000000   Number         0  main.o ABSOLUTE
    _printf_flags                            0x00000000   Number         0  printf_stubs.o ABSOLUTE
    _printf_return_value                     0x00000000   Number         0  printf_stubs.o ABSOLUTE
    _printf_sizespec                         0x00000000   Number         0  printf_stubs.o ABSOLUTE
    _printf_widthprec                        0x00000000   Number         0  printf_stubs.o ABSOLUTE
    __ARM_exceptions_init                     - Undefined Weak Reference
    __alloca_initialize                       - Undefined Weak Reference
    __arm_preinit_                            - Undefined Weak Reference
    __cpp_initialize__aeabi_                  - Undefined Weak Reference
    __cxa_finalize                            - Undefined Weak Reference
    __rt_locale                               - Undefined Weak Reference
    __sigvec_lookup                           - Undefined Weak Reference
    _atexit_init                              - Undefined Weak Reference
    _call_atexit_fns                          - Undefined Weak Reference
    _clock_init                               - Undefined Weak Reference
    _fp_trap_init                             - Undefined Weak Reference
    _fp_trap_shutdown                         - Undefined Weak Reference
    _get_lc_collate                           - Undefined Weak Reference
    _get_lc_ctype                             - Undefined Weak Reference
    _get_lc_monetary                          - Undefined Weak Reference
    _get_lc_numeric                           - Undefined Weak Reference
    _get_lc_time                              - Undefined Weak Reference
    _getenv_init                              - Undefined Weak Reference
    _handle_redirection                       - Undefined Weak Reference
    _init_alloc                               - Undefined Weak Reference
    _init_user_alloc                          - Undefined Weak Reference
    _initio                                   - Undefined Weak Reference
    _mutex_acquire                            - Undefined Weak Reference
    _mutex_release                            - Undefined Weak Reference
    _printf_mbtowc                            - Undefined Weak Reference
    _printf_truncate_signed                   - Undefined Weak Reference
    _printf_truncate_unsigned                 - Undefined Weak Reference
    _rand_init                                - Undefined Weak Reference
    _signal_finish                            - Undefined Weak Reference
    _signal_init                              - Undefined Weak Reference
    _terminate_alloc                          - Undefined Weak Reference
    _terminate_user_alloc                     - Undefined Weak Reference
    _terminateio                              - Undefined Weak Reference
    __Vectors_Size                           0x000001f8   Number         0  startup_stm32f767xx.o ABSOLUTE
    __Vectors                                0x08000000   Data           4  startup_stm32f767xx.o(RESET)
    __Vectors_End                            0x080001f8   Data           0  startup_stm32f767xx.o(RESET)
    __main                                   0x080001f9   Thumb Code     8  __main.o(!!!main)
    __scatterload                            0x08000201   Thumb Code     0  __scatter.o(!!!scatter)
    __scatterload_rt2                        0x08000201   Thumb Code    44  __scatter.o(!!!scatter)
    __scatterload_rt2_thumb_only             0x08000201   Thumb Code     0  __scatter.o(!!!scatter)
    __scatterload_null                       0x0800020f   Thumb Code     0  __scatter.o(!!!scatter)
    __decompress                             0x08000235   Thumb Code    90  __dczerorl2.o(!!dczerorl2)
    __decompress1                            0x08000235   Thumb Code     0  __dczerorl2.o(!!dczerorl2)
    __scatterload_zeroinit                   0x08000291   Thumb Code    28  __scatter_zi.o(!!handler_zi)
    _printf_d                                0x080002ad   Thumb Code     0  _printf_d.o(.ARM.Collect$$_printf_percent$$00000009)
    _printf_percent                          0x080002ad   Thumb Code     0  _printf_percent.o(.ARM.Collect$$_printf_percent$$00000000)
    _printf_u                                0x080002b3   Thumb Code     0  _printf_u.o(.ARM.Collect$$_printf_percent$$0000000A)
    _printf_x                                0x080002b9   Thumb Code     0  _printf_x.o(.ARM.Collect$$_printf_percent$$0000000C)
    _printf_c                                0x080002bf   Thumb Code     0  _printf_c.o(.ARM.Collect$$_printf_percent$$00000013)
    _printf_s                                0x080002c5   Thumb Code     0  _printf_s.o(.ARM.Collect$$_printf_percent$$00000014)
    _printf_percent_end                      0x080002cb   Thumb Code     0  _printf_percent_end.o(.ARM.Collect$$_printf_percent$$00000017)
    __rt_lib_init                            0x080002cf   Thumb Code     0  libinit.o(.ARM.Collect$$libinit$$00000000)
    __rt_lib_init_fp_1                       0x080002d1   Thumb Code     0  libinit2.o(.ARM.Collect$$libinit$$00000001)
    __rt_lib_init_alloca_1                   0x080002d5   Thumb Code     0  libinit2.o(.ARM.Collect$$libinit$$0000002E)
    __rt_lib_init_argv_1                     0x080002d5   Thumb Code     0  libinit2.o(.ARM.Collect$$libinit$$0000002C)
    __rt_lib_init_atexit_1                   0x080002d5   Thumb Code     0  libinit2.o(.ARM.Collect$$libinit$$0000001B)
    __rt_lib_init_clock_1                    0x080002d5   Thumb Code     0  libinit2.o(.ARM.Collect$$libinit$$00000021)
    __rt_lib_init_cpp_1                      0x080002d5   Thumb Code     0  libinit2.o(.ARM.Collect$$libinit$$00000032)
    __rt_lib_init_exceptions_1               0x080002d5   Thumb Code     0  libinit2.o(.ARM.Collect$$libinit$$00000030)
    __rt_lib_init_fp_trap_1                  0x080002d5   Thumb Code     0  libinit2.o(.ARM.Collect$$libinit$$0000001F)
    __rt_lib_init_getenv_1                   0x080002d5   Thumb Code     0  libinit2.o(.ARM.Collect$$libinit$$00000023)
    __rt_lib_init_heap_1                     0x080002d5   Thumb Code     0  libinit2.o(.ARM.Collect$$libinit$$0000000A)
    __rt_lib_init_lc_collate_1               0x080002d5   Thumb Code     0  libinit2.o(.ARM.Collect$$libinit$$00000011)
    __rt_lib_init_lc_ctype_1                 0x080002d5   Thumb Code     0  libinit2.o(.ARM.Collect$$libinit$$00000013)
    __rt_lib_init_lc_monetary_1              0x080002d5   Thumb Code     0  libinit2.o(.ARM.Collect$$libinit$$00000015)
    __rt_lib_init_lc_numeric_1               0x080002d5   Thumb Code     0  libinit2.o(.ARM.Collect$$libinit$$00000017)
    __rt_lib_init_lc_time_1                  0x080002d5   Thumb Code     0  libinit2.o(.ARM.Collect$$libinit$$00000019)
    __rt_lib_init_preinit_1                  0x080002d5   Thumb Code     0  libinit2.o(.ARM.Collect$$libinit$$00000004)
    __rt_lib_init_rand_1                     0x080002d5   Thumb Code     0  libinit2.o(.ARM.Collect$$libinit$$0000000E)
    __rt_lib_init_return                     0x080002d5   Thumb Code     0  libinit2.o(.ARM.Collect$$libinit$$00000033)
    __rt_lib_init_signal_1                   0x080002d5   Thumb Code     0  libinit2.o(.ARM.Collect$$libinit$$0000001D)
    __rt_lib_init_stdio_1                    0x080002d5   Thumb Code     0  libinit2.o(.ARM.Collect$$libinit$$00000025)
    __rt_lib_init_user_alloc_1               0x080002d5   Thumb Code     0  libinit2.o(.ARM.Collect$$libinit$$0000000C)
    __rt_lib_shutdown                        0x080002d7   Thumb Code     0  libshutdown.o(.ARM.Collect$$libshutdown$$00000000)
    __rt_lib_shutdown_cpp_1                  0x080002d9   Thumb Code     0  libshutdown2.o(.ARM.Collect$$libshutdown$$00000002)
    __rt_lib_shutdown_fp_trap_1              0x080002d9   Thumb Code     0  libshutdown2.o(.ARM.Collect$$libshutdown$$00000007)
    __rt_lib_shutdown_heap_1                 0x080002d9   Thumb Code     0  libshutdown2.o(.ARM.Collect$$libshutdown$$0000000F)
    __rt_lib_shutdown_return                 0x080002d9   Thumb Code     0  libshutdown2.o(.ARM.Collect$$libshutdown$$00000010)
    __rt_lib_shutdown_signal_1               0x080002d9   Thumb Code     0  libshutdown2.o(.ARM.Collect$$libshutdown$$0000000A)
    __rt_lib_shutdown_stdio_1                0x080002d9   Thumb Code     0  libshutdown2.o(.ARM.Collect$$libshutdown$$00000004)
    __rt_lib_shutdown_user_alloc_1           0x080002d9   Thumb Code     0  libshutdown2.o(.ARM.Collect$$libshutdown$$0000000C)
    __rt_entry                               0x080002db   Thumb Code     0  __rtentry.o(.ARM.Collect$$rtentry$$00000000)
    __rt_entry_presh_1                       0x080002db   Thumb Code     0  __rtentry2.o(.ARM.Collect$$rtentry$$00000002)
    __rt_entry_sh                            0x080002db   Thumb Code     0  __rtentry4.o(.ARM.Collect$$rtentry$$00000004)
    __rt_entry_li                            0x080002e1   Thumb Code     0  __rtentry2.o(.ARM.Collect$$rtentry$$0000000A)
    __rt_entry_postsh_1                      0x080002e1   Thumb Code     0  __rtentry2.o(.ARM.Collect$$rtentry$$00000009)
    __rt_entry_main                          0x080002e5   Thumb Code     0  __rtentry2.o(.ARM.Collect$$rtentry$$0000000D)
    __rt_entry_postli_1                      0x080002e5   Thumb Code     0  __rtentry2.o(.ARM.Collect$$rtentry$$0000000C)
    __rt_exit                                0x080002ed   Thumb Code     0  rtexit.o(.ARM.Collect$$rtexit$$00000000)
    __rt_exit_ls                             0x080002ef   Thumb Code     0  rtexit2.o(.ARM.Collect$$rtexit$$00000003)
    __rt_exit_prels_1                        0x080002ef   Thumb Code     0  rtexit2.o(.ARM.Collect$$rtexit$$00000002)
    __rt_exit_exit                           0x080002f3   Thumb Code     0  rtexit2.o(.ARM.Collect$$rtexit$$00000004)
    Reset_Handler                            0x080002f9   Thumb Code     8  startup_stm32f767xx.o(.text)
    MemManage_Handler                        0x08000305   Thumb Code     2  startup_stm32f767xx.o(.text)
    ADC_IRQHandler                           0x08000313   Thumb Code     0  startup_stm32f767xx.o(.text)
    CAN1_RX0_IRQHandler                      0x08000313   Thumb Code     0  startup_stm32f767xx.o(.text)
    CAN1_RX1_IRQHandler                      0x08000313   Thumb Code     0  startup_stm32f767xx.o(.text)
    CAN1_SCE_IRQHandler                      0x08000313   Thumb Code     0  startup_stm32f767xx.o(.text)
    CAN1_TX_IRQHandler                       0x08000313   Thumb Code     0  startup_stm32f767xx.o(.text)
    CAN2_RX0_IRQHandler                      0x08000313   Thumb Code     0  startup_stm32f767xx.o(.text)
    CAN2_RX1_IRQHandler                      0x08000313   Thumb Code     0  startup_stm32f767xx.o(.text)
    CAN2_SCE_IRQHandler                      0x08000313   Thumb Code     0  startup_stm32f767xx.o(.text)
    CAN2_TX_IRQHandler                       0x08000313   Thumb Code     0  startup_stm32f767xx.o(.text)
    CAN3_RX0_IRQHandler                      0x08000313   Thumb Code     0  startup_stm32f767xx.o(.text)
    CAN3_RX1_IRQHandler                      0x08000313   Thumb Code     0  startup_stm32f767xx.o(.text)
    CAN3_SCE_IRQHandler                      0x08000313   Thumb Code     0  startup_stm32f767xx.o(.text)
    CAN3_TX_IRQHandler                       0x08000313   Thumb Code     0  startup_stm32f767xx.o(.text)
    CEC_IRQHandler                           0x08000313   Thumb Code     0  startup_stm32f767xx.o(.text)
    DCMI_IRQHandler                          0x08000313   Thumb Code     0  startup_stm32f767xx.o(.text)
    DFSDM1_FLT0_IRQHandler                   0x08000313   Thumb Code     0  startup_stm32f767xx.o(.text)
    DFSDM1_FLT1_IRQHandler                   0x08000313   Thumb Code     0  startup_stm32f767xx.o(.text)
    DFSDM1_FLT2_IRQHandler                   0x08000313   Thumb Code     0  startup_stm32f767xx.o(.text)
    DFSDM1_FLT3_IRQHandler                   0x08000313   Thumb Code     0  startup_stm32f767xx.o(.text)
    DMA1_Stream0_IRQHandler                  0x08000313   Thumb Code     0  startup_stm32f767xx.o(.text)
    DMA1_Stream1_IRQHandler                  0x08000313   Thumb Code     0  startup_stm32f767xx.o(.text)
    DMA1_Stream2_IRQHandler                  0x08000313   Thumb Code     0  startup_stm32f767xx.o(.text)
    DMA1_Stream3_IRQHandler                  0x08000313   Thumb Code     0  startup_stm32f767xx.o(.text)
    DMA1_Stream4_IRQHandler                  0x08000313   Thumb Code     0  startup_stm32f767xx.o(.text)
    DMA1_Stream5_IRQHandler                  0x08000313   Thumb Code     0  startup_stm32f767xx.o(.text)
    DMA1_Stream6_IRQHandler                  0x08000313   Thumb Code     0  startup_stm32f767xx.o(.text)
    DMA1_Stream7_IRQHandler                  0x08000313   Thumb Code     0  startup_stm32f767xx.o(.text)
    DMA2D_IRQHandler                         0x08000313   Thumb Code     0  startup_stm32f767xx.o(.text)
    DMA2_Stream0_IRQHandler                  0x08000313   Thumb Code     0  startup_stm32f767xx.o(.text)
    DMA2_Stream1_IRQHandler                  0x08000313   Thumb Code     0  startup_stm32f767xx.o(.text)
    DMA2_Stream2_IRQHandler                  0x08000313   Thumb Code     0  startup_stm32f767xx.o(.text)
    DMA2_Stream3_IRQHandler                  0x08000313   Thumb Code     0  startup_stm32f767xx.o(.text)
    DMA2_Stream4_IRQHandler                  0x08000313   Thumb Code     0  startup_stm32f767xx.o(.text)
    DMA2_Stream5_IRQHandler                  0x08000313   Thumb Code     0  startup_stm32f767xx.o(.text)
    DMA2_Stream6_IRQHandler                  0x08000313   Thumb Code     0  startup_stm32f767xx.o(.text)
    DMA2_Stream7_IRQHandler                  0x08000313   Thumb Code     0  startup_stm32f767xx.o(.text)
    ETH_IRQHandler                           0x08000313   Thumb Code     0  startup_stm32f767xx.o(.text)
    ETH_WKUP_IRQHandler                      0x08000313   Thumb Code     0  startup_stm32f767xx.o(.text)
    EXTI0_IRQHandler                         0x08000313   Thumb Code     0  startup_stm32f767xx.o(.text)
    EXTI15_10_IRQHandler                     0x08000313   Thumb Code     0  startup_stm32f767xx.o(.text)
    EXTI1_IRQHandler                         0x08000313   Thumb Code     0  startup_stm32f767xx.o(.text)
    EXTI2_IRQHandler                         0x08000313   Thumb Code     0  startup_stm32f767xx.o(.text)
    EXTI3_IRQHandler                         0x08000313   Thumb Code     0  startup_stm32f767xx.o(.text)
    EXTI4_IRQHandler                         0x08000313   Thumb Code     0  startup_stm32f767xx.o(.text)
    EXTI9_5_IRQHandler                       0x08000313   Thumb Code     0  startup_stm32f767xx.o(.text)
    FLASH_IRQHandler                         0x08000313   Thumb Code     0  startup_stm32f767xx.o(.text)
    FMC_IRQHandler                           0x08000313   Thumb Code     0  startup_stm32f767xx.o(.text)
    FPU_IRQHandler                           0x08000313   Thumb Code     0  startup_stm32f767xx.o(.text)
    I2C1_ER_IRQHandler                       0x08000313   Thumb Code     0  startup_stm32f767xx.o(.text)
    I2C1_EV_IRQHandler                       0x08000313   Thumb Code     0  startup_stm32f767xx.o(.text)
    I2C2_ER_IRQHandler                       0x08000313   Thumb Code     0  startup_stm32f767xx.o(.text)
    I2C2_EV_IRQHandler                       0x08000313   Thumb Code     0  startup_stm32f767xx.o(.text)
    I2C3_ER_IRQHandler                       0x08000313   Thumb Code     0  startup_stm32f767xx.o(.text)
    I2C3_EV_IRQHandler                       0x08000313   Thumb Code     0  startup_stm32f767xx.o(.text)
    I2C4_ER_IRQHandler                       0x08000313   Thumb Code     0  startup_stm32f767xx.o(.text)
    I2C4_EV_IRQHandler                       0x08000313   Thumb Code     0  startup_stm32f767xx.o(.text)
    JPEG_IRQHandler                          0x08000313   Thumb Code     0  startup_stm32f767xx.o(.text)
    LPTIM1_IRQHandler                        0x08000313   Thumb Code     0  startup_stm32f767xx.o(.text)
    LTDC_ER_IRQHandler                       0x08000313   Thumb Code     0  startup_stm32f767xx.o(.text)
    LTDC_IRQHandler                          0x08000313   Thumb Code     0  startup_stm32f767xx.o(.text)
    MDIOS_IRQHandler                         0x08000313   Thumb Code     0  startup_stm32f767xx.o(.text)
    OTG_FS_IRQHandler                        0x08000313   Thumb Code     0  startup_stm32f767xx.o(.text)
    OTG_FS_WKUP_IRQHandler                   0x08000313   Thumb Code     0  startup_stm32f767xx.o(.text)
    OTG_HS_EP1_IN_IRQHandler                 0x08000313   Thumb Code     0  startup_stm32f767xx.o(.text)
    OTG_HS_EP1_OUT_IRQHandler                0x08000313   Thumb Code     0  startup_stm32f767xx.o(.text)
    OTG_HS_IRQHandler                        0x08000313   Thumb Code     0  startup_stm32f767xx.o(.text)
    OTG_HS_WKUP_IRQHandler                   0x08000313   Thumb Code     0  startup_stm32f767xx.o(.text)
    PVD_IRQHandler                           0x08000313   Thumb Code     0  startup_stm32f767xx.o(.text)
    QUADSPI_IRQHandler                       0x08000313   Thumb Code     0  startup_stm32f767xx.o(.text)
    RCC_IRQHandler                           0x08000313   Thumb Code     0  startup_stm32f767xx.o(.text)
    RNG_IRQHandler                           0x08000313   Thumb Code     0  startup_stm32f767xx.o(.text)
    RTC_Alarm_IRQHandler                     0x08000313   Thumb Code     0  startup_stm32f767xx.o(.text)
    RTC_WKUP_IRQHandler                      0x08000313   Thumb Code     0  startup_stm32f767xx.o(.text)
    SAI1_IRQHandler                          0x08000313   Thumb Code     0  startup_stm32f767xx.o(.text)
    SAI2_IRQHandler                          0x08000313   Thumb Code     0  startup_stm32f767xx.o(.text)
    SDMMC1_IRQHandler                        0x08000313   Thumb Code     0  startup_stm32f767xx.o(.text)
    SDMMC2_IRQHandler                        0x08000313   Thumb Code     0  startup_stm32f767xx.o(.text)
    SPDIF_RX_IRQHandler                      0x08000313   Thumb Code     0  startup_stm32f767xx.o(.text)
    SPI1_IRQHandler                          0x08000313   Thumb Code     0  startup_stm32f767xx.o(.text)
    SPI2_IRQHandler                          0x08000313   Thumb Code     0  startup_stm32f767xx.o(.text)
    SPI3_IRQHandler                          0x08000313   Thumb Code     0  startup_stm32f767xx.o(.text)
    SPI4_IRQHandler                          0x08000313   Thumb Code     0  startup_stm32f767xx.o(.text)
    SPI5_IRQHandler                          0x08000313   Thumb Code     0  startup_stm32f767xx.o(.text)
    SPI6_IRQHandler                          0x08000313   Thumb Code     0  startup_stm32f767xx.o(.text)
    TAMP_STAMP_IRQHandler                    0x08000313   Thumb Code     0  startup_stm32f767xx.o(.text)
    TIM1_BRK_TIM9_IRQHandler                 0x08000313   Thumb Code     0  startup_stm32f767xx.o(.text)
    TIM1_CC_IRQHandler                       0x08000313   Thumb Code     0  startup_stm32f767xx.o(.text)
    TIM1_TRG_COM_TIM11_IRQHandler            0x08000313   Thumb Code     0  startup_stm32f767xx.o(.text)
    TIM1_UP_TIM10_IRQHandler                 0x08000313   Thumb Code     0  startup_stm32f767xx.o(.text)
    TIM2_IRQHandler                          0x08000313   Thumb Code     0  startup_stm32f767xx.o(.text)
    TIM3_IRQHandler                          0x08000313   Thumb Code     0  startup_stm32f767xx.o(.text)
    TIM5_IRQHandler                          0x08000313   Thumb Code     0  startup_stm32f767xx.o(.text)
    TIM6_DAC_IRQHandler                      0x08000313   Thumb Code     0  startup_stm32f767xx.o(.text)
    TIM7_IRQHandler                          0x08000313   Thumb Code     0  startup_stm32f767xx.o(.text)
    TIM8_BRK_TIM12_IRQHandler                0x08000313   Thumb Code     0  startup_stm32f767xx.o(.text)
    TIM8_CC_IRQHandler                       0x08000313   Thumb Code     0  startup_stm32f767xx.o(.text)
    TIM8_TRG_COM_TIM14_IRQHandler            0x08000313   Thumb Code     0  startup_stm32f767xx.o(.text)
    TIM8_UP_TIM13_IRQHandler                 0x08000313   Thumb Code     0  startup_stm32f767xx.o(.text)
    UART4_IRQHandler                         0x08000313   Thumb Code     0  startup_stm32f767xx.o(.text)
    UART5_IRQHandler                         0x08000313   Thumb Code     0  startup_stm32f767xx.o(.text)
    UART7_IRQHandler                         0x08000313   Thumb Code     0  startup_stm32f767xx.o(.text)
    UART8_IRQHandler                         0x08000313   Thumb Code     0  startup_stm32f767xx.o(.text)
    USART2_IRQHandler                        0x08000313   Thumb Code     0  startup_stm32f767xx.o(.text)
    USART3_IRQHandler                        0x08000313   Thumb Code     0  startup_stm32f767xx.o(.text)
    USART6_IRQHandler                        0x08000313   Thumb Code     0  startup_stm32f767xx.o(.text)
    WWDG_IRQHandler                          0x08000313   Thumb Code     0  startup_stm32f767xx.o(.text)
    __user_initial_stackheap                 0x08000315   Thumb Code     0  startup_stm32f767xx.o(.text)
    __use_no_semihosting                     0x08000339   Thumb Code     2  use_no_semi_2.o(.text)
    __2printf                                0x0800033d   Thumb Code    20  noretval__2printf.o(.text)
    _printf_pre_padding                      0x08000355   Thumb Code    44  _printf_pad.o(.text)
    _printf_post_padding                     0x08000381   Thumb Code    34  _printf_pad.o(.text)
    _printf_str                              0x080003a3   Thumb Code    82  _printf_str.o(.text)
    _printf_int_dec                          0x080003f5   Thumb Code   104  _printf_dec.o(.text)
    _printf_int_hex                          0x0800046d   Thumb Code    84  _printf_hex_int.o(.text)
    _printf_longlong_hex                     0x0800046d   Thumb Code     0  _printf_hex_int.o(.text)
    __printf                                 0x080004c5   Thumb Code   388  __printf_flags_ss_wp.o(.text)
    __use_two_region_memory                  0x0800064d   Thumb Code     2  heapauxi.o(.text)
    __rt_heap_escrow$2region                 0x0800064f   Thumb Code     2  heapauxi.o(.text)
    __rt_heap_expand$2region                 0x08000651   Thumb Code     2  heapauxi.o(.text)
    __I$use$semihosting                      0x08000653   Thumb Code     0  use_no_semi.o(.text)
    __use_no_semihosting_swi                 0x08000653   Thumb Code     2  use_no_semi.o(.text)
    _printf_int_common                       0x08000655   Thumb Code   178  _printf_intcommon.o(.text)
    _printf_cs_common                        0x08000707   Thumb Code    20  _printf_char.o(.text)
    _printf_char                             0x0800071b   Thumb Code    16  _printf_char.o(.text)
    _printf_string                           0x0800072b   Thumb Code     8  _printf_char.o(.text)
    _printf_char_file                        0x08000735   Thumb Code    32  _printf_char_file.o(.text)
    _printf_char_common                      0x08000763   Thumb Code    32  _printf_char_common.o(.text)
    ferror                                   0x08000789   Thumb Code     8  ferror.o(.text)
    __user_setup_stackheap                   0x08000791   Thumb Code    74  sys_stackheap_outer.o(.text)
    exit                                     0x080007db   Thumb Code    18  exit.o(.text)
    __user_libspace                          0x080007ed   Thumb Code     8  libspace.o(.text)
    __user_perproc_libspace                  0x080007ed   Thumb Code     0  libspace.o(.text)
    __user_perthread_libspace                0x080007ed   Thumb Code     0  libspace.o(.text)
    BusFault_Handler                         0x080007f5   Thumb Code     2  stm32f7xx_it.o(i.BusFault_Handler)
    Cache_Enable                             0x080007f9   Thumb Code   116  sys.o(i.Cache_Enable)
    DebugMon_Handler                         0x08000881   Thumb Code     2  stm32f7xx_it.o(i.DebugMon_Handler)
    FMC_NORSRAM_Extended_Timing_Init         0x08000885   Thumb Code    68  stm32f7xx_ll_fmc.o(i.FMC_NORSRAM_Extended_Timing_Init)
    FMC_NORSRAM_Init                         0x080008cd   Thumb Code   120  stm32f7xx_ll_fmc.o(i.FMC_NORSRAM_Init)
    FMC_NORSRAM_Timing_Init                  0x08000949   Thumb Code    96  stm32f7xx_ll_fmc.o(i.FMC_NORSRAM_Timing_Init)
    FMC_SDRAM_Init                           0x080009ad   Thumb Code    94  stm32f7xx_ll_fmc.o(i.FMC_SDRAM_Init)
    FMC_SDRAM_ProgramRefreshRate             0x08000a0b   Thumb Code    12  stm32f7xx_ll_fmc.o(i.FMC_SDRAM_ProgramRefreshRate)
    FMC_SDRAM_SendCommand                    0x08000a17   Thumb Code    82  stm32f7xx_ll_fmc.o(i.FMC_SDRAM_SendCommand)
    FMC_SDRAM_Timing_Init                    0x08000a69   Thumb Code   146  stm32f7xx_ll_fmc.o(i.FMC_SDRAM_Timing_Init)
    HAL_DMA_Abort_IT                         0x08000afb   Thumb Code    36  stm32f7xx_hal_dma.o(i.HAL_DMA_Abort_IT)
    HAL_GPIO_Init                            0x08000b21   Thumb Code   544  stm32f7xx_hal_gpio.o(i.HAL_GPIO_Init)
    HAL_GPIO_ReadPin                         0x08000d51   Thumb Code    10  stm32f7xx_hal_gpio.o(i.HAL_GPIO_ReadPin)
    HAL_GPIO_TogglePin                       0x08000d5b   Thumb Code     8  stm32f7xx_hal_gpio.o(i.HAL_GPIO_TogglePin)
    HAL_GPIO_WritePin                        0x08000d63   Thumb Code    10  stm32f7xx_hal_gpio.o(i.HAL_GPIO_WritePin)
    HAL_GetTick                              0x08000d6d   Thumb Code     6  stm32f7xx_hal.o(i.HAL_GetTick)
    HAL_IncTick                              0x08000d79   Thumb Code    10  stm32f7xx_hal.o(i.HAL_IncTick)
    HAL_Init                                 0x08000d89   Thumb Code    32  stm32f7xx_hal.o(i.HAL_Init)
    HAL_InitTick                             0x08000dad   Thumb Code    34  stm32f7xx_hal.o(i.HAL_InitTick)
    HAL_LTDC_ConfigLayer                     0x08000dd5   Thumb Code    88  stm32f7xx_hal_ltdc.o(i.HAL_LTDC_ConfigLayer)
    HAL_LTDC_Init                            0x08000e2d   Thumb Code   262  stm32f7xx_hal_ltdc.o(i.HAL_LTDC_Init)
    HAL_LTDC_MspInit                         0x08000f39   Thumb Code   216  ltdc.o(i.HAL_LTDC_MspInit)
    HAL_LTDC_SetWindowPosition               0x0800102d   Thumb Code    88  stm32f7xx_hal_ltdc.o(i.HAL_LTDC_SetWindowPosition)
    HAL_LTDC_SetWindowSize                   0x08001085   Thumb Code    84  stm32f7xx_hal_ltdc.o(i.HAL_LTDC_SetWindowSize)
    HAL_MPU_ConfigRegion                     0x080010d9   Thumb Code    80  stm32f7xx_hal_cortex.o(i.HAL_MPU_ConfigRegion)
    HAL_MspInit                              0x0800112d   Thumb Code     2  stm32f7xx_hal.o(i.HAL_MspInit)
    HAL_NVIC_EnableIRQ                       0x0800112f   Thumb Code    24  stm32f7xx_hal_cortex.o(i.HAL_NVIC_EnableIRQ)
    HAL_NVIC_SetPriority                     0x08001149   Thumb Code    94  stm32f7xx_hal_cortex.o(i.HAL_NVIC_SetPriority)
    HAL_NVIC_SetPriorityGrouping             0x080011ad   Thumb Code    30  stm32f7xx_hal_cortex.o(i.HAL_NVIC_SetPriorityGrouping)
    HAL_PWREx_EnableOverDrive                0x080011d1   Thumb Code   114  stm32f7xx_hal_pwr_ex.o(i.HAL_PWREx_EnableOverDrive)
    HAL_RCCEx_PeriphCLKConfig                0x0800124d   Thumb Code  1872  stm32f7xx_hal_rcc_ex.o(i.HAL_RCCEx_PeriphCLKConfig)
    HAL_RCC_ClockConfig                      0x080019a5   Thumb Code   368  stm32f7xx_hal_rcc.o(i.HAL_RCC_ClockConfig)
    HAL_RCC_GetPCLK1Freq                     0x08001b29   Thumb Code    34  stm32f7xx_hal_rcc.o(i.HAL_RCC_GetPCLK1Freq)
    HAL_RCC_GetPCLK2Freq                     0x08001b59   Thumb Code    34  stm32f7xx_hal_rcc.o(i.HAL_RCC_GetPCLK2Freq)
    HAL_RCC_GetSysClockFreq                  0x08001b89   Thumb Code   136  stm32f7xx_hal_rcc.o(i.HAL_RCC_GetSysClockFreq)
    HAL_RCC_OscConfig                        0x08001c21   Thumb Code   942  stm32f7xx_hal_rcc_ex.o(i.HAL_RCC_OscConfig)
    HAL_SDRAM_Init                           0x08001fe5   Thumb Code    66  stm32f7xx_hal_sdram.o(i.HAL_SDRAM_Init)
    HAL_SDRAM_MspInit                        0x08002029   Thumb Code   196  sdram.o(i.HAL_SDRAM_MspInit)
    HAL_SDRAM_ProgramRefreshRate             0x08002109   Thumb Code    36  stm32f7xx_hal_sdram.o(i.HAL_SDRAM_ProgramRefreshRate)
    HAL_SDRAM_SendCommand                    0x0800212d   Thumb Code    46  stm32f7xx_hal_sdram.o(i.HAL_SDRAM_SendCommand)
    HAL_SPI_Init                             0x0800215b   Thumb Code   196  stm32f7xx_hal_spi.o(i.HAL_SPI_Init)
    HAL_SPI_MspInit                          0x08002221   Thumb Code    76  spi.o(i.HAL_SPI_MspInit)
    HAL_SPI_TransmitReceive                  0x08002279   Thumb Code   760  stm32f7xx_hal_spi.o(i.HAL_SPI_TransmitReceive)
    HAL_SRAM_Init                            0x08002571   Thumb Code    86  stm32f7xx_hal_sram.o(i.HAL_SRAM_Init)
    HAL_SRAM_MspInit                         0x080025c9   Thumb Code   108  lcd.o(i.HAL_SRAM_MspInit)
    HAL_SYSTICK_CLKSourceConfig              0x08002645   Thumb Code    22  stm32f7xx_hal_cortex.o(i.HAL_SYSTICK_CLKSourceConfig)
    HAL_SYSTICK_Config                       0x0800265d   Thumb Code    38  stm32f7xx_hal_cortex.o(i.HAL_SYSTICK_Config)
    HAL_TIM_Base_Init                        0x08002689   Thumb Code    50  stm32f7xx_hal_tim.o(i.HAL_TIM_Base_Init)
    HAL_TIM_Base_MspInit                     0x080026bb   Thumb Code     2  stm32f7xx_hal_tim.o(i.HAL_TIM_Base_MspInit)
    HAL_TIM_Base_Start_IT                    0x080026bd   Thumb Code    24  stm32f7xx_hal_tim.o(i.HAL_TIM_Base_Start_IT)
    HAL_UART_ErrorCallback                   0x080026d5   Thumb Code     2  stm32f7xx_hal_uart.o(i.HAL_UART_ErrorCallback)
    HAL_UART_IRQHandler                      0x080026d9   Thumb Code   448  stm32f7xx_hal_uart.o(i.HAL_UART_IRQHandler)
    HAL_UART_Init                            0x0800289d   Thumb Code   110  stm32f7xx_hal_uart.o(i.HAL_UART_Init)
    HAL_UART_MspInit                         0x0800290d   Thumb Code   130  usart.o(i.HAL_UART_MspInit)
    HAL_UART_Receive                         0x0800299d   Thumb Code   240  stm32f7xx_hal_uart.o(i.HAL_UART_Receive)
    HAL_UART_RxCpltCallback                  0x08002a8d   Thumb Code     2  stm32f7xx_hal_uart.o(i.HAL_UART_RxCpltCallback)
    HAL_UART_TxCpltCallback                  0x08002a8f   Thumb Code     2  stm32f7xx_hal_uart.o(i.HAL_UART_TxCpltCallback)
    HardFault_Handler                        0x08002a91   Thumb Code     2  stm32f7xx_it.o(i.HardFault_Handler)
    KEY_Init                                 0x08002a95   Thumb Code   112  key.o(i.KEY_Init)
    KEY_Scan                                 0x08002b15   Thumb Code   216  key.o(i.KEY_Scan)
    LCD_Clear                                0x08002bfd   Thumb Code    72  lcd.o(i.LCD_Clear)
    LCD_Display_Dir                          0x08002c55   Thumb Code   252  lcd.o(i.LCD_Display_Dir)
    LCD_DrawLine                             0x08002d59   Thumb Code   188  lcd.o(i.LCD_DrawLine)
    LCD_DrawRectangle                        0x08002e29   Thumb Code    58  lcd.o(i.LCD_DrawRectangle)
    LCD_Draw_Circle                          0x08002e65   Thumb Code   458  lcd.o(i.LCD_Draw_Circle)
    LCD_Fast_DrawPoint                       0x08003045   Thumb Code   594  lcd.o(i.LCD_Fast_DrawPoint)
    LCD_Fill                                 0x080032a5   Thumb Code   108  lcd.o(i.LCD_Fill)
    LCD_Init                                 0x0800331d   Thumb Code 18974  lcd.o(i.LCD_Init)
    LCD_MPU_Config                           0x08007d55   Thumb Code   100  lcd.o(i.LCD_MPU_Config)
    LCD_ReadPoint                            0x08007dc1   Thumb Code   196  lcd.o(i.LCD_ReadPoint)
    LCD_SSD_BackLightSet                     0x08007e99   Thumb Code   170  lcd.o(i.LCD_SSD_BackLightSet)
    LCD_Scan_Dir                             0x08007f59   Thumb Code   786  lcd.o(i.LCD_Scan_Dir)
    LCD_SetCursor                            0x08008275   Thumb Code   692  lcd.o(i.LCD_SetCursor)
    LCD_ShowChar                             0x08008531   Thumb Code   272  lcd.o(i.LCD_ShowChar)
    LCD_ShowNum                              0x0800864d   Thumb Code   158  lcd.o(i.LCD_ShowNum)
    LCD_ShowString                           0x080086f1   Thumb Code    98  lcd.o(i.LCD_ShowString)
    LCD_ShowxNum                             0x08008755   Thumb Code   180  lcd.o(i.LCD_ShowxNum)
    LED_Init                                 0x0800880d   Thumb Code    68  led.o(i.LED_Init)
    LTDC_Clear                               0x08008859   Thumb Code    28  ltdc.o(i.LTDC_Clear)
    LTDC_Display_Dir                         0x08008879   Thumb Code    34  ltdc.o(i.LTDC_Display_Dir)
    LTDC_Draw_Point                          0x080088a1   Thumb Code    58  ltdc.o(i.LTDC_Draw_Point)
    LTDC_Fill                                0x080088e5   Thumb Code   166  ltdc.o(i.LTDC_Fill)
    LTDC_Init                                0x0800899d   Thumb Code   464  ltdc.o(i.LTDC_Init)
    LTDC_Layer_Parameter_Config              0x08008b89   Thumb Code    86  ltdc.o(i.LTDC_Layer_Parameter_Config)
    LTDC_Layer_Switch                        0x08008be9   Thumb Code    48  ltdc.o(i.LTDC_Layer_Switch)
    LTDC_Layer_Window_Config                 0x08008c1d   Thumb Code    32  ltdc.o(i.LTDC_Layer_Window_Config)
    LTDC_PanelID_Read                        0x08008c41   Thumb Code   176  ltdc.o(i.LTDC_PanelID_Read)
    LTDC_Read_Point                          0x08008cfd   Thumb Code    56  ltdc.o(i.LTDC_Read_Point)
    LTDC_Select_Layer                        0x08008d3d   Thumb Code     6  ltdc.o(i.LTDC_Select_Layer)
    LTDC_Switch                              0x08008f0d   Thumb Code    32  ltdc.o(i.LTDC_Switch)
    NMI_Handler                              0x08008f31   Thumb Code     2  stm32f7xx_it.o(i.NMI_Handler)
    NRF24L01_Check                           0x08008f35   Thumb Code   112  24l01.o(i.NRF24L01_Check)
    NRF24L01_Init                            0x08008fb1   Thumb Code   140  24l01.o(i.NRF24L01_Init)
    NRF24L01_RX_Mode                         0x0800904d   Thumb Code    88  24l01.o(i.NRF24L01_RX_Mode)
    NRF24L01_RxPacket                        0x080090ad   Thumb Code   134  24l01.o(i.NRF24L01_RxPacket)
    NRF24L01_TX_Mode                         0x08009139   Thumb Code    98  24l01.o(i.NRF24L01_TX_Mode)
    NRF24L01_TxPacket                        0x080091a9   Thumb Code   136  24l01.o(i.NRF24L01_TxPacket)
    NRF24L01_Write_Buf                       0x08009239   Thumb Code    70  24l01.o(i.NRF24L01_Write_Buf)
    NRF24L01_Write_Reg                       0x08009285   Thumb Code    48  24l01.o(i.NRF24L01_Write_Reg)
    PendSV_Handler                           0x080092b9   Thumb Code     2  stm32f7xx_it.o(i.PendSV_Handler)
    SDRAM_Init                               0x080092bd   Thumb Code   152  sdram.o(i.SDRAM_Init)
    SDRAM_Send_Cmd                           0x0800935d   Thumb Code    60  sdram.o(i.SDRAM_Send_Cmd)
    SPI2_Init                                0x0800939d   Thumb Code    96  spi.o(i.SPI2_Init)
    SPI2_ReadWriteByte                       0x08009405   Thumb Code    32  spi.o(i.SPI2_ReadWriteByte)
    SPI2_SetSpeed                            0x08009429   Thumb Code    46  spi.o(i.SPI2_SetSpeed)
    SVC_Handler                              0x080095e7   Thumb Code     2  stm32f7xx_it.o(i.SVC_Handler)
    Stm32_Clock_Init                         0x080095e9   Thumb Code   152  sys.o(i.Stm32_Clock_Init)
    SysTick_Handler                          0x08009689   Thumb Code     4  stm32f7xx_it.o(i.SysTick_Handler)
    SystemInit                               0x0800968d   Thumb Code    64  system_stm32f7xx.o(i.SystemInit)
    TIM4_IRQHandler                          0x080096e5   Thumb Code    44  usmart.o(i.TIM4_IRQHandler)
    TIM_Base_SetConfig                       0x08009719   Thumb Code   176  stm32f7xx_hal_tim.o(i.TIM_Base_SetConfig)
    UART_AdvFeatureConfig                    0x080097dd   Thumb Code   218  stm32f7xx_hal_uart.o(i.UART_AdvFeatureConfig)
    UART_CheckIdleState                      0x080098b7   Thumb Code    96  stm32f7xx_hal_uart.o(i.UART_CheckIdleState)
    UART_SetConfig                           0x080099a9   Thumb Code   636  stm32f7xx_hal_uart.o(i.UART_SetConfig)
    UART_WaitOnFlagUntilTimeout              0x08009c35   Thumb Code   116  stm32f7xx_hal_uart.o(i.UART_WaitOnFlagUntilTimeout)
    USART1_IRQHandler                        0x08009ca9   Thumb Code   108  usart.o(i.USART1_IRQHandler)
    UsageFault_Handler                       0x08009d21   Thumb Code     2  stm32f7xx_it.o(i.UsageFault_Handler)
    _is_digit                                0x08009d23   Thumb Code    14  __printf_wp.o(i._is_digit)
    _sys_exit                                0x08009d31   Thumb Code     2  usart.o(i._sys_exit)
    delay_init                               0x08009d35   Thumb Code    16  delay.o(i.delay_init)
    delay_ms                                 0x08009d49   Thumb Code    70  delay.o(i.delay_ms)
    delay_us                                 0x08009d95   Thumb Code    46  delay.o(i.delay_us)
    fputc                                    0x08009dc9   Thumb Code    16  usart.o(i.fputc)
    main                                     0x08009ddd   Thumb Code   616  main.o(i.main)
    read_addr                                0x0800a121   Thumb Code     4  usmart.o(i.read_addr)
    uart_init                                0x0800a125   Thumb Code    28  usart.o(i.uart_init)
    usmart_cmd_rec                           0x0800a149   Thumb Code   170  usmart.o(i.usmart_cmd_rec)
    usmart_exe                               0x0800a1f9   Thumb Code   592  usmart.o(i.usmart_exe)
    usmart_get_aparm                         0x0800a4b1   Thumb Code   174  usmart_str.o(i.usmart_get_aparm)
    usmart_get_cmdname                       0x0800a55f   Thumb Code    70  usmart_str.o(i.usmart_get_cmdname)
    usmart_get_fname                         0x0800a5a5   Thumb Code   424  usmart_str.o(i.usmart_get_fname)
    usmart_get_fparam                        0x0800a755   Thumb Code   294  usmart_str.o(i.usmart_get_fparam)
    usmart_get_parmpos                       0x0800a881   Thumb Code    36  usmart_str.o(i.usmart_get_parmpos)
    usmart_init                              0x0800a8a9   Thumb Code    92  usmart.o(i.usmart_init)
    usmart_scan                              0x0800a915   Thumb Code   102  usmart.o(i.usmart_scan)
    usmart_str2num                           0x0800a9c1   Thumb Code   248  usmart_str.o(i.usmart_str2num)
    usmart_strcmp                            0x0800aab9   Thumb Code    26  usmart_str.o(i.usmart_strcmp)
    usmart_sys_cmd_exe                       0x0800aad5   Thumb Code  1484  usmart.o(i.usmart_sys_cmd_exe)
    write_addr                               0x0800b16d   Thumb Code     4  usmart.o(i.write_addr)
    _fp_init                                 0x0800b171   Thumb Code    10  fpinit.o(x$fpl$fpinit)
    __fplib_config_fpu_vfp                   0x0800b179   Thumb Code     0  fpinit.o(x$fpl$fpinit)
    __fplib_config_pureend_doubles           0x0800b179   Thumb Code     0  fpinit.o(x$fpl$fpinit)
    AHBPrescTable                            0x0800b17a   Data          16  system_stm32f7xx.o(.constdata)
    APBPrescTable                            0x0800b18a   Data           8  system_stm32f7xx.o(.constdata)
    asc2_1206                                0x0800b192   Data        1140  lcd.o(.constdata)
    asc2_1608                                0x0800b606   Data        1520  lcd.o(.constdata)
    asc2_2412                                0x0800bbf6   Data        3420  lcd.o(.constdata)
    asc2_3216                                0x0800c952   Data       12160  lcd.o(.constdata)
    TX_ADDRESS                               0x0800f8d2   Data           5  24l01.o(.constdata)
    RX_ADDRESS                               0x0800f8d7   Data           5  24l01.o(.constdata)
    Region$$Table$$Base                      0x0800fd3c   Number         0  anon$$obj.o(Region$$Table)
    Region$$Table$$Limit                     0x0800fd5c   Number         0  anon$$obj.o(Region$$Table)
    SystemCoreClock                          0x20020000   Data           4  system_stm32f7xx.o(.data)
    uwTick                                   0x20020004   Data           4  stm32f7xx_hal.o(.data)
    USART_RX_STA                             0x2002000c   Data           2  usart.o(.data)
    __stdout                                 0x20020010   Data           4  usart.o(.data)
    POINT_COLOR                              0x20020018   Data           4  lcd.o(.data)
    BACK_COLOR                               0x2002001c   Data           4  lcd.o(.data)
    ltdc_framebuf                            0x20020020   Data           8  ltdc.o(.data)
    sys_cmd_tab                              0x20020028   Data          28  usmart.o(.data)
    usmart_nametab                           0x20020044   Data         192  usmart_config.o(.data)
    usmart_dev                               0x20020104   Data         244  usmart_config.o(.data)
    USART_RX_BUF                             0x200201f8   Data         200  usart.o(.bss)
    UART1_Handler                            0x200202c0   Data         112  usart.o(.bss)
    SDRAM_Handler                            0x20020330   Data          52  sdram.o(.bss)
    SRAM_Handler                             0x20020364   Data          76  lcd.o(.bss)
    lcddev                                   0x200203b0   Data          14  lcd.o(.bss)
    LTDC_Handler                             0x200203c0   Data         168  ltdc.o(.bss)
    lcdltdc                                  0x20020468   Data          32  ltdc.o(.bss)
    SPI2_Handler                             0x20020488   Data         100  spi.o(.bss)
    TIM4_Handler                             0x200204ec   Data          60  usmart.o(.bss)
    __libspace_start                         0x20020528   Data          96  libspace.o(.bss)
    __temporary_stack_top$libspace           0x20020588   Data           0  libspace.o(.bss)
    ltdc_lcd_framebuf                        0xc0000000   Data       2048000  ltdc.o(.ARM.__AT_0xC0000000)



==============================================================================

Memory Map of the image

  Image Entry point : 0x080001f9

  Load Region LR_IROM1 (Base: 0x08000000, Size: 0x0000ff54, Max: 0x00100000, ABSOLUTE, COMPRESSED[0x0000fe34])

    Execution Region ER_IROM1 (Base: 0x08000000, Size: 0x0000fd5c, Max: 0x00100000, ABSOLUTE)

    Base Addr    Size         Type   Attr      Idx    E Section Name        Object

    0x08000000   0x000001f8   Data   RO          516    RESET               startup_stm32f767xx.o
    0x080001f8   0x00000008   Code   RO         4719  * !!!main             c_w.l(__main.o)
    0x08000200   0x00000034   Code   RO         4891    !!!scatter          c_w.l(__scatter.o)
    0x08000234   0x0000005a   Code   RO         4889    !!dczerorl2         c_w.l(__dczerorl2.o)
    0x0800028e   0x00000002   PAD
    0x08000290   0x0000001c   Code   RO         4893    !!handler_zi        c_w.l(__scatter_zi.o)
    0x080002ac   0x00000000   Code   RO         4716    .ARM.Collect$$_printf_percent$$00000000  c_w.l(_printf_percent.o)
    0x080002ac   0x00000006   Code   RO         4714    .ARM.Collect$$_printf_percent$$00000009  c_w.l(_printf_d.o)
    0x080002b2   0x00000006   Code   RO         4715    .ARM.Collect$$_printf_percent$$0000000A  c_w.l(_printf_u.o)
    0x080002b8   0x00000006   Code   RO         4713    .ARM.Collect$$_printf_percent$$0000000C  c_w.l(_printf_x.o)
    0x080002be   0x00000006   Code   RO         4711    .ARM.Collect$$_printf_percent$$00000013  c_w.l(_printf_c.o)
    0x080002c4   0x00000006   Code   RO         4712    .ARM.Collect$$_printf_percent$$00000014  c_w.l(_printf_s.o)
    0x080002ca   0x00000004   Code   RO         4730    .ARM.Collect$$_printf_percent$$00000017  c_w.l(_printf_percent_end.o)
    0x080002ce   0x00000002   Code   RO         4763    .ARM.Collect$$libinit$$00000000  c_w.l(libinit.o)
    0x080002d0   0x00000004   Code   RO         4769    .ARM.Collect$$libinit$$00000001  c_w.l(libinit2.o)
    0x080002d4   0x00000000   Code   RO         4772    .ARM.Collect$$libinit$$00000004  c_w.l(libinit2.o)
    0x080002d4   0x00000000   Code   RO         4775    .ARM.Collect$$libinit$$0000000A  c_w.l(libinit2.o)
    0x080002d4   0x00000000   Code   RO         4777    .ARM.Collect$$libinit$$0000000C  c_w.l(libinit2.o)
    0x080002d4   0x00000000   Code   RO         4779    .ARM.Collect$$libinit$$0000000E  c_w.l(libinit2.o)
    0x080002d4   0x00000000   Code   RO         4782    .ARM.Collect$$libinit$$00000011  c_w.l(libinit2.o)
    0x080002d4   0x00000000   Code   RO         4784    .ARM.Collect$$libinit$$00000013  c_w.l(libinit2.o)
    0x080002d4   0x00000000   Code   RO         4786    .ARM.Collect$$libinit$$00000015  c_w.l(libinit2.o)
    0x080002d4   0x00000000   Code   RO         4788    .ARM.Collect$$libinit$$00000017  c_w.l(libinit2.o)
    0x080002d4   0x00000000   Code   RO         4790    .ARM.Collect$$libinit$$00000019  c_w.l(libinit2.o)
    0x080002d4   0x00000000   Code   RO         4792    .ARM.Collect$$libinit$$0000001B  c_w.l(libinit2.o)
    0x080002d4   0x00000000   Code   RO         4794    .ARM.Collect$$libinit$$0000001D  c_w.l(libinit2.o)
    0x080002d4   0x00000000   Code   RO         4796    .ARM.Collect$$libinit$$0000001F  c_w.l(libinit2.o)
    0x080002d4   0x00000000   Code   RO         4798    .ARM.Collect$$libinit$$00000021  c_w.l(libinit2.o)
    0x080002d4   0x00000000   Code   RO         4800    .ARM.Collect$$libinit$$00000023  c_w.l(libinit2.o)
    0x080002d4   0x00000000   Code   RO         4802    .ARM.Collect$$libinit$$00000025  c_w.l(libinit2.o)
    0x080002d4   0x00000000   Code   RO         4806    .ARM.Collect$$libinit$$0000002C  c_w.l(libinit2.o)
    0x080002d4   0x00000000   Code   RO         4808    .ARM.Collect$$libinit$$0000002E  c_w.l(libinit2.o)
    0x080002d4   0x00000000   Code   RO         4810    .ARM.Collect$$libinit$$00000030  c_w.l(libinit2.o)
    0x080002d4   0x00000000   Code   RO         4812    .ARM.Collect$$libinit$$00000032  c_w.l(libinit2.o)
    0x080002d4   0x00000002   Code   RO         4813    .ARM.Collect$$libinit$$00000033  c_w.l(libinit2.o)
    0x080002d6   0x00000002   Code   RO         4831    .ARM.Collect$$libshutdown$$00000000  c_w.l(libshutdown.o)
    0x080002d8   0x00000000   Code   RO         4841    .ARM.Collect$$libshutdown$$00000002  c_w.l(libshutdown2.o)
    0x080002d8   0x00000000   Code   RO         4843    .ARM.Collect$$libshutdown$$00000004  c_w.l(libshutdown2.o)
    0x080002d8   0x00000000   Code   RO         4846    .ARM.Collect$$libshutdown$$00000007  c_w.l(libshutdown2.o)
    0x080002d8   0x00000000   Code   RO         4849    .ARM.Collect$$libshutdown$$0000000A  c_w.l(libshutdown2.o)
    0x080002d8   0x00000000   Code   RO         4851    .ARM.Collect$$libshutdown$$0000000C  c_w.l(libshutdown2.o)
    0x080002d8   0x00000000   Code   RO         4854    .ARM.Collect$$libshutdown$$0000000F  c_w.l(libshutdown2.o)
    0x080002d8   0x00000002   Code   RO         4855    .ARM.Collect$$libshutdown$$00000010  c_w.l(libshutdown2.o)
    0x080002da   0x00000000   Code   RO         4723    .ARM.Collect$$rtentry$$00000000  c_w.l(__rtentry.o)
    0x080002da   0x00000000   Code   RO         4732    .ARM.Collect$$rtentry$$00000002  c_w.l(__rtentry2.o)
    0x080002da   0x00000006   Code   RO         4744    .ARM.Collect$$rtentry$$00000004  c_w.l(__rtentry4.o)
    0x080002e0   0x00000000   Code   RO         4734    .ARM.Collect$$rtentry$$00000009  c_w.l(__rtentry2.o)
    0x080002e0   0x00000004   Code   RO         4735    .ARM.Collect$$rtentry$$0000000A  c_w.l(__rtentry2.o)
    0x080002e4   0x00000000   Code   RO         4737    .ARM.Collect$$rtentry$$0000000C  c_w.l(__rtentry2.o)
    0x080002e4   0x00000008   Code   RO         4738    .ARM.Collect$$rtentry$$0000000D  c_w.l(__rtentry2.o)
    0x080002ec   0x00000002   Code   RO         4767    .ARM.Collect$$rtexit$$00000000  c_w.l(rtexit.o)
    0x080002ee   0x00000000   Code   RO         4815    .ARM.Collect$$rtexit$$00000002  c_w.l(rtexit2.o)
    0x080002ee   0x00000004   Code   RO         4816    .ARM.Collect$$rtexit$$00000003  c_w.l(rtexit2.o)
    0x080002f2   0x00000006   Code   RO         4817    .ARM.Collect$$rtexit$$00000004  c_w.l(rtexit2.o)
    0x080002f8   0x00000040   Code   RO          517    .text               startup_stm32f767xx.o
    0x08000338   0x00000002   Code   RO         4656    .text               c_w.l(use_no_semi_2.o)
    0x0800033a   0x00000002   PAD
    0x0800033c   0x00000018   Code   RO         4660    .text               c_w.l(noretval__2printf.o)
    0x08000354   0x0000004e   Code   RO         4664    .text               c_w.l(_printf_pad.o)
    0x080003a2   0x00000052   Code   RO         4666    .text               c_w.l(_printf_str.o)
    0x080003f4   0x00000078   Code   RO         4668    .text               c_w.l(_printf_dec.o)
    0x0800046c   0x00000058   Code   RO         4673    .text               c_w.l(_printf_hex_int.o)
    0x080004c4   0x00000188   Code   RO         4708    .text               c_w.l(__printf_flags_ss_wp.o)
    0x0800064c   0x00000006   Code   RO         4717    .text               c_w.l(heapauxi.o)
    0x08000652   0x00000002   Code   RO         4721    .text               c_w.l(use_no_semi.o)
    0x08000654   0x000000b2   Code   RO         4724    .text               c_w.l(_printf_intcommon.o)
    0x08000706   0x0000002c   Code   RO         4726    .text               c_w.l(_printf_char.o)
    0x08000732   0x00000002   PAD
    0x08000734   0x00000024   Code   RO         4728    .text               c_w.l(_printf_char_file.o)
    0x08000758   0x00000030   Code   RO         4746    .text               c_w.l(_printf_char_common.o)
    0x08000788   0x00000008   Code   RO         4748    .text               c_w.l(ferror.o)
    0x08000790   0x0000004a   Code   RO         4752    .text               c_w.l(sys_stackheap_outer.o)
    0x080007da   0x00000012   Code   RO         4756    .text               c_w.l(exit.o)
    0x080007ec   0x00000008   Code   RO         4764    .text               c_w.l(libspace.o)
    0x080007f4   0x00000002   Code   RO          286    i.BusFault_Handler  stm32f7xx_it.o
    0x080007f6   0x00000002   PAD
    0x080007f8   0x00000088   Code   RO         3764    i.Cache_Enable      sys.o
    0x08000880   0x00000002   Code   RO          287    i.DebugMon_Handler  stm32f7xx_it.o
    0x08000882   0x00000002   PAD
    0x08000884   0x00000048   Code   RO         2728    i.FMC_NORSRAM_Extended_Timing_Init  stm32f7xx_ll_fmc.o
    0x080008cc   0x0000007c   Code   RO         2729    i.FMC_NORSRAM_Init  stm32f7xx_ll_fmc.o
    0x08000948   0x00000064   Code   RO         2730    i.FMC_NORSRAM_Timing_Init  stm32f7xx_ll_fmc.o
    0x080009ac   0x0000005e   Code   RO         2735    i.FMC_SDRAM_Init    stm32f7xx_ll_fmc.o
    0x08000a0a   0x0000000c   Code   RO         2736    i.FMC_SDRAM_ProgramRefreshRate  stm32f7xx_ll_fmc.o
    0x08000a16   0x00000052   Code   RO         2737    i.FMC_SDRAM_SendCommand  stm32f7xx_ll_fmc.o
    0x08000a68   0x00000092   Code   RO         2739    i.FMC_SDRAM_Timing_Init  stm32f7xx_ll_fmc.o
    0x08000afa   0x00000024   Code   RO          814    i.HAL_DMA_Abort_IT  stm32f7xx_hal_dma.o
    0x08000b1e   0x00000002   PAD
    0x08000b20   0x00000230   Code   RO          943    i.HAL_GPIO_Init     stm32f7xx_hal_gpio.o
    0x08000d50   0x0000000a   Code   RO          945    i.HAL_GPIO_ReadPin  stm32f7xx_hal_gpio.o
    0x08000d5a   0x00000008   Code   RO          946    i.HAL_GPIO_TogglePin  stm32f7xx_hal_gpio.o
    0x08000d62   0x0000000a   Code   RO          947    i.HAL_GPIO_WritePin  stm32f7xx_hal_gpio.o
    0x08000d6c   0x0000000c   Code   RO          541    i.HAL_GetTick       stm32f7xx_hal.o
    0x08000d78   0x00000010   Code   RO          542    i.HAL_IncTick       stm32f7xx_hal.o
    0x08000d88   0x00000024   Code   RO          543    i.HAL_Init          stm32f7xx_hal.o
    0x08000dac   0x00000028   Code   RO          544    i.HAL_InitTick      stm32f7xx_hal.o
    0x08000dd4   0x00000058   Code   RO         3149    i.HAL_LTDC_ConfigLayer  stm32f7xx_hal_ltdc.o
    0x08000e2c   0x0000010c   Code   RO         3166    i.HAL_LTDC_Init     stm32f7xx_hal_ltdc.o
    0x08000f38   0x000000f4   Code   RO         4212    i.HAL_LTDC_MspInit  ltdc.o
    0x0800102c   0x00000058   Code   RO         3181    i.HAL_LTDC_SetWindowPosition  stm32f7xx_hal_ltdc.o
    0x08001084   0x00000054   Code   RO         3183    i.HAL_LTDC_SetWindowSize  stm32f7xx_hal_ltdc.o
    0x080010d8   0x00000054   Code   RO          695    i.HAL_MPU_ConfigRegion  stm32f7xx_hal_cortex.o
    0x0800112c   0x00000002   Code   RO          546    i.HAL_MspInit       stm32f7xx_hal.o
    0x0800112e   0x00000018   Code   RO          698    i.HAL_NVIC_EnableIRQ  stm32f7xx_hal_cortex.o
    0x08001146   0x00000002   PAD
    0x08001148   0x00000064   Code   RO          704    i.HAL_NVIC_SetPriority  stm32f7xx_hal_cortex.o
    0x080011ac   0x00000024   Code   RO          705    i.HAL_NVIC_SetPriorityGrouping  stm32f7xx_hal_cortex.o
    0x080011d0   0x0000007c   Code   RO         1136    i.HAL_PWREx_EnableOverDrive  stm32f7xx_hal_pwr_ex.o
    0x0800124c   0x00000758   Code   RO         1325    i.HAL_RCCEx_PeriphCLKConfig  stm32f7xx_hal_rcc_ex.o
    0x080019a4   0x00000184   Code   RO         1223    i.HAL_RCC_ClockConfig  stm32f7xx_hal_rcc.o
    0x08001b28   0x00000030   Code   RO         1230    i.HAL_RCC_GetPCLK1Freq  stm32f7xx_hal_rcc.o
    0x08001b58   0x00000030   Code   RO         1231    i.HAL_RCC_GetPCLK2Freq  stm32f7xx_hal_rcc.o
    0x08001b88   0x00000098   Code   RO         1232    i.HAL_RCC_GetSysClockFreq  stm32f7xx_hal_rcc.o
    0x08001c20   0x000003c4   Code   RO         1326    i.HAL_RCC_OscConfig  stm32f7xx_hal_rcc_ex.o
    0x08001fe4   0x00000042   Code   RO         2996    i.HAL_SDRAM_Init    stm32f7xx_hal_sdram.o
    0x08002026   0x00000002   PAD
    0x08002028   0x000000e0   Code   RO         3931    i.HAL_SDRAM_MspInit  sdram.o
    0x08002108   0x00000024   Code   RO         2999    i.HAL_SDRAM_ProgramRefreshRate  stm32f7xx_hal_sdram.o
    0x0800212c   0x0000002e   Code   RO         3005    i.HAL_SDRAM_SendCommand  stm32f7xx_hal_sdram.o
    0x0800215a   0x000000c4   Code   RO         3429    i.HAL_SPI_Init      stm32f7xx_hal_spi.o
    0x0800221e   0x00000002   PAD
    0x08002220   0x00000058   Code   RO         4323    i.HAL_SPI_MspInit   spi.o
    0x08002278   0x000002f8   Code   RO         3438    i.HAL_SPI_TransmitReceive  stm32f7xx_hal_spi.o
    0x08002570   0x00000056   Code   RO         2874    i.HAL_SRAM_Init     stm32f7xx_hal_sram.o
    0x080025c6   0x00000002   PAD
    0x080025c8   0x0000007c   Code   RO         3988    i.HAL_SRAM_MspInit  lcd.o
    0x08002644   0x00000016   Code   RO          707    i.HAL_SYSTICK_CLKSourceConfig  stm32f7xx_hal_cortex.o
    0x0800265a   0x00000002   PAD
    0x0800265c   0x0000002c   Code   RO          709    i.HAL_SYSTICK_Config  stm32f7xx_hal_cortex.o
    0x08002688   0x00000032   Code   RO         1849    i.HAL_TIM_Base_Init  stm32f7xx_hal_tim.o
    0x080026ba   0x00000002   Code   RO         1851    i.HAL_TIM_Base_MspInit  stm32f7xx_hal_tim.o
    0x080026bc   0x00000018   Code   RO         1854    i.HAL_TIM_Base_Start_IT  stm32f7xx_hal_tim.o
    0x080026d4   0x00000002   Code   RO         1380    i.HAL_UART_ErrorCallback  stm32f7xx_hal_uart.o
    0x080026d6   0x00000002   PAD
    0x080026d8   0x000001c4   Code   RO         1383    i.HAL_UART_IRQHandler  stm32f7xx_hal_uart.o
    0x0800289c   0x0000006e   Code   RO         1384    i.HAL_UART_Init     stm32f7xx_hal_uart.o
    0x0800290a   0x00000002   PAD
    0x0800290c   0x00000090   Code   RO         3813    i.HAL_UART_MspInit  usart.o
    0x0800299c   0x000000f0   Code   RO         1387    i.HAL_UART_Receive  stm32f7xx_hal_uart.o
    0x08002a8c   0x00000002   Code   RO         1390    i.HAL_UART_RxCpltCallback  stm32f7xx_hal_uart.o
    0x08002a8e   0x00000002   Code   RO         1395    i.HAL_UART_TxCpltCallback  stm32f7xx_hal_uart.o
    0x08002a90   0x00000002   Code   RO          288    i.HardFault_Handler  stm32f7xx_it.o
    0x08002a92   0x00000002   PAD
    0x08002a94   0x00000080   Code   RO         3898    i.KEY_Init          key.o
    0x08002b14   0x000000e8   Code   RO         3899    i.KEY_Scan          key.o
    0x08002bfc   0x00000058   Code   RO         3990    i.LCD_Clear         lcd.o
    0x08002c54   0x00000104   Code   RO         3994    i.LCD_Display_Dir   lcd.o
    0x08002d58   0x000000d0   Code   RO         3995    i.LCD_DrawLine      lcd.o
    0x08002e28   0x0000003a   Code   RO         3997    i.LCD_DrawRectangle  lcd.o
    0x08002e62   0x00000002   PAD
    0x08002e64   0x000001e0   Code   RO         3998    i.LCD_Draw_Circle   lcd.o
    0x08003044   0x00000260   Code   RO         3999    i.LCD_Fast_DrawPoint  lcd.o
    0x080032a4   0x00000078   Code   RO         4000    i.LCD_Fill          lcd.o
    0x0800331c   0x00004a38   Code   RO         4001    i.LCD_Init          lcd.o
    0x08007d54   0x0000006c   Code   RO         4002    i.LCD_MPU_Config    lcd.o
    0x08007dc0   0x000000d4   Code   RO         4005    i.LCD_ReadPoint     lcd.o
    0x08007e94   0x00000004   PAD
    0x08007e98   0x000000c0   Code   RO         4007    i.LCD_SSD_BackLightSet  lcd.o
    0x08007f58   0x0000031c   Code   RO         4008    i.LCD_Scan_Dir      lcd.o
    0x08008274   0x000002bc   Code   RO         4009    i.LCD_SetCursor     lcd.o
    0x08008530   0x0000011c   Code   RO         4011    i.LCD_ShowChar      lcd.o
    0x0800864c   0x000000a4   Code   RO         4012    i.LCD_ShowNum       lcd.o
    0x080086f0   0x00000062   Code   RO         4013    i.LCD_ShowString    lcd.o
    0x08008752   0x00000002   PAD
    0x08008754   0x000000b8   Code   RO         4014    i.LCD_ShowxNum      lcd.o
    0x0800880c   0x0000004c   Code   RO         3874    i.LED_Init          led.o
    0x08008858   0x00000020   Code   RO         4213    i.LTDC_Clear        ltdc.o
    0x08008878   0x00000028   Code   RO         4216    i.LTDC_Display_Dir  ltdc.o
    0x080088a0   0x00000044   Code   RO         4217    i.LTDC_Draw_Point   ltdc.o
    0x080088e4   0x000000b8   Code   RO         4218    i.LTDC_Fill         ltdc.o
    0x0800899c   0x000001ec   Code   RO         4219    i.LTDC_Init         ltdc.o
    0x08008b88   0x00000060   Code   RO         4220    i.LTDC_Layer_Parameter_Config  ltdc.o
    0x08008be8   0x00000034   Code   RO         4221    i.LTDC_Layer_Switch  ltdc.o
    0x08008c1c   0x00000024   Code   RO         4222    i.LTDC_Layer_Window_Config  ltdc.o
    0x08008c40   0x000000bc   Code   RO         4223    i.LTDC_PanelID_Read  ltdc.o
    0x08008cfc   0x00000040   Code   RO         4224    i.LTDC_Read_Point   ltdc.o
    0x08008d3c   0x0000000c   Code   RO         4225    i.LTDC_Select_Layer  ltdc.o
    0x08008d48   0x000001c4   Code   RO         3185    i.LTDC_SetConfig    stm32f7xx_hal_ltdc.o
    0x08008f0c   0x00000024   Code   RO         4226    i.LTDC_Switch       ltdc.o
    0x08008f30   0x00000002   Code   RO          289    i.NMI_Handler       stm32f7xx_it.o
    0x08008f32   0x00000002   PAD
    0x08008f34   0x0000007c   Code   RO         4371    i.NRF24L01_Check    24l01.o
    0x08008fb0   0x0000009c   Code   RO         4372    i.NRF24L01_Init     24l01.o
    0x0800904c   0x00000060   Code   RO         4373    i.NRF24L01_RX_Mode  24l01.o
    0x080090ac   0x0000008c   Code   RO         4376    i.NRF24L01_RxPacket  24l01.o
    0x08009138   0x00000070   Code   RO         4378    i.NRF24L01_TX_Mode  24l01.o
    0x080091a8   0x00000090   Code   RO         4379    i.NRF24L01_TxPacket  24l01.o
    0x08009238   0x0000004c   Code   RO         4380    i.NRF24L01_Write_Buf  24l01.o
    0x08009284   0x00000034   Code   RO         4381    i.NRF24L01_Write_Reg  24l01.o
    0x080092b8   0x00000002   Code   RO          290    i.PendSV_Handler    stm32f7xx_it.o
    0x080092ba   0x00000002   PAD
    0x080092bc   0x000000a0   Code   RO         3932    i.SDRAM_Init        sdram.o
    0x0800935c   0x00000040   Code   RO         3934    i.SDRAM_Send_Cmd    sdram.o
    0x0800939c   0x00000068   Code   RO         4324    i.SPI2_Init         spi.o
    0x08009404   0x00000024   Code   RO         4325    i.SPI2_ReadWriteByte  spi.o
    0x08009428   0x00000034   Code   RO         4326    i.SPI2_SetSpeed     spi.o
    0x0800945c   0x00000042   Code   RO         3464    i.SPI_EndRxTxTransaction  stm32f7xx_hal_spi.o
    0x0800949e   0x000000b0   Code   RO         3471    i.SPI_WaitFifoStateUntilTimeout  stm32f7xx_hal_spi.o
    0x0800954e   0x00000098   Code   RO         3472    i.SPI_WaitFlagStateUntilTimeout  stm32f7xx_hal_spi.o
    0x080095e6   0x00000002   Code   RO          291    i.SVC_Handler       stm32f7xx_it.o
    0x080095e8   0x000000a0   Code   RO         3767    i.Stm32_Clock_Init  sys.o
    0x08009688   0x00000004   Code   RO          292    i.SysTick_Handler   stm32f7xx_it.o
    0x0800968c   0x00000058   Code   RO          359    i.SystemInit        system_stm32f7xx.o
    0x080096e4   0x00000034   Code   RO         4458    i.TIM4_IRQHandler   usmart.o
    0x08009718   0x000000c4   Code   RO         1933    i.TIM_Base_SetConfig  stm32f7xx_hal_tim.o
    0x080097dc   0x000000da   Code   RO         1397    i.UART_AdvFeatureConfig  stm32f7xx_hal_uart.o
    0x080098b6   0x00000060   Code   RO         1398    i.UART_CheckIdleState  stm32f7xx_hal_uart.o
    0x08009916   0x00000014   Code   RO         1399    i.UART_DMAAbortOnError  stm32f7xx_hal_uart.o
    0x0800992a   0x0000007c   Code   RO         1405    i.UART_Receive_IT   stm32f7xx_hal_uart.o
    0x080099a6   0x00000002   PAD
    0x080099a8   0x0000028c   Code   RO         1406    i.UART_SetConfig    stm32f7xx_hal_uart.o
    0x08009c34   0x00000074   Code   RO         1407    i.UART_WaitOnFlagUntilTimeout  stm32f7xx_hal_uart.o
    0x08009ca8   0x00000078   Code   RO         3814    i.USART1_IRQHandler  usart.o
    0x08009d20   0x00000002   Code   RO          293    i.UsageFault_Handler  stm32f7xx_it.o
    0x08009d22   0x0000000e   Code   RO         4701    i._is_digit         c_w.l(__printf_wp.o)
    0x08009d30   0x00000002   Code   RO         3815    i._sys_exit         usart.o
    0x08009d32   0x00000002   PAD
    0x08009d34   0x00000014   Code   RO         3725    i.delay_init        delay.o
    0x08009d48   0x0000004c   Code   RO         3726    i.delay_ms          delay.o
    0x08009d94   0x00000034   Code   RO         3727    i.delay_us          delay.o
    0x08009dc8   0x00000014   Code   RO         3816    i.fputc             usart.o
    0x08009ddc   0x00000344   Code   RO            4    i.main              main.o
    0x0800a120   0x00000004   Code   RO         4460    i.read_addr         usmart.o
    0x0800a124   0x00000024   Code   RO         3817    i.uart_init         usart.o
    0x0800a148   0x000000b0   Code   RO         4461    i.usmart_cmd_rec    usmart.o
    0x0800a1f8   0x000002b8   Code   RO         4462    i.usmart_exe        usmart.o
    0x0800a4b0   0x000000ae   Code   RO         4552    i.usmart_get_aparm  usmart_str.o
    0x0800a55e   0x00000046   Code   RO         4553    i.usmart_get_cmdname  usmart_str.o
    0x0800a5a4   0x000001b0   Code   RO         4554    i.usmart_get_fname  usmart_str.o
    0x0800a754   0x0000012c   Code   RO         4555    i.usmart_get_fparam  usmart_str.o
    0x0800a880   0x00000028   Code   RO         4556    i.usmart_get_parmpos  usmart_str.o
    0x0800a8a8   0x0000006c   Code   RO         4464    i.usmart_init       usmart.o
    0x0800a914   0x000000ac   Code   RO         4466    i.usmart_scan       usmart.o
    0x0800a9c0   0x000000f8   Code   RO         4559    i.usmart_str2num    usmart_str.o
    0x0800aab8   0x0000001a   Code   RO         4560    i.usmart_strcmp     usmart_str.o
    0x0800aad2   0x00000002   PAD
    0x0800aad4   0x00000698   Code   RO         4467    i.usmart_sys_cmd_exe  usmart.o
    0x0800b16c   0x00000004   Code   RO         4468    i.write_addr        usmart.o
    0x0800b170   0x0000000a   Code   RO         4823    x$fpl$fpinit        fz_wv.l(fpinit.o)
    0x0800b17a   0x00000010   Data   RO          360    .constdata          system_stm32f7xx.o
    0x0800b18a   0x00000008   Data   RO          361    .constdata          system_stm32f7xx.o
    0x0800b192   0x00004740   Data   RO         4022    .constdata          lcd.o
    0x0800f8d2   0x0000000a   Data   RO         4382    .constdata          24l01.o
    0x0800f8dc   0x00000028   Data   RO         4674    .constdata          c_w.l(_printf_hex_int.o)
    0x0800f904   0x00000011   Data   RO         4709    .constdata          c_w.l(__printf_flags_ss_wp.o)
    0x0800f915   0x00000003   PAD
    0x0800f918   0x00000028   Data   RO         4470    .conststring        usmart.o
    0x0800f940   0x000003fb   Data   RO         4631    .conststring        usmart_config.o
    0x0800fd3b   0x00000001   PAD
    0x0800fd3c   0x00000020   Data   RO         4887    Region$$Table       anon$$obj.o


    Execution Region RW_IRAM1 (Base: 0x20020000, Size: 0x00000b88, Max: 0x00060000, ABSOLUTE, COMPRESSED[0x000000d8])

    Base Addr    Size         Type   Attr      Idx    E Section Name        Object

    0x20020000   0x00000004   Data   RW          362    .data               system_stm32f7xx.o
    0x20020004   0x00000004   Data   RW          549    .data               stm32f7xx_hal.o
    0x20020008   0x00000004   Data   RW         3728    .data               delay.o
    0x2002000c   0x00000002   Data   RW         3819    .data               usart.o
    0x2002000e   0x00000002   PAD
    0x20020010   0x00000004   Data   RW         3820    .data               usart.o
    0x20020014   0x00000001   Data   RW         3900    .data               key.o
    0x20020015   0x00000003   PAD
    0x20020018   0x00000008   Data   RW         4023    .data               lcd.o
    0x20020020   0x00000008   Data   RW         4230    .data               ltdc.o
    0x20020028   0x0000001c   Data   RW         4471    .data               usmart.o
    0x20020044   0x000000c0   Data   RW         4632    .data               usmart_config.o
    0x20020104   0x000000f4   Data   RW         4633    .data               usmart_config.o
    0x200201f8   0x00000138   Zero   RW         3818    .bss                usart.o
    0x20020330   0x00000034   Zero   RW         3935    .bss                sdram.o
    0x20020364   0x0000005a   Zero   RW         4021    .bss                lcd.o
    0x200203be   0x00000002   PAD
    0x200203c0   0x000000c8   Zero   RW         4228    .bss                ltdc.o
    0x20020488   0x00000064   Zero   RW         4327    .bss                spi.o
    0x200204ec   0x0000003c   Zero   RW         4469    .bss                usmart.o
    0x20020528   0x00000060   Zero   RW         4765    .bss                c_w.l(libspace.o)
    0x20020588   0x00000200   Zero   RW          515    HEAP                startup_stm32f767xx.o
    0x20020788   0x00000400   Zero   RW          514    STACK               startup_stm32f767xx.o



  Load Region LR$$.ARM.__AT_0xC0000000 (Base: 0xc0000000, Size: 0x00000000, Max: 0x001f4000, ABSOLUTE)

    Execution Region ER$$.ARM.__AT_0xC0000000 (Base: 0xc0000000, Size: 0x001f4000, Max: 0x001f4000, ABSOLUTE, UNINIT)

    Base Addr    Size         Type   Attr      Idx    E Section Name        Object

    0xc0000000   0x001f4000   Zero   RW         4227    .ARM.__AT_0xC0000000  ltdc.o


==============================================================================

Image component sizes


      Code (inc. data)   RO Data    RW Data    ZI Data      Debug   Object Name

       900         74         10          0          0       6985   24l01.o
       148         16          0          4          0       2639   delay.o
       360         32          0          1          0       1818   key.o
     23684        292      18240          8         90     108651   lcd.o
        76          8          0          0          0        875   led.o
      1544        142          0          8    2048200      11674   ltdc.o
       836        220          0          0          0     460859   main.o
       448         40          0          0         52       3064   sdram.o
       280         30          0          0        100       2966   spi.o
        64         26        504          0       1536        832   startup_stm32f767xx.o
       106         22          0          4          0       3765   stm32f7xx_hal.o
       310         22          0          0          0      36540   stm32f7xx_hal_cortex.o
        36          0          0          0          0       1563   stm32f7xx_hal_dma.o
       588         16          0          0          0       3964   stm32f7xx_hal_gpio.o
       980          6          0          0          0       4737   stm32f7xx_hal_ltdc.o
       124         10          0          0          0       1308   stm32f7xx_hal_pwr_ex.o
       636         64          0          0          0       3866   stm32f7xx_hal_rcc.o
      2844         62          0          0          0       4184   stm32f7xx_hal_rcc_ex.o
       148          0          0          0          0       2800   stm32f7xx_hal_sdram.o
      1350          0          0          0          0       5809   stm32f7xx_hal_spi.o
        86          0          0          0          0       1244   stm32f7xx_hal_sram.o
       272         20          0          0          0       4816   stm32f7xx_hal_tim.o
      2034         40          0          0          0      11015   stm32f7xx_hal_uart.o
        18          0          0          0          0       3602   stm32f7xx_it.o
       630         12          0          0          0       6192   stm32f7xx_ll_fmc.o
       296         28          0          0          0      33529   sys.o
        88         24         24          4          0       1111   system_stm32f7xx.o
       322         38          0          6        312       4859   usart.o
      2900       1342         40         28         60       7327   usmart.o
         0          0       1019        436          0       1604   usmart_config.o
      1290         18          0          0          0       9059   usmart_str.o

    ----------------------------------------------------------------------
     43438       2608      19870        504    2050352     753257   Object Totals
         0          0         32          0          0          0   (incl. Generated)
        40          4          1          5          2          0   (incl. Padding)

    ----------------------------------------------------------------------

      Code (inc. data)   RO Data    RW Data    ZI Data      Debug   Library Member Name

        90          0          0          0          0          0   __dczerorl2.o
         8          0          0          0          0         68   __main.o
       392          4         17          0          0         92   __printf_flags_ss_wp.o
        14          0          0          0          0         68   __printf_wp.o
         0          0          0          0          0          0   __rtentry.o
        12          0          0          0          0          0   __rtentry2.o
         6          0          0          0          0          0   __rtentry4.o
        52          8          0          0          0          0   __scatter.o
        28          0          0          0          0          0   __scatter_zi.o
         6          0          0          0          0          0   _printf_c.o
        44          0          0          0          0        108   _printf_char.o
        48          6          0          0          0         96   _printf_char_common.o
        36          4          0          0          0         80   _printf_char_file.o
         6          0          0          0          0          0   _printf_d.o
       120         16          0          0          0         92   _printf_dec.o
        88          4         40          0          0         88   _printf_hex_int.o
       178          0          0          0          0         88   _printf_intcommon.o
        78          0          0          0          0        108   _printf_pad.o
         0          0          0          0          0          0   _printf_percent.o
         4          0          0          0          0          0   _printf_percent_end.o
         6          0          0          0          0          0   _printf_s.o
        82          0          0          0          0         80   _printf_str.o
         6          0          0          0          0          0   _printf_u.o
         6          0          0          0          0          0   _printf_x.o
        18          0          0          0          0         80   exit.o
         8          0          0          0          0         68   ferror.o
         6          0          0          0          0        152   heapauxi.o
         2          0          0          0          0          0   libinit.o
         6          0          0          0          0          0   libinit2.o
         2          0          0          0          0          0   libshutdown.o
         2          0          0          0          0          0   libshutdown2.o
         8          4          0          0         96         68   libspace.o
        24          4          0          0          0         84   noretval__2printf.o
         2          0          0          0          0          0   rtexit.o
        10          0          0          0          0          0   rtexit2.o
        74          0          0          0          0         80   sys_stackheap_outer.o
         2          0          0          0          0         68   use_no_semi.o
         2          0          0          0          0         68   use_no_semi_2.o
        10          0          0          0          0        116   fpinit.o

    ----------------------------------------------------------------------
      1492         50         60          0         96       1752   Library Totals
         6          0          3          0          0          0   (incl. Padding)

    ----------------------------------------------------------------------

      Code (inc. data)   RO Data    RW Data    ZI Data      Debug   Library Name

      1476         50         57          0         96       1636   c_w.l
        10          0          0          0          0        116   fz_wv.l

    ----------------------------------------------------------------------
      1492         50         60          0         96       1752   Library Totals

    ----------------------------------------------------------------------

==============================================================================


      Code (inc. data)   RO Data    RW Data    ZI Data      Debug   

     44930       2658      19930        504    2050448     740629   Grand Totals
     44930       2658      19930        216    2050448     740629   ELF Image Totals (compressed)
     44930       2658      19930        216          0          0   ROM Totals

==============================================================================

    Total RO  Size (Code + RO Data)                64860 (  63.34kB)
    Total RW  Size (RW Data + ZI Data)           2050952 (2002.88kB)
    Total ROM Size (Code + RO Data + RW Data)      65076 (  63.55kB)

==============================================================================

