Component: ARM Compiler 5.06 update 2 (build 183) Tool: armlink [4d35b7]

==============================================================================

Section Cross References

    main.o(i.main) refers to _printf_percent.o(.ARM.Collect$$_printf_percent$$00000000) for _printf_percent
    main.o(i.main) refers to _printf_f.o(.ARM.Collect$$_printf_percent$$00000003) for _printf_f
    main.o(i.main) refers to printf1.o(x$fpl$printf1) for _printf_fp_dec
    main.o(i.main) refers to sys.o(i.Cache_Enable) for Cache_Enable
    main.o(i.main) refers to stm32f7xx_hal.o(i.HAL_Init) for HAL_Init
    main.o(i.main) refers to sys.o(i.Stm32_Clock_Init) for Stm32_Clock_Init
    main.o(i.main) refers to delay.o(i.delay_init) for delay_init
    main.o(i.main) refers to usart.o(i.uart_init) for uart_init
    main.o(i.main) refers to led.o(i.LED_Init) for LED_Init
    main.o(i.main) refers to em.o(i.ADS13_PowerOnInit) for ADS13_PowerOnInit
    main.o(i.main) refers to em.o(i.get_data) for get_data
    main.o(i.main) refers to em.o(i.deal_with_AD_rawdata) for deal_with_AD_rawdata
    main.o(i.main) refers to noretval__2printf.o(.text) for __2printf
    main.o(i.main) refers to em.o(.bss) for em_data_m1
    stm32f7xx_it.o(i.SysTick_Handler) refers to stm32f7xx_hal.o(i.HAL_IncTick) for HAL_IncTick
    system_stm32f7xx.o(i.SystemCoreClockUpdate) refers to system_stm32f7xx.o(.data) for .data
    system_stm32f7xx.o(i.SystemCoreClockUpdate) refers to system_stm32f7xx.o(.constdata) for .constdata
    startup_stm32f767xx.o(STACK) refers (Special) to heapauxi.o(.text) for __use_two_region_memory
    startup_stm32f767xx.o(HEAP) refers (Special) to heapauxi.o(.text) for __use_two_region_memory
    startup_stm32f767xx.o(RESET) refers (Special) to heapauxi.o(.text) for __use_two_region_memory
    startup_stm32f767xx.o(RESET) refers to startup_stm32f767xx.o(STACK) for __initial_sp
    startup_stm32f767xx.o(RESET) refers to startup_stm32f767xx.o(.text) for Reset_Handler
    startup_stm32f767xx.o(RESET) refers to stm32f7xx_it.o(i.NMI_Handler) for NMI_Handler
    startup_stm32f767xx.o(RESET) refers to stm32f7xx_it.o(i.HardFault_Handler) for HardFault_Handler
    startup_stm32f767xx.o(RESET) refers to stm32f7xx_it.o(i.BusFault_Handler) for BusFault_Handler
    startup_stm32f767xx.o(RESET) refers to stm32f7xx_it.o(i.UsageFault_Handler) for UsageFault_Handler
    startup_stm32f767xx.o(RESET) refers to stm32f7xx_it.o(i.SVC_Handler) for SVC_Handler
    startup_stm32f767xx.o(RESET) refers to stm32f7xx_it.o(i.DebugMon_Handler) for DebugMon_Handler
    startup_stm32f767xx.o(RESET) refers to stm32f7xx_it.o(i.PendSV_Handler) for PendSV_Handler
    startup_stm32f767xx.o(RESET) refers to stm32f7xx_it.o(i.SysTick_Handler) for SysTick_Handler
    startup_stm32f767xx.o(RESET) refers to usart.o(i.USART1_IRQHandler) for USART1_IRQHandler
    startup_stm32f767xx.o(.text) refers (Special) to heapauxi.o(.text) for __use_two_region_memory
    startup_stm32f767xx.o(.text) refers to system_stm32f7xx.o(i.SystemInit) for SystemInit
    startup_stm32f767xx.o(.text) refers to __main.o(!!!main) for __main
    startup_stm32f767xx.o(.text) refers to startup_stm32f767xx.o(HEAP) for Heap_Mem
    startup_stm32f767xx.o(.text) refers to startup_stm32f767xx.o(STACK) for Stack_Mem
    stm32f7xx_hal.o(i.HAL_DeInit) refers to stm32f7xx_hal.o(i.HAL_MspDeInit) for HAL_MspDeInit
    stm32f7xx_hal.o(i.HAL_Delay) refers to stm32f7xx_hal.o(i.HAL_GetTick) for HAL_GetTick
    stm32f7xx_hal.o(i.HAL_GetTick) refers to stm32f7xx_hal.o(.data) for .data
    stm32f7xx_hal.o(i.HAL_IncTick) refers to stm32f7xx_hal.o(.data) for .data
    stm32f7xx_hal.o(i.HAL_Init) refers to stm32f7xx_hal_cortex.o(i.HAL_NVIC_SetPriorityGrouping) for HAL_NVIC_SetPriorityGrouping
    stm32f7xx_hal.o(i.HAL_Init) refers to stm32f7xx_hal.o(i.HAL_InitTick) for HAL_InitTick
    stm32f7xx_hal.o(i.HAL_Init) refers to stm32f7xx_hal.o(i.HAL_MspInit) for HAL_MspInit
    stm32f7xx_hal.o(i.HAL_InitTick) refers to stm32f7xx_hal_cortex.o(i.HAL_SYSTICK_Config) for HAL_SYSTICK_Config
    stm32f7xx_hal.o(i.HAL_InitTick) refers to stm32f7xx_hal_cortex.o(i.HAL_NVIC_SetPriority) for HAL_NVIC_SetPriority
    stm32f7xx_hal.o(i.HAL_InitTick) refers to system_stm32f7xx.o(.data) for SystemCoreClock
    stm32f7xx_hal_cortex.o(i.HAL_SYSTICK_IRQHandler) refers to stm32f7xx_hal_cortex.o(i.HAL_SYSTICK_Callback) for HAL_SYSTICK_Callback
    stm32f7xx_hal_dma.o(i.HAL_DMA_Abort) refers to stm32f7xx_hal.o(i.HAL_GetTick) for HAL_GetTick
    stm32f7xx_hal_dma.o(i.HAL_DMA_DeInit) refers to stm32f7xx_hal_dma.o(.constdata) for .constdata
    stm32f7xx_hal_dma.o(i.HAL_DMA_IRQHandler) refers to system_stm32f7xx.o(.data) for SystemCoreClock
    stm32f7xx_hal_dma.o(i.HAL_DMA_Init) refers to stm32f7xx_hal.o(i.HAL_GetTick) for HAL_GetTick
    stm32f7xx_hal_dma.o(i.HAL_DMA_Init) refers to stm32f7xx_hal_dma.o(.constdata) for .constdata
    stm32f7xx_hal_dma.o(i.HAL_DMA_PollForTransfer) refers to stm32f7xx_hal.o(i.HAL_GetTick) for HAL_GetTick
[...]
    ../clib/angel/rt.s                       0x00000000   Number         0  rt_raise.o ABSOLUTE
    ../clib/angel/scatter.s                  0x00000000   Number         0  __scatter.o ABSOLUTE
    ../clib/angel/startup.s                  0x00000000   Number         0  __main.o ABSOLUTE
    ../clib/angel/sys.s                      0x00000000   Number         0  sys_stackheap_outer.o ABSOLUTE
    ../clib/angel/sys.s                      0x00000000   Number         0  libspace.o ABSOLUTE
    ../clib/angel/sys.s                      0x00000000   Number         0  use_no_semi.o ABSOLUTE
    ../clib/angel/sys.s                      0x00000000   Number         0  use_no_semi_2.o ABSOLUTE
    ../clib/angel/sys.s                      0x00000000   Number         0  indicate_semi.o ABSOLUTE
    ../clib/angel/sysapp.c                   0x00000000   Number         0  sys_command.o ABSOLUTE
    ../clib/angel/sysapp.c                   0x00000000   Number         0  sys_wrch.o ABSOLUTE
    ../clib/armsys.c                         0x00000000   Number         0  argv_veneer.o ABSOLUTE
    ../clib/armsys.c                         0x00000000   Number         0  argv_veneer.o ABSOLUTE
    ../clib/armsys.c                         0x00000000   Number         0  _get_argv_nomalloc.o ABSOLUTE
    ../clib/armsys.c                         0x00000000   Number         0  no_argv.o ABSOLUTE
    ../clib/bigflt.c                         0x00000000   Number         0  bigflt0.o ABSOLUTE
    ../clib/btod.s                           0x00000000   Number         0  btod.o ABSOLUTE
    ../clib/heapalloc.c                      0x00000000   Number         0  hrguard.o ABSOLUTE
    ../clib/heapaux.c                        0x00000000   Number         0  heapauxi.o ABSOLUTE
    ../clib/libinit.s                        0x00000000   Number         0  libshutdown2.o ABSOLUTE
    ../clib/libinit.s                        0x00000000   Number         0  libinit2.o ABSOLUTE
    ../clib/libinit.s                        0x00000000   Number         0  libinit.o ABSOLUTE
    ../clib/libinit.s                        0x00000000   Number         0  libshutdown.o ABSOLUTE
    ../clib/locale.s                         0x00000000   Number         0  lc_numeric_c.o ABSOLUTE
    ../clib/longlong.s                       0x00000000   Number         0  lludiv10.o ABSOLUTE
    ../clib/memcpset.s                       0x00000000   Number         0  strcmpv7m_pel.o ABSOLUTE
    ../clib/printf.c                         0x00000000   Number         0  _printf_char_file.o ABSOLUTE
    ../clib/printf.c                         0x00000000   Number         0  _printf_hex_int_ll_ptr.o ABSOLUTE
    ../clib/printf.c                         0x00000000   Number         0  _printf_hex_ptr.o ABSOLUTE
    ../clib/printf.c                         0x00000000   Number         0  _printf_fp_dec.o ABSOLUTE
    ../clib/printf.c                         0x00000000   Number         0  __printf_flags_ss_wp.o ABSOLUTE
    ../clib/printf.c                         0x00000000   Number         0  _printf_hex_int_ll.o ABSOLUTE
    ../clib/printf.c                         0x00000000   Number         0  _printf_intcommon.o ABSOLUTE
    ../clib/printf.c                         0x00000000   Number         0  __printf_flags.o ABSOLUTE
    ../clib/printf.c                         0x00000000   Number         0  noretval__2printf.o ABSOLUTE
    ../clib/printf.c                         0x00000000   Number         0  __printf_ss_wp.o ABSOLUTE
    ../clib/printf.c                         0x00000000   Number         0  __printf.o ABSOLUTE
    ../clib/printf.c                         0x00000000   Number         0  __printf_flags_wp.o ABSOLUTE
    ../clib/printf.c                         0x00000000   Number         0  __printf_ss.o ABSOLUTE
    ../clib/printf.c                         0x00000000   Number         0  _printf_hex_ll.o ABSOLUTE
    ../clib/printf.c                         0x00000000   Number         0  __2printf.o ABSOLUTE
    ../clib/printf.c                         0x00000000   Number         0  _printf_hex_int.o ABSOLUTE
    ../clib/printf.c                         0x00000000   Number         0  __printf_wp.o ABSOLUTE
    ../clib/printf.c                         0x00000000   Number         0  __printf_nopercent.o ABSOLUTE
    ../clib/printf.c                         0x00000000   Number         0  _printf_fp_infnan.o ABSOLUTE
    ../clib/printf.c                         0x00000000   Number         0  _printf_hex_ll_ptr.o ABSOLUTE
    ../clib/printf.c                         0x00000000   Number         0  _printf_hex_int_ptr.o ABSOLUTE
    ../clib/printf.c                         0x00000000   Number         0  _printf_char_common.o ABSOLUTE
    ../clib/printf.c                         0x00000000   Number         0  __printf_flags_ss.o ABSOLUTE
    ../clib/printf_percent.s                 0x00000000   Number         0  _printf_f.o ABSOLUTE
    ../clib/printf_percent.s                 0x00000000   Number         0  _printf_x.o ABSOLUTE
    ../clib/printf_percent.s                 0x00000000   Number         0  _printf_percent_end.o ABSOLUTE
    ../clib/printf_percent.s                 0x00000000   Number         0  _printf_percent.o ABSOLUTE
    ../clib/signal.c                         0x00000000   Number         0  defsig_fpe_inner.o ABSOLUTE
    ../clib/signal.c                         0x00000000   Number         0  defsig_abrt_inner.o ABSOLUTE
    ../clib/signal.c                         0x00000000   Number         0  defsig_general.o ABSOLUTE
    ../clib/signal.c                         0x00000000   Number         0  __raise.o ABSOLUTE
    ../clib/signal.c                         0x00000000   Number         0  defsig_rtmem_inner.o ABSOLUTE
    ../clib/signal.c                         0x00000000   Number         0  defsig_exit.o ABSOLUTE
    ../clib/signal.c                         0x00000000   Number         0  defsig_rtmem_formal.o ABSOLUTE
    ../clib/signal.c                         0x00000000   Number         0  defsig_rtmem_outer.o ABSOLUTE
    ../clib/signal.c                         0x00000000   Number         0  defsig_segv_inner.o ABSOLUTE
    ../clib/signal.c                         0x00000000   Number         0  defsig_other.o ABSOLUTE
    ../clib/signal.c                         0x00000000   Number         0  defsig_cppl_inner.o ABSOLUTE
    ../clib/signal.c                         0x00000000   Number         0  defsig_pvfn_inner.o ABSOLUTE
    ../clib/signal.c                         0x00000000   Number         0  defsig_stak_inner.o ABSOLUTE
    ../clib/signal.c                         0x00000000   Number         0  defsig_rtred_inner.o ABSOLUTE
    ../clib/signal.s                         0x00000000   Number         0  defsig.o ABSOLUTE
    ../clib/stdio.c                          0x00000000   Number         0  ferror.o ABSOLUTE
    ../clib/stdio.c                          0x00000000   Number         0  ferror_locked.o ABSOLUTE
    ../clib/stdlib.c                         0x00000000   Number         0  exit.o ABSOLUTE
    ../fplib/fpinit.s                        0x00000000   Number         0  fpinit.o ABSOLUTE
    ../fplib/istatus.s                       0x00000000   Number         0  istatus.o ABSOLUTE
    ../fplib/printf1.s                       0x00000000   Number         0  printf1.o ABSOLUTE
    ../fplib/usenofp.s                       0x00000000   Number         0  usenofp.o ABSOLUTE
    ../mathlib/fpclassify.c                  0x00000000   Number         0  fpclassify.o ABSOLUTE
    ..\CORE\startup_stm32f767xx.s            0x00000000   Number         0  startup_stm32f767xx.o ABSOLUTE
    ..\HALLIB\STM32F7xx_HAL_Driver\Src\stm32f7xx_hal.c 0x00000000   Number         0  stm32f7xx_hal.o ABSOLUTE
    ..\HALLIB\STM32F7xx_HAL_Driver\Src\stm32f7xx_hal_cortex.c 0x00000000   Number         0  stm32f7xx_hal_cortex.o ABSOLUTE
    ..\HALLIB\STM32F7xx_HAL_Driver\Src\stm32f7xx_hal_dma.c 0x00000000   Number         0  stm32f7xx_hal_dma.o ABSOLUTE
    ..\HALLIB\STM32F7xx_HAL_Driver\Src\stm32f7xx_hal_dma_ex.c 0x00000000   Number         0  stm32f7xx_hal_dma_ex.o ABSOLUTE
    ..\HALLIB\STM32F7xx_HAL_Driver\Src\stm32f7xx_hal_gpio.c 0x00000000   Number         0  stm32f7xx_hal_gpio.o ABSOLUTE
    ..\HALLIB\STM32F7xx_HAL_Driver\Src\stm32f7xx_hal_ltdc.c 0x00000000   Number         0  stm32f7xx_hal_ltdc.o ABSOLUTE
    ..\HALLIB\STM32F7xx_HAL_Driver\Src\stm32f7xx_hal_ltdc_ex.c 0x00000000   Number         0  stm32f7xx_hal_ltdc_ex.o ABSOLUTE
    ..\HALLIB\STM32F7xx_HAL_Driver\Src\stm32f7xx_hal_pwr.c 0x00000000   Number         0  stm32f7xx_hal_pwr.o ABSOLUTE
    ..\HALLIB\STM32F7xx_HAL_Driver\Src\stm32f7xx_hal_pwr_ex.c 0x00000000   Number         0  stm32f7xx_hal_pwr_ex.o ABSOLUTE
    ..\HALLIB\STM32F7xx_HAL_Driver\Src\stm32f7xx_hal_rcc.c 0x00000000   Number         0  stm32f7xx_hal_rcc.o ABSOLUTE
    ..\HALLIB\STM32F7xx_HAL_Driver\Src\stm32f7xx_hal_rcc_ex.c 0x00000000   Number         0  stm32f7xx_hal_rcc_ex.o ABSOLUTE
    ..\HALLIB\STM32F7xx_HAL_Driver\Src\stm32f7xx_hal_sdram.c 0x00000000   Number         0  stm32f7xx_hal_sdram.o ABSOLUTE
    ..\HALLIB\STM32F7xx_HAL_Driver\Src\stm32f7xx_hal_spi.c 0x00000000   Number         0  stm32f7xx_hal_spi.o ABSOLUTE
    ..\HALLIB\STM32F7xx_HAL_Driver\Src\stm32f7xx_hal_sram.c 0x00000000   Number         0  stm32f7xx_hal_sram.o ABSOLUTE
    ..\HALLIB\STM32F7xx_HAL_Driver\Src\stm32f7xx_hal_tim.c 0x00000000   Number         0  stm32f7xx_hal_tim.o ABSOLUTE
    ..\HALLIB\STM32F7xx_HAL_Driver\Src\stm32f7xx_hal_tim_ex.c 0x00000000   Number         0  stm32f7xx_hal_tim_ex.o ABSOLUTE
    ..\HALLIB\STM32F7xx_HAL_Driver\Src\stm32f7xx_hal_uart.c 0x00000000   Number         0  stm32f7xx_hal_uart.o ABSOLUTE
    ..\HALLIB\STM32F7xx_HAL_Driver\Src\stm32f7xx_hal_usart.c 0x00000000   Number         0  stm32f7xx_hal_usart.o ABSOLUTE
    ..\HALLIB\STM32F7xx_HAL_Driver\Src\stm32f7xx_ll_fmc.c 0x00000000   Number         0  stm32f7xx_ll_fmc.o ABSOLUTE
    ..\HARDWARE\ADS\em.c                     0x00000000   Number         0  em.o ABSOLUTE
    ..\HARDWARE\KEY\key.c                    0x00000000   Number         0  key.o ABSOLUTE
    ..\HARDWARE\LED\led.c                    0x00000000   Number         0  led.o ABSOLUTE
    ..\HARDWARE\SDRAM\sdram.c                0x00000000   Number         0  sdram.o ABSOLUTE
    ..\HARDWARE\SPI\spi.c                    0x00000000   Number         0  spi.o ABSOLUTE
    ..\SYSTEM\delay\delay.c                  0x00000000   Number         0  delay.o ABSOLUTE
    ..\SYSTEM\sys\sys.c                      0x00000000   Number         0  sys.o ABSOLUTE
    ..\SYSTEM\usart\usart.c                  0x00000000   Number         0  usart.o ABSOLUTE
    ..\\HALLIB\\STM32F7xx_HAL_Driver\\Src\\stm32f7xx_hal.c 0x00000000   Number         0  stm32f7xx_hal.o ABSOLUTE
    ..\\HALLIB\\STM32F7xx_HAL_Driver\\Src\\stm32f7xx_hal_cortex.c 0x00000000   Number         0  stm32f7xx_hal_cortex.o ABSOLUTE
    ..\\HALLIB\\STM32F7xx_HAL_Driver\\Src\\stm32f7xx_hal_dma.c 0x00000000   Number         0  stm32f7xx_hal_dma.o ABSOLUTE
    ..\\HALLIB\\STM32F7xx_HAL_Driver\\Src\\stm32f7xx_hal_dma_ex.c 0x00000000   Number         0  stm32f7xx_hal_dma_ex.o ABSOLUTE
    ..\\HALLIB\\STM32F7xx_HAL_Driver\\Src\\stm32f7xx_hal_gpio.c 0x00000000   Number         0  stm32f7xx_hal_gpio.o ABSOLUTE
    ..\\HALLIB\\STM32F7xx_HAL_Driver\\Src\\stm32f7xx_hal_ltdc.c 0x00000000   Number         0  stm32f7xx_hal_ltdc.o ABSOLUTE
    ..\\HALLIB\\STM32F7xx_HAL_Driver\\Src\\stm32f7xx_hal_ltdc_ex.c 0x00000000   Number         0  stm32f7xx_hal_ltdc_ex.o ABSOLUTE
    ..\\HALLIB\\STM32F7xx_HAL_Driver\\Src\\stm32f7xx_hal_pwr.c 0x00000000   Number         0  stm32f7xx_hal_pwr.o ABSOLUTE
    ..\\HALLIB\\STM32F7xx_HAL_Driver\\Src\\stm32f7xx_hal_pwr_ex.c 0x00000000   Number         0  stm32f7xx_hal_pwr_ex.o ABSOLUTE
    ..\\HALLIB\\STM32F7xx_HAL_Driver\\Src\\stm32f7xx_hal_rcc.c 0x00000000   Number         0  stm32f7xx_hal_rcc.o ABSOLUTE
    ..\\HALLIB\\STM32F7xx_HAL_Driver\\Src\\stm32f7xx_hal_rcc_ex.c 0x00000000   Number         0  stm32f7xx_hal_rcc_ex.o ABSOLUTE
    ..\\HALLIB\\STM32F7xx_HAL_Driver\\Src\\stm32f7xx_hal_sdram.c 0x00000000   Number         0  stm32f7xx_hal_sdram.o ABSOLUTE
    ..\\HALLIB\\STM32F7xx_HAL_Driver\\Src\\stm32f7xx_hal_spi.c 0x00000000   Number         0  stm32f7xx_hal_spi.o ABSOLUTE
    ..\\HALLIB\\STM32F7xx_HAL_Driver\\Src\\stm32f7xx_hal_sram.c 0x00000000   Number         0  stm32f7xx_hal_sram.o ABSOLUTE
    ..\\HALLIB\\STM32F7xx_HAL_Driver\\Src\\stm32f7xx_hal_tim.c 0x00000000   Number         0  stm32f7xx_hal_tim.o ABSOLUTE
    ..\\HALLIB\\STM32F7xx_HAL_Driver\\Src\\stm32f7xx_hal_tim_ex.c 0x00000000   Number         0  stm32f7xx_hal_tim_ex.o ABSOLUTE
    ..\\HALLIB\\STM32F7xx_HAL_Driver\\Src\\stm32f7xx_hal_uart.c 0x00000000   Number         0  stm32f7xx_hal_uart.o ABSOLUTE
    ..\\HALLIB\\STM32F7xx_HAL_Driver\\Src\\stm32f7xx_hal_usart.c 0x00000000   Number         0  stm32f7xx_hal_usart.o ABSOLUTE
    ..\\HALLIB\\STM32F7xx_HAL_Driver\\Src\\stm32f7xx_ll_fmc.c 0x00000000   Number         0  stm32f7xx_ll_fmc.o ABSOLUTE
    ..\\HARDWARE\\ADS\\em.c                  0x00000000   Number         0  em.o ABSOLUTE
    ..\\HARDWARE\\KEY\\key.c                 0x00000000   Number         0  key.o ABSOLUTE
    ..\\HARDWARE\\LED\\led.c                 0x00000000   Number         0  led.o ABSOLUTE
    ..\\HARDWARE\\SDRAM\\sdram.c             0x00000000   Number         0  sdram.o ABSOLUTE
    ..\\HARDWARE\\SPI\\spi.c                 0x00000000   Number         0  spi.o ABSOLUTE
    ..\\SYSTEM\\delay\\delay.c               0x00000000   Number         0  delay.o ABSOLUTE
    ..\\SYSTEM\\sys\\sys.c                   0x00000000   Number         0  sys.o ABSOLUTE
    ..\\SYSTEM\\usart\\usart.c               0x00000000   Number         0  usart.o ABSOLUTE
    dc.s                                     0x00000000   Number         0  dc.o ABSOLUTE
    main.c                                   0x00000000   Number         0  main.o ABSOLUTE
    main.c                                   0x00000000   Number         0  main.o ABSOLUTE
    stm32f7xx_it.c                           0x00000000   Number         0  stm32f7xx_it.o ABSOLUTE
    stm32f7xx_it.c                           0x00000000   Number         0  stm32f7xx_it.o ABSOLUTE
    system_stm32f7xx.c                       0x00000000   Number         0  system_stm32f7xx.o ABSOLUTE
    system_stm32f7xx.c                       0x00000000   Number         0  system_stm32f7xx.o ABSOLUTE
    RESET                                    0x08000000   Section      504  startup_stm32f767xx.o(RESET)
    !!!main                                  0x080001f8   Section        8  __main.o(!!!main)
    !!!scatter                               0x08000200   Section       52  __scatter.o(!!!scatter)
    !!handler_copy                           0x08000234   Section       26  __scatter_copy.o(!!handler_copy)
    !!handler_zi                             0x08000250   Section       28  __scatter_zi.o(!!handler_zi)
    .ARM.Collect$$_printf_percent$$00000000  0x0800026c   Section        0  _printf_percent.o(.ARM.Collect$$_printf_percent$$00000000)
    .ARM.Collect$$_printf_percent$$00000003  0x0800026c   Section        6  _printf_f.o(.ARM.Collect$$_printf_percent$$00000003)
    .ARM.Collect$$_printf_percent$$0000000C  0x08000272   Section        6  _printf_x.o(.ARM.Collect$$_printf_percent$$0000000C)
    .ARM.Collect$$_printf_percent$$00000017  0x08000278   Section        4  _printf_percent_end.o(.ARM.Collect$$_printf_percent$$00000017)
    .ARM.Collect$$libinit$$00000000          0x0800027c   Section        2  libinit.o(.ARM.Collect$$libinit$$00000000)
    .ARM.Collect$$libinit$$00000001          0x0800027e   Section        4  libinit2.o(.ARM.Collect$$libinit$$00000001)
    .ARM.Collect$$libinit$$00000004          0x08000282   Section        0  libinit2.o(.ARM.Collect$$libinit$$00000004)
    .ARM.Collect$$libinit$$0000000A          0x08000282   Section        0  libinit2.o(.ARM.Collect$$libinit$$0000000A)
    .ARM.Collect$$libinit$$0000000C          0x08000282   Section        0  libinit2.o(.ARM.Collect$$libinit$$0000000C)
    .ARM.Collect$$libinit$$0000000E          0x08000282   Section        0  libinit2.o(.ARM.Collect$$libinit$$0000000E)
    .ARM.Collect$$libinit$$0000000F          0x08000282   Section        6  libinit2.o(.ARM.Collect$$libinit$$0000000F)
    .ARM.Collect$$libinit$$00000011          0x08000288   Section        0  libinit2.o(.ARM.Collect$$libinit$$00000011)
    .ARM.Collect$$libinit$$00000013          0x08000288   Section        0  libinit2.o(.ARM.Collect$$libinit$$00000013)
    .ARM.Collect$$libinit$$00000015          0x08000288   Section        0  libinit2.o(.ARM.Collect$$libinit$$00000015)
    .ARM.Collect$$libinit$$00000016          0x08000288   Section       10  libinit2.o(.ARM.Collect$$libinit$$00000016)
    .ARM.Collect$$libinit$$00000017          0x08000292   Section        0  libinit2.o(.ARM.Collect$$libinit$$00000017)
    .ARM.Collect$$libinit$$00000019          0x08000292   Section        0  libinit2.o(.ARM.Collect$$libinit$$00000019)
    .ARM.Collect$$libinit$$0000001B          0x08000292   Section        0  libinit2.o(.ARM.Collect$$libinit$$0000001B)
    .ARM.Collect$$libinit$$0000001D          0x08000292   Section        0  libinit2.o(.ARM.Collect$$libinit$$0000001D)
    .ARM.Collect$$libinit$$0000001F          0x08000292   Section        0  libinit2.o(.ARM.Collect$$libinit$$0000001F)
    .ARM.Collect$$libinit$$00000021          0x08000292   Section        0  libinit2.o(.ARM.Collect$$libinit$$00000021)
    .ARM.Collect$$libinit$$00000023          0x08000292   Section        0  libinit2.o(.ARM.Collect$$libinit$$00000023)
    .ARM.Collect$$libinit$$00000025          0x08000292   Section        0  libinit2.o(.ARM.Collect$$libinit$$00000025)
    .ARM.Collect$$libinit$$0000002C          0x08000292   Section        0  libinit2.o(.ARM.Collect$$libinit$$0000002C)
    .ARM.Collect$$libinit$$0000002E          0x08000292   Section        0  libinit2.o(.ARM.Collect$$libinit$$0000002E)
    .ARM.Collect$$libinit$$00000030          0x08000292   Section        0  libinit2.o(.ARM.Collect$$libinit$$00000030)
    .ARM.Collect$$libinit$$00000032          0x08000292   Section        0  libinit2.o(.ARM.Collect$$libinit$$00000032)
    .ARM.Collect$$libinit$$00000033          0x08000292   Section        2  libinit2.o(.ARM.Collect$$libinit$$00000033)
    .ARM.Collect$$libshutdown$$00000000      0x08000294   Section        2  libshutdown.o(.ARM.Collect$$libshutdown$$00000000)
    .ARM.Collect$$libshutdown$$00000002      0x08000296   Section        0  libshutdown2.o(.ARM.Collect$$libshutdown$$00000002)
    .ARM.Collect$$libshutdown$$00000004      0x08000296   Section        0  libshutdown2.o(.ARM.Collect$$libshutdown$$00000004)
    .ARM.Collect$$libshutdown$$00000007      0x08000296   Section        0  libshutdown2.o(.ARM.Collect$$libshutdown$$00000007)
    .ARM.Collect$$libshutdown$$0000000A      0x08000296   Section        0  libshutdown2.o(.ARM.Collect$$libshutdown$$0000000A)
    .ARM.Collect$$libshutdown$$0000000C      0x08000296   Section        0  libshutdown2.o(.ARM.Collect$$libshutdown$$0000000C)
    .ARM.Collect$$libshutdown$$0000000F      0x08000296   Section        0  libshutdown2.o(.ARM.Collect$$libshutdown$$0000000F)
    .ARM.Collect$$libshutdown$$00000010      0x08000296   Section        2  libshutdown2.o(.ARM.Collect$$libshutdown$$00000010)
    .ARM.Collect$$rtentry$$00000000          0x08000298   Section        0  __rtentry.o(.ARM.Collect$$rtentry$$00000000)
    .ARM.Collect$$rtentry$$00000002          0x08000298   Section        0  __rtentry2.o(.ARM.Collect$$rtentry$$00000002)
    .ARM.Collect$$rtentry$$00000004          0x08000298   Section        6  __rtentry4.o(.ARM.Collect$$rtentry$$00000004)
    .ARM.Collect$$rtentry$$00000009          0x0800029e   Section        0  __rtentry2.o(.ARM.Collect$$rtentry$$00000009)
    .ARM.Collect$$rtentry$$0000000A          0x0800029e   Section        4  __rtentry2.o(.ARM.Collect$$rtentry$$0000000A)
    .ARM.Collect$$rtentry$$0000000C          0x080002a2   Section        0  __rtentry2.o(.ARM.Collect$$rtentry$$0000000C)
    .ARM.Collect$$rtentry$$0000000D          0x080002a2   Section        8  __rtentry2.o(.ARM.Collect$$rtentry$$0000000D)
    .ARM.Collect$$rtexit$$00000000           0x080002aa   Section        2  rtexit.o(.ARM.Collect$$rtexit$$00000000)
    .ARM.Collect$$rtexit$$00000002           0x080002ac   Section        0  rtexit2.o(.ARM.Collect$$rtexit$$00000002)
    .ARM.Collect$$rtexit$$00000003           0x080002ac   Section        4  rtexit2.o(.ARM.Collect$$rtexit$$00000003)
    .ARM.Collect$$rtexit$$00000004           0x080002b0   Section        6  rtexit2.o(.ARM.Collect$$rtexit$$00000004)
    .text                                    0x080002b8   Section       64  startup_stm32f767xx.o(.text)
    $v0                                      0x080002b8   Number         0  startup_stm32f767xx.o(.text)
    .text                                    0x080002f8   Section        2  use_no_semi_2.o(.text)
    .text                                    0x080002fc   Section        0  noretval__2printf.o(.text)
    .text                                    0x08000314   Section        0  __printf.o(.text)
    .text                                    0x0800037c   Section        0  _printf_hex_int.o(.text)
    .text                                    0x080003d4   Section        0  heapauxi.o(.text)
    .text                                    0x080003da   Section        2  use_no_semi.o(.text)
    .text                                    0x080003dc   Section        0  _printf_intcommon.o(.text)
    .text                                    0x0800048e   Section        0  _printf_fp_dec.o(.text)
    _fp_digits                               0x08000491   Thumb Code   428  _printf_fp_dec.o(.text)
    .text                                    0x080008a8   Section        0  _printf_char_file.o(.text)
    .text                                    0x080008cc   Section        8  rt_locale_intlibspace.o(.text)
    .text                                    0x080008d4   Section      138  lludiv10.o(.text)
    .text                                    0x08000960   Section        0  _printf_char_common.o(.text)
    _printf_input_char                       0x08000961   Thumb Code    10  _printf_char_common.o(.text)
    .text                                    0x08000990   Section        0  _printf_fp_infnan.o(.text)
    .text                                    0x08000a10   Section        0  bigflt0.o(.text)
    .text                                    0x08000aec   Section        0  ferror.o(.text)
    .text                                    0x08000af4   Section        8  libspace.o(.text)
    .text                                    0x08000afc   Section       74  sys_stackheap_outer.o(.text)
    .text                                    0x08000b46   Section        0  exit.o(.text)
    .text                                    0x08000b58   Section      104  strcmpv7m_pel.o(.text)
    CL$$btod_d2e                             0x08000bc0   Section       62  btod.o(CL$$btod_d2e)
    CL$$btod_d2e_denorm_low                  0x08000bfe   Section       70  btod.o(CL$$btod_d2e_denorm_low)
    CL$$btod_d2e_norm_op1                    0x08000c44   Section       96  btod.o(CL$$btod_d2e_norm_op1)
    CL$$btod_div_common                      0x08000ca4   Section      824  btod.o(CL$$btod_div_common)
    CL$$btod_e2e                             0x08000fdc   Section      198  btod.o(CL$$btod_e2e)
    CL$$btod_ediv                            0x080010a2   Section       40  btod.o(CL$$btod_ediv)
    CL$$btod_emul                            0x080010ca   Section       40  btod.o(CL$$btod_emul)
    CL$$btod_mult_common                     0x080010f2   Section      580  btod.o(CL$$btod_mult_common)
    i.ADS131A0X_Init                         0x08001338   Section        0  em.o(i.ADS131A0X_Init)
    i.ADS13_PowerOnInit                      0x080013cc   Section        0  em.o(i.ADS13_PowerOnInit)
    i.ADS13_REG                              0x08001500   Section        0  em.o(i.ADS13_REG)
    i.ADS13_WRITE_CMD                        0x080015a4   Section        0  em.o(i.ADS13_WRITE_CMD)
    i.BusFault_Handler                       0x08001640   Section        0  stm32f7xx_it.o(i.BusFault_Handler)
    i.Cache_Enable                           0x08001644   Section        0  sys.o(i.Cache_Enable)
    i.DebugMon_Handler                       0x080016cc   Section        0  stm32f7xx_it.o(i.DebugMon_Handler)
    i.HAL_DMA_Abort_IT                       0x080016ce   Section        0  stm32f7xx_hal_dma.o(i.HAL_DMA_Abort_IT)
    i.HAL_GPIO_Init                          0x080016f4   Section        0  stm32f7xx_hal_gpio.o(i.HAL_GPIO_Init)
    i.HAL_GPIO_ReadPin                       0x08001924   Section        0  stm32f7xx_hal_gpio.o(i.HAL_GPIO_ReadPin)
    i.HAL_GPIO_WritePin                      0x0800192e   Section        0  stm32f7xx_hal_gpio.o(i.HAL_GPIO_WritePin)
    i.HAL_GetTick                            0x08001938   Section        0  stm32f7xx_hal.o(i.HAL_GetTick)
    i.HAL_IncTick                            0x08001944   Section        0  stm32f7xx_hal.o(i.HAL_IncTick)
    i.HAL_Init                               0x08001954   Section        0  stm32f7xx_hal.o(i.HAL_Init)
    i.HAL_InitTick                           0x08001978   Section        0  stm32f7xx_hal.o(i.HAL_InitTick)
    i.HAL_MspInit                            0x080019a0   Section        0  stm32f7xx_hal.o(i.HAL_MspInit)
    i.HAL_NVIC_EnableIRQ                     0x080019a2   Section        0  stm32f7xx_hal_cortex.o(i.HAL_NVIC_EnableIRQ)
    i.HAL_NVIC_SetPriority                   0x080019bc   Section        0  stm32f7xx_hal_cortex.o(i.HAL_NVIC_SetPriority)
    i.HAL_NVIC_SetPriorityGrouping           0x08001a20   Section        0  stm32f7xx_hal_cortex.o(i.HAL_NVIC_SetPriorityGrouping)
    i.HAL_PWREx_EnableOverDrive              0x08001a44   Section        0  stm32f7xx_hal_pwr_ex.o(i.HAL_PWREx_EnableOverDrive)
    i.HAL_RCC_ClockConfig                    0x08001ac0   Section        0  stm32f7xx_hal_rcc.o(i.HAL_RCC_ClockConfig)
    i.HAL_RCC_GetPCLK1Freq                   0x08001c44   Section        0  stm32f7xx_hal_rcc.o(i.HAL_RCC_GetPCLK1Freq)
    i.HAL_RCC_GetPCLK2Freq                   0x08001c74   Section        0  stm32f7xx_hal_rcc.o(i.HAL_RCC_GetPCLK2Freq)
    i.HAL_RCC_GetSysClockFreq                0x08001ca4   Section        0  stm32f7xx_hal_rcc.o(i.HAL_RCC_GetSysClockFreq)
    i.HAL_RCC_OscConfig                      0x08001d3c   Section        0  stm32f7xx_hal_rcc_ex.o(i.HAL_RCC_OscConfig)
    i.HAL_SPI_Init                           0x08002100   Section        0  stm32f7xx_hal_spi.o(i.HAL_SPI_Init)
    i.HAL_SPI_MspInit                        0x080021c4   Section        0  spi.o(i.HAL_SPI_MspInit)
    i.HAL_SPI_TransmitReceive                0x0800221c   Section        0  stm32f7xx_hal_spi.o(i.HAL_SPI_TransmitReceive)
    i.HAL_SYSTICK_CLKSourceConfig            0x08002514   Section        0  stm32f7xx_hal_cortex.o(i.HAL_SYSTICK_CLKSourceConfig)
    i.HAL_SYSTICK_Config                     0x0800252c   Section        0  stm32f7xx_hal_cortex.o(i.HAL_SYSTICK_Config)
    i.HAL_UART_ErrorCallback                 0x08002558   Section        0  stm32f7xx_hal_uart.o(i.HAL_UART_ErrorCallback)
    i.HAL_UART_IRQHandler                    0x0800255c   Section        0  stm32f7xx_hal_uart.o(i.HAL_UART_IRQHandler)
    i.HAL_UART_Init                          0x08002720   Section        0  stm32f7xx_hal_uart.o(i.HAL_UART_Init)
    i.HAL_UART_MspInit                       0x08002790   Section        0  usart.o(i.HAL_UART_MspInit)
    i.HAL_UART_Receive                       0x08002820   Section        0  stm32f7xx_hal_uart.o(i.HAL_UART_Receive)
    i.HAL_UART_RxCpltCallback                0x08002910   Section        0  stm32f7xx_hal_uart.o(i.HAL_UART_RxCpltCallback)
    i.HAL_UART_TxCpltCallback                0x08002912   Section        0  stm32f7xx_hal_uart.o(i.HAL_UART_TxCpltCallback)
    i.HardFault_Handler                      0x08002914   Section        0  stm32f7xx_it.o(i.HardFault_Handler)
    i.LED_Init                               0x08002918   Section        0  led.o(i.LED_Init)
    i.NMI_Handler                            0x08002964   Section        0  stm32f7xx_it.o(i.NMI_Handler)
    i.PendSV_Handler                         0x08002966   Section        0  stm32f7xx_it.o(i.PendSV_Handler)
    i.SPI2_Init                              0x08002968   Section        0  spi.o(i.SPI2_Init)
    i.SPI2_SetSpeed                          0x080029d0   Section        0  spi.o(i.SPI2_SetSpeed)
    i.SPI_EndRxTxTransaction                 0x08002a04   Section        0  stm32f7xx_hal_spi.o(i.SPI_EndRxTxTransaction)
    SPI_EndRxTxTransaction                   0x08002a05   Thumb Code    66  stm32f7xx_hal_spi.o(i.SPI_EndRxTxTransaction)
    i.SPI_WaitFifoStateUntilTimeout          0x08002a46   Section        0  stm32f7xx_hal_spi.o(i.SPI_WaitFifoStateUntilTimeout)
    SPI_WaitFifoStateUntilTimeout            0x08002a47   Thumb Code   176  stm32f7xx_hal_spi.o(i.SPI_WaitFifoStateUntilTimeout)
    i.SPI_WaitFlagStateUntilTimeout          0x08002af6   Section        0  stm32f7xx_hal_spi.o(i.SPI_WaitFlagStateUntilTimeout)
    SPI_WaitFlagStateUntilTimeout            0x08002af7   Thumb Code   152  stm32f7xx_hal_spi.o(i.SPI_WaitFlagStateUntilTimeout)
    i.SVC_Handler                            0x08002b8e   Section        0  stm32f7xx_it.o(i.SVC_Handler)
    i.Stm32_Clock_Init                       0x08002b90   Section        0  sys.o(i.Stm32_Clock_Init)
    i.SysTick_Handler                        0x08002c30   Section        0  stm32f7xx_it.o(i.SysTick_Handler)
    i.SystemInit                             0x08002c34   Section        0  system_stm32f7xx.o(i.SystemInit)
    i.UART_AdvFeatureConfig                  0x08002c8c   Section        0  stm32f7xx_hal_uart.o(i.UART_AdvFeatureConfig)
    i.UART_CheckIdleState                    0x08002d66   Section        0  stm32f7xx_hal_uart.o(i.UART_CheckIdleState)
    i.UART_DMAAbortOnError                   0x08002dc6   Section        0  stm32f7xx_hal_uart.o(i.UART_DMAAbortOnError)
    UART_DMAAbortOnError                     0x08002dc7   Thumb Code    20  stm32f7xx_hal_uart.o(i.UART_DMAAbortOnError)
    i.UART_Receive_IT                        0x08002dda   Section        0  stm32f7xx_hal_uart.o(i.UART_Receive_IT)
    UART_Receive_IT                          0x08002ddb   Thumb Code   124  stm32f7xx_hal_uart.o(i.UART_Receive_IT)
    i.UART_SetConfig                         0x08002e58   Section        0  stm32f7xx_hal_uart.o(i.UART_SetConfig)
    i.UART_WaitOnFlagUntilTimeout            0x080030e4   Section        0  stm32f7xx_hal_uart.o(i.UART_WaitOnFlagUntilTimeout)
    i.USART1_IRQHandler                      0x08003158   Section        0  usart.o(i.USART1_IRQHandler)
    i.UsageFault_Handler                     0x080031d0   Section        0  stm32f7xx_it.o(i.UsageFault_Handler)
    i.__ARM_fpclassify                       0x080031d2   Section        0  fpclassify.o(i.__ARM_fpclassify)
    i._sys_exit                              0x08003202   Section        0  usart.o(i._sys_exit)
    i.deal_with_AD_rawdata                   0x08003204   Section        0  em.o(i.deal_with_AD_rawdata)
    i.delay_init                             0x080032b8   Section        0  delay.o(i.delay_init)
    i.delay_ms                               0x080032cc   Section        0  delay.o(i.delay_ms)
    i.delay_us                               0x08003318   Section        0  delay.o(i.delay_us)
    i.fputc                                  0x0800334c   Section        0  usart.o(i.fputc)
    i.get_data                               0x08003360   Section        0  em.o(i.get_data)
    i.main                                   0x08003408   Section        0  main.o(i.main)
    i.uart_init                              0x0800346c   Section        0  usart.o(i.uart_init)
    locale$$code                             0x08003490   Section       44  lc_numeric_c.o(locale$$code)
    x$fpl$fpinit                             0x080034bc   Section       10  fpinit.o(x$fpl$fpinit)
    $v0                                      0x080034bc   Number         0  fpinit.o(x$fpl$fpinit)
    x$fpl$printf1                            0x080034c6   Section        4  printf1.o(x$fpl$printf1)
    $v0                                      0x080034c6   Number         0  printf1.o(x$fpl$printf1)
    .constdata                               0x080034ca   Section       16  system_stm32f7xx.o(.constdata)
    x$fpl$usenofp                            0x080034ca   Section        0  usenofp.o(x$fpl$usenofp)
    .constdata                               0x080034da   Section        8  system_stm32f7xx.o(.constdata)
    .constdata                               0x080034e2   Section       40  _printf_hex_int.o(.constdata)
    uc_hextab                                0x080034e2   Data          20  _printf_hex_int.o(.constdata)
    lc_hextab                                0x080034f6   Data          20  _printf_hex_int.o(.constdata)
    .constdata                               0x0800350c   Section      148  bigflt0.o(.constdata)
    tenpwrs_x                                0x0800350c   Data          60  bigflt0.o(.constdata)
    tenpwrs_i                                0x08003548   Data          64  bigflt0.o(.constdata)
    locale$$data                             0x080035c0   Section       28  lc_numeric_c.o(locale$$data)
    __lcnum_c_name                           0x080035c4   Data           2  lc_numeric_c.o(locale$$data)
    __lcnum_c_start                          0x080035cc   Data           0  lc_numeric_c.o(locale$$data)
    __lcnum_c_point                          0x080035d8   Data           0  lc_numeric_c.o(locale$$data)
    __lcnum_c_thousands                      0x080035da   Data           0  lc_numeric_c.o(locale$$data)
    __lcnum_c_grouping                       0x080035db   Data           0  lc_numeric_c.o(locale$$data)
    __lcnum_c_end                            0x080035dc   Data           0  lc_numeric_c.o(locale$$data)
    .data                                    0x20020000   Section        4  system_stm32f7xx.o(.data)
    .data                                    0x20020004   Section        4  stm32f7xx_hal.o(.data)
    .data                                    0x20020008   Section        4  delay.o(.data)
    fac_us                                   0x20020008   Data           4  delay.o(.data)
    .data                                    0x2002000c   Section        2  usart.o(.data)
    .data                                    0x20020010   Section        4  usart.o(.data)
    .data                                    0x20020014   Section        4  em.o(.data)
    .bss                                     0x20020018   Section      312  usart.o(.bss)
    .bss                                     0x20020150   Section      100  spi.o(.bss)
    .bss                                     0x200201b4   Section     8072  em.o(.bss)
    tx                                       0x2002148c   Data          24  em.o(.bss)
    .bss                                     0x2002213c   Section       96  libspace.o(.bss)
    HEAP                                     0x200221a0   Section      512  startup_stm32f767xx.o(HEAP)
    Heap_Mem                                 0x200221a0   Data         512  startup_stm32f767xx.o(HEAP)
    STACK                                    0x200223a0   Section     1024  startup_stm32f767xx.o(STACK)
    Stack_Mem                                0x200223a0   Data        1024  startup_stm32f767xx.o(STACK)
    __initial_sp                             0x200227a0   Data           0  startup_stm32f767xx.o(STACK)

    Global Symbols

    Symbol Name                              Value     Ov Type        Size  Object(Section)

    BuildAttributes$$THM_ISAv4$E$P$D$K$B$S$7EM$VFPv5_D16$PE$PLD8$A:L22UL41UL21$X:L11$S22US41US21$IEEE1$IW$USESV6$~STKCKD$USESV7$~SHL$OTIME$ROPI$IEEEJ$EBA8$UX$STANDARDLIB$REQ8$PRES8$EABIv2 0x00000000   Number         0  anon$$obj.o ABSOLUTE
    __ARM_use_no_argv                        0x00000000   Number         0  main.o ABSOLUTE
    __ARM_exceptions_init                     - Undefined Weak Reference
    __alloca_initialize                       - Undefined Weak Reference
    __arm_preinit_                            - Undefined Weak Reference
    __cpp_initialize__aeabi_                  - Undefined Weak Reference
    __cxa_finalize                            - Undefined Weak Reference
    __sigvec_lookup                           - Undefined Weak Reference
    _atexit_init                              - Undefined Weak Reference
    _call_atexit_fns                          - Undefined Weak Reference
    _clock_init                               - Undefined Weak Reference
    _fp_trap_init                             - Undefined Weak Reference
    _fp_trap_shutdown                         - Undefined Weak Reference
    _get_lc_collate                           - Undefined Weak Reference
    _get_lc_ctype                             - Undefined Weak Reference
    _get_lc_monetary                          - Undefined Weak Reference
    _get_lc_time                              - Undefined Weak Reference
    _getenv_init                              - Undefined Weak Reference
    _handle_redirection                       - Undefined Weak Reference
    _init_alloc                               - Undefined Weak Reference
    _init_user_alloc                          - Undefined Weak Reference
    _initio                                   - Undefined Weak Reference
    _mutex_acquire                            - Undefined Weak Reference
    _mutex_release                            - Undefined Weak Reference
    _printf_post_padding                      - Undefined Weak Reference
    _printf_pre_padding                       - Undefined Weak Reference
    _printf_truncate_unsigned                 - Undefined Weak Reference
    _rand_init                                - Undefined Weak Reference
    _signal_finish                            - Undefined Weak Reference
    _signal_init                              - Undefined Weak Reference
    _terminate_alloc                          - Undefined Weak Reference
    _terminate_user_alloc                     - Undefined Weak Reference
    _terminateio                              - Undefined Weak Reference
    __Vectors_Size                           0x000001f8   Number         0  startup_stm32f767xx.o ABSOLUTE
    __Vectors                                0x08000000   Data           4  startup_stm32f767xx.o(RESET)
    __Vectors_End                            0x080001f8   Data           0  startup_stm32f767xx.o(RESET)
    __main                                   0x080001f9   Thumb Code     8  __main.o(!!!main)
    __scatterload                            0x08000201   Thumb Code     0  __scatter.o(!!!scatter)
    __scatterload_rt2                        0x08000201   Thumb Code    44  __scatter.o(!!!scatter)
    __scatterload_rt2_thumb_only             0x08000201   Thumb Code     0  __scatter.o(!!!scatter)
    __scatterload_null                       0x0800020f   Thumb Code     0  __scatter.o(!!!scatter)
    __scatterload_copy                       0x08000235   Thumb Code    26  __scatter_copy.o(!!handler_copy)
    __scatterload_zeroinit                   0x08000251   Thumb Code    28  __scatter_zi.o(!!handler_zi)
    _printf_f                                0x0800026d   Thumb Code     0  _printf_f.o(.ARM.Collect$$_printf_percent$$00000003)
    _printf_percent                          0x0800026d   Thumb Code     0  _printf_percent.o(.ARM.Collect$$_printf_percent$$00000000)
    _printf_x                                0x08000273   Thumb Code     0  _printf_x.o(.ARM.Collect$$_printf_percent$$0000000C)
    _printf_percent_end                      0x08000279   Thumb Code     0  _printf_percent_end.o(.ARM.Collect$$_printf_percent$$00000017)
    __rt_lib_init                            0x0800027d   Thumb Code     0  libinit.o(.ARM.Collect$$libinit$$00000000)
    __rt_lib_init_fp_1                       0x0800027f   Thumb Code     0  libinit2.o(.ARM.Collect$$libinit$$00000001)
    __rt_lib_init_heap_1                     0x08000283   Thumb Code     0  libinit2.o(.ARM.Collect$$libinit$$0000000A)
    __rt_lib_init_lc_common                  0x08000283   Thumb Code     0  libinit2.o(.ARM.Collect$$libinit$$0000000F)
    __rt_lib_init_preinit_1                  0x08000283   Thumb Code     0  libinit2.o(.ARM.Collect$$libinit$$00000004)
    __rt_lib_init_rand_1                     0x08000283   Thumb Code     0  libinit2.o(.ARM.Collect$$libinit$$0000000E)
    __rt_lib_init_user_alloc_1               0x08000283   Thumb Code     0  libinit2.o(.ARM.Collect$$libinit$$0000000C)
    __rt_lib_init_lc_collate_1               0x08000289   Thumb Code     0  libinit2.o(.ARM.Collect$$libinit$$00000011)
    __rt_lib_init_lc_ctype_1                 0x08000289   Thumb Code     0  libinit2.o(.ARM.Collect$$libinit$$00000013)
    __rt_lib_init_lc_monetary_1              0x08000289   Thumb Code     0  libinit2.o(.ARM.Collect$$libinit$$00000015)
    __rt_lib_init_lc_numeric_2               0x08000289   Thumb Code     0  libinit2.o(.ARM.Collect$$libinit$$00000016)
    __rt_lib_init_alloca_1                   0x08000293   Thumb Code     0  libinit2.o(.ARM.Collect$$libinit$$0000002E)
    __rt_lib_init_argv_1                     0x08000293   Thumb Code     0  libinit2.o(.ARM.Collect$$libinit$$0000002C)
    __rt_lib_init_atexit_1                   0x08000293   Thumb Code     0  libinit2.o(.ARM.Collect$$libinit$$0000001B)
    __rt_lib_init_clock_1                    0x08000293   Thumb Code     0  libinit2.o(.ARM.Collect$$libinit$$00000021)
    __rt_lib_init_cpp_1                      0x08000293   Thumb Code     0  libinit2.o(.ARM.Collect$$libinit$$00000032)
    __rt_lib_init_exceptions_1               0x08000293   Thumb Code     0  libinit2.o(.ARM.Collect$$libinit$$00000030)
    __rt_lib_init_fp_trap_1                  0x08000293   Thumb Code     0  libinit2.o(.ARM.Collect$$libinit$$0000001F)
    __rt_lib_init_getenv_1                   0x08000293   Thumb Code     0  libinit2.o(.ARM.Collect$$libinit$$00000023)
    __rt_lib_init_lc_numeric_1               0x08000293   Thumb Code     0  libinit2.o(.ARM.Collect$$libinit$$00000017)
    __rt_lib_init_lc_time_1                  0x08000293   Thumb Code     0  libinit2.o(.ARM.Collect$$libinit$$00000019)
    __rt_lib_init_return                     0x08000293   Thumb Code     0  libinit2.o(.ARM.Collect$$libinit$$00000033)
    __rt_lib_init_signal_1                   0x08000293   Thumb Code     0  libinit2.o(.ARM.Collect$$libinit$$0000001D)
    __rt_lib_init_stdio_1                    0x08000293   Thumb Code     0  libinit2.o(.ARM.Collect$$libinit$$00000025)
    __rt_lib_shutdown                        0x08000295   Thumb Code     0  libshutdown.o(.ARM.Collect$$libshutdown$$00000000)
    __rt_lib_shutdown_cpp_1                  0x08000297   Thumb Code     0  libshutdown2.o(.ARM.Collect$$libshutdown$$00000002)
    __rt_lib_shutdown_fp_trap_1              0x08000297   Thumb Code     0  libshutdown2.o(.ARM.Collect$$libshutdown$$00000007)
    __rt_lib_shutdown_heap_1                 0x08000297   Thumb Code     0  libshutdown2.o(.ARM.Collect$$libshutdown$$0000000F)
    __rt_lib_shutdown_return                 0x08000297   Thumb Code     0  libshutdown2.o(.ARM.Collect$$libshutdown$$00000010)
    __rt_lib_shutdown_signal_1               0x08000297   Thumb Code     0  libshutdown2.o(.ARM.Collect$$libshutdown$$0000000A)
    __rt_lib_shutdown_stdio_1                0x08000297   Thumb Code     0  libshutdown2.o(.ARM.Collect$$libshutdown$$00000004)
    __rt_lib_shutdown_user_alloc_1           0x08000297   Thumb Code     0  libshutdown2.o(.ARM.Collect$$libshutdown$$0000000C)
    __rt_entry                               0x08000299   Thumb Code     0  __rtentry.o(.ARM.Collect$$rtentry$$00000000)
    __rt_entry_presh_1                       0x08000299   Thumb Code     0  __rtentry2.o(.ARM.Collect$$rtentry$$00000002)
    __rt_entry_sh                            0x08000299   Thumb Code     0  __rtentry4.o(.ARM.Collect$$rtentry$$00000004)
    __rt_entry_li                            0x0800029f   Thumb Code     0  __rtentry2.o(.ARM.Collect$$rtentry$$0000000A)
    __rt_entry_postsh_1                      0x0800029f   Thumb Code     0  __rtentry2.o(.ARM.Collect$$rtentry$$00000009)
    __rt_entry_main                          0x080002a3   Thumb Code     0  __rtentry2.o(.ARM.Collect$$rtentry$$0000000D)
    __rt_entry_postli_1                      0x080002a3   Thumb Code     0  __rtentry2.o(.ARM.Collect$$rtentry$$0000000C)
    __rt_exit                                0x080002ab   Thumb Code     0  rtexit.o(.ARM.Collect$$rtexit$$00000000)
    __rt_exit_ls                             0x080002ad   Thumb Code     0  rtexit2.o(.ARM.Collect$$rtexit$$00000003)
    __rt_exit_prels_1                        0x080002ad   Thumb Code     0  rtexit2.o(.ARM.Collect$$rtexit$$00000002)
    __rt_exit_exit                           0x080002b1   Thumb Code     0  rtexit2.o(.ARM.Collect$$rtexit$$00000004)
    Reset_Handler                            0x080002b9   Thumb Code     8  startup_stm32f767xx.o(.text)
    MemManage_Handler                        0x080002c5   Thumb Code     2  startup_stm32f767xx.o(.text)
    ADC_IRQHandler                           0x080002d3   Thumb Code     0  startup_stm32f767xx.o(.text)
    CAN1_RX0_IRQHandler                      0x080002d3   Thumb Code     0  startup_stm32f767xx.o(.text)
    CAN1_RX1_IRQHandler                      0x080002d3   Thumb Code     0  startup_stm32f767xx.o(.text)
    CAN1_SCE_IRQHandler                      0x080002d3   Thumb Code     0  startup_stm32f767xx.o(.text)
    CAN1_TX_IRQHandler                       0x080002d3   Thumb Code     0  startup_stm32f767xx.o(.text)
    CAN2_RX0_IRQHandler                      0x080002d3   Thumb Code     0  startup_stm32f767xx.o(.text)
    CAN2_RX1_IRQHandler                      0x080002d3   Thumb Code     0  startup_stm32f767xx.o(.text)
    CAN2_SCE_IRQHandler                      0x080002d3   Thumb Code     0  startup_stm32f767xx.o(.text)
    CAN2_TX_IRQHandler                       0x080002d3   Thumb Code     0  startup_stm32f767xx.o(.text)
    CAN3_RX0_IRQHandler                      0x080002d3   Thumb Code     0  startup_stm32f767xx.o(.text)
    CAN3_RX1_IRQHandler                      0x080002d3   Thumb Code     0  startup_stm32f767xx.o(.text)
    CAN3_SCE_IRQHandler                      0x080002d3   Thumb Code     0  startup_stm32f767xx.o(.text)
    CAN3_TX_IRQHandler                       0x080002d3   Thumb Code     0  startup_stm32f767xx.o(.text)
    CEC_IRQHandler                           0x080002d3   Thumb Code     0  startup_stm32f767xx.o(.text)
    DCMI_IRQHandler                          0x080002d3   Thumb Code     0  startup_stm32f767xx.o(.text)
    DFSDM1_FLT0_IRQHandler                   0x080002d3   Thumb Code     0  startup_stm32f767xx.o(.text)
    DFSDM1_FLT1_IRQHandler                   0x080002d3   Thumb Code     0  startup_stm32f767xx.o(.text)
    DFSDM1_FLT2_IRQHandler                   0x080002d3   Thumb Code     0  startup_stm32f767xx.o(.text)
    DFSDM1_FLT3_IRQHandler                   0x080002d3   Thumb Code     0  startup_stm32f767xx.o(.text)
    DMA1_Stream0_IRQHandler                  0x080002d3   Thumb Code     0  startup_stm32f767xx.o(.text)
    DMA1_Stream1_IRQHandler                  0x080002d3   Thumb Code     0  startup_stm32f767xx.o(.text)
    DMA1_Stream2_IRQHandler                  0x080002d3   Thumb Code     0  startup_stm32f767xx.o(.text)
    DMA1_Stream3_IRQHandler                  0x080002d3   Thumb Code     0  startup_stm32f767xx.o(.text)
    DMA1_Stream4_IRQHandler                  0x080002d3   Thumb Code     0  startup_stm32f767xx.o(.text)
    DMA1_Stream5_IRQHandler                  0x080002d3   Thumb Code     0  startup_stm32f767xx.o(.text)
    DMA1_Stream6_IRQHandler                  0x080002d3   Thumb Code     0  startup_stm32f767xx.o(.text)
    DMA1_Stream7_IRQHandler                  0x080002d3   Thumb Code     0  startup_stm32f767xx.o(.text)
    DMA2D_IRQHandler                         0x080002d3   Thumb Code     0  startup_stm32f767xx.o(.text)
    DMA2_Stream0_IRQHandler                  0x080002d3   Thumb Code     0  startup_stm32f767xx.o(.text)
    DMA2_Stream1_IRQHandler                  0x080002d3   Thumb Code     0  startup_stm32f767xx.o(.text)
    DMA2_Stream2_IRQHandler                  0x080002d3   Thumb Code     0  startup_stm32f767xx.o(.text)
    DMA2_Stream3_IRQHandler                  0x080002d3   Thumb Code     0  startup_stm32f767xx.o(.text)
    DMA2_Stream4_IRQHandler                  0x080002d3   Thumb Code     0  startup_stm32f767xx.o(.text)
    DMA2_Stream5_IRQHandler                  0x080002d3   Thumb Code     0  startup_stm32f767xx.o(.text)
    DMA2_Stream6_IRQHandler                  0x080002d3   Thumb Code     0  startup_stm32f767xx.o(.text)
    DMA2_Stream7_IRQHandler                  0x080002d3   Thumb Code     0  startup_stm32f767xx.o(.text)
    ETH_IRQHandler                           0x080002d3   Thumb Code     0  startup_stm32f767xx.o(.text)
    ETH_WKUP_IRQHandler                      0x080002d3   Thumb Code     0  startup_stm32f767xx.o(.text)
    EXTI0_IRQHandler                         0x080002d3   Thumb Code     0  startup_stm32f767xx.o(.text)
    EXTI15_10_IRQHandler                     0x080002d3   Thumb Code     0  startup_stm32f767xx.o(.text)
    EXTI1_IRQHandler                         0x080002d3   Thumb Code     0  startup_stm32f767xx.o(.text)
    EXTI2_IRQHandler                         0x080002d3   Thumb Code     0  startup_stm32f767xx.o(.text)
    EXTI3_IRQHandler                         0x080002d3   Thumb Code     0  startup_stm32f767xx.o(.text)
    EXTI4_IRQHandler                         0x080002d3   Thumb Code     0  startup_stm32f767xx.o(.text)
    EXTI9_5_IRQHandler                       0x080002d3   Thumb Code     0  startup_stm32f767xx.o(.text)
    FLASH_IRQHandler                         0x080002d3   Thumb Code     0  startup_stm32f767xx.o(.text)
    FMC_IRQHandler                           0x080002d3   Thumb Code     0  startup_stm32f767xx.o(.text)
    FPU_IRQHandler                           0x080002d3   Thumb Code     0  startup_stm32f767xx.o(.text)
    I2C1_ER_IRQHandler                       0x080002d3   Thumb Code     0  startup_stm32f767xx.o(.text)
    I2C1_EV_IRQHandler                       0x080002d3   Thumb Code     0  startup_stm32f767xx.o(.text)
    I2C2_ER_IRQHandler                       0x080002d3   Thumb Code     0  startup_stm32f767xx.o(.text)
    I2C2_EV_IRQHandler                       0x080002d3   Thumb Code     0  startup_stm32f767xx.o(.text)
    I2C3_ER_IRQHandler                       0x080002d3   Thumb Code     0  startup_stm32f767xx.o(.text)
    I2C3_EV_IRQHandler                       0x080002d3   Thumb Code     0  startup_stm32f767xx.o(.text)
    I2C4_ER_IRQHandler                       0x080002d3   Thumb Code     0  startup_stm32f767xx.o(.text)
    I2C4_EV_IRQHandler                       0x080002d3   Thumb Code     0  startup_stm32f767xx.o(.text)
    JPEG_IRQHandler                          0x080002d3   Thumb Code     0  startup_stm32f767xx.o(.text)
    LPTIM1_IRQHandler                        0x080002d3   Thumb Code     0  startup_stm32f767xx.o(.text)
    LTDC_ER_IRQHandler                       0x080002d3   Thumb Code     0  startup_stm32f767xx.o(.text)
    LTDC_IRQHandler                          0x080002d3   Thumb Code     0  startup_stm32f767xx.o(.text)
    MDIOS_IRQHandler                         0x080002d3   Thumb Code     0  startup_stm32f767xx.o(.text)
    OTG_FS_IRQHandler                        0x080002d3   Thumb Code     0  startup_stm32f767xx.o(.text)
    OTG_FS_WKUP_IRQHandler                   0x080002d3   Thumb Code     0  startup_stm32f767xx.o(.text)
    OTG_HS_EP1_IN_IRQHandler                 0x080002d3   Thumb Code     0  startup_stm32f767xx.o(.text)
    OTG_HS_EP1_OUT_IRQHandler                0x080002d3   Thumb Code     0  startup_stm32f767xx.o(.text)
    OTG_HS_IRQHandler                        0x080002d3   Thumb Code     0  startup_stm32f767xx.o(.text)
    OTG_HS_WKUP_IRQHandler                   0x080002d3   Thumb Code     0  startup_stm32f767xx.o(.text)
    PVD_IRQHandler                           0x080002d3   Thumb Code     0  startup_stm32f767xx.o(.text)
    QUADSPI_IRQHandler                       0x080002d3   Thumb Code     0  startup_stm32f767xx.o(.text)
    RCC_IRQHandler                           0x080002d3   Thumb Code     0  startup_stm32f767xx.o(.text)
    RNG_IRQHandler                           0x080002d3   Thumb Code     0  startup_stm32f767xx.o(.text)
    RTC_Alarm_IRQHandler                     0x080002d3   Thumb Code     0  startup_stm32f767xx.o(.text)
    RTC_WKUP_IRQHandler                      0x080002d3   Thumb Code     0  startup_stm32f767xx.o(.text)
    SAI1_IRQHandler                          0x080002d3   Thumb Code     0  startup_stm32f767xx.o(.text)
    SAI2_IRQHandler                          0x080002d3   Thumb Code     0  startup_stm32f767xx.o(.text)
    SDMMC1_IRQHandler                        0x080002d3   Thumb Code     0  startup_stm32f767xx.o(.text)
    SDMMC2_IRQHandler                        0x080002d3   Thumb Code     0  startup_stm32f767xx.o(.text)
    SPDIF_RX_IRQHandler                      0x080002d3   Thumb Code     0  startup_stm32f767xx.o(.text)
    SPI1_IRQHandler                          0x080002d3   Thumb Code     0  startup_stm32f767xx.o(.text)
    SPI2_IRQHandler                          0x080002d3   Thumb Code     0  startup_stm32f767xx.o(.text)
    SPI3_IRQHandler                          0x080002d3   Thumb Code     0  startup_stm32f767xx.o(.text)
    SPI4_IRQHandler                          0x080002d3   Thumb Code     0  startup_stm32f767xx.o(.text)
    SPI5_IRQHandler                          0x080002d3   Thumb Code     0  startup_stm32f767xx.o(.text)
    SPI6_IRQHandler                          0x080002d3   Thumb Code     0  startup_stm32f767xx.o(.text)
    TAMP_STAMP_IRQHandler                    0x080002d3   Thumb Code     0  startup_stm32f767xx.o(.text)
    TIM1_BRK_TIM9_IRQHandler                 0x080002d3   Thumb Code     0  startup_stm32f767xx.o(.text)
    TIM1_CC_IRQHandler                       0x080002d3   Thumb Code     0  startup_stm32f767xx.o(.text)
    TIM1_TRG_COM_TIM11_IRQHandler            0x080002d3   Thumb Code     0  startup_stm32f767xx.o(.text)
    TIM1_UP_TIM10_IRQHandler                 0x080002d3   Thumb Code     0  startup_stm32f767xx.o(.text)
    TIM2_IRQHandler                          0x080002d3   Thumb Code     0  startup_stm32f767xx.o(.text)
    TIM3_IRQHandler                          0x080002d3   Thumb Code     0  startup_stm32f767xx.o(.text)
    TIM4_IRQHandler                          0x080002d3   Thumb Code     0  startup_stm32f767xx.o(.text)
    TIM5_IRQHandler                          0x080002d3   Thumb Code     0  startup_stm32f767xx.o(.text)
    TIM6_DAC_IRQHandler                      0x080002d3   Thumb Code     0  startup_stm32f767xx.o(.text)
    TIM7_IRQHandler                          0x080002d3   Thumb Code     0  startup_stm32f767xx.o(.text)
    TIM8_BRK_TIM12_IRQHandler                0x080002d3   Thumb Code     0  startup_stm32f767xx.o(.text)
    TIM8_CC_IRQHandler                       0x080002d3   Thumb Code     0  startup_stm32f767xx.o(.text)
    TIM8_TRG_COM_TIM14_IRQHandler            0x080002d3   Thumb Code     0  startup_stm32f767xx.o(.text)
    TIM8_UP_TIM13_IRQHandler                 0x080002d3   Thumb Code     0  startup_stm32f767xx.o(.text)
    UART4_IRQHandler                         0x080002d3   Thumb Code     0  startup_stm32f767xx.o(.text)
    UART5_IRQHandler                         0x080002d3   Thumb Code     0  startup_stm32f767xx.o(.text)
    UART7_IRQHandler                         0x080002d3   Thumb Code     0  startup_stm32f767xx.o(.text)
    UART8_IRQHandler                         0x080002d3   Thumb Code     0  startup_stm32f767xx.o(.text)
    USART2_IRQHandler                        0x080002d3   Thumb Code     0  startup_stm32f767xx.o(.text)
    USART3_IRQHandler                        0x080002d3   Thumb Code     0  startup_stm32f767xx.o(.text)
    USART6_IRQHandler                        0x080002d3   Thumb Code     0  startup_stm32f767xx.o(.text)
    WWDG_IRQHandler                          0x080002d3   Thumb Code     0  startup_stm32f767xx.o(.text)
    __user_initial_stackheap                 0x080002d5   Thumb Code     0  startup_stm32f767xx.o(.text)
    __use_no_semihosting                     0x080002f9   Thumb Code     2  use_no_semi_2.o(.text)
    __2printf                                0x080002fd   Thumb Code    20  noretval__2printf.o(.text)
    __printf                                 0x08000315   Thumb Code   104  __printf.o(.text)
    _printf_int_hex                          0x0800037d   Thumb Code    84  _printf_hex_int.o(.text)
    _printf_longlong_hex                     0x0800037d   Thumb Code     0  _printf_hex_int.o(.text)
    __use_two_region_memory                  0x080003d5   Thumb Code     2  heapauxi.o(.text)
    __rt_heap_escrow$2region                 0x080003d7   Thumb Code     2  heapauxi.o(.text)
    __rt_heap_expand$2region                 0x080003d9   Thumb Code     2  heapauxi.o(.text)
    __I$use$semihosting                      0x080003db   Thumb Code     0  use_no_semi.o(.text)
    __use_no_semihosting_swi                 0x080003db   Thumb Code     2  use_no_semi.o(.text)
    _printf_int_common                       0x080003dd   Thumb Code   178  _printf_intcommon.o(.text)
    __lib_sel_fp_printf                      0x0800048f   Thumb Code     2  _printf_fp_dec.o(.text)
    _printf_fp_dec_real                      0x0800063d   Thumb Code   620  _printf_fp_dec.o(.text)
    _printf_char_file                        0x080008a9   Thumb Code    32  _printf_char_file.o(.text)
    __rt_locale                              0x080008cd   Thumb Code     8  rt_locale_intlibspace.o(.text)
    _ll_udiv10                               0x080008d5   Thumb Code   138  lludiv10.o(.text)
    _printf_char_common                      0x0800096b   Thumb Code    32  _printf_char_common.o(.text)
    _printf_fp_infnan                        0x08000991   Thumb Code   112  _printf_fp_infnan.o(.text)
    _btod_etento                             0x08000a11   Thumb Code   216  bigflt0.o(.text)
    ferror                                   0x08000aed   Thumb Code     8  ferror.o(.text)
    __user_libspace                          0x08000af5   Thumb Code     8  libspace.o(.text)
    __user_perproc_libspace                  0x08000af5   Thumb Code     0  libspace.o(.text)
    __user_perthread_libspace                0x08000af5   Thumb Code     0  libspace.o(.text)
    __user_setup_stackheap                   0x08000afd   Thumb Code    74  sys_stackheap_outer.o(.text)
    exit                                     0x08000b47   Thumb Code    18  exit.o(.text)
    strcmp                                   0x08000b59   Thumb Code   104  strcmpv7m_pel.o(.text)
    _btod_d2e                                0x08000bc1   Thumb Code    62  btod.o(CL$$btod_d2e)
    _d2e_denorm_low                          0x08000bff   Thumb Code    70  btod.o(CL$$btod_d2e_denorm_low)
    _d2e_norm_op1                            0x08000c45   Thumb Code    96  btod.o(CL$$btod_d2e_norm_op1)
    __btod_div_common                        0x08000ca5   Thumb Code   696  btod.o(CL$$btod_div_common)
    _e2e                                     0x08000fdd   Thumb Code   198  btod.o(CL$$btod_e2e)
    _btod_ediv                               0x080010a3   Thumb Code    40  btod.o(CL$$btod_ediv)
    _btod_emul                               0x080010cb   Thumb Code    40  btod.o(CL$$btod_emul)
    __btod_mult_common                       0x080010f3   Thumb Code   580  btod.o(CL$$btod_mult_common)
    ADS131A0X_Init                           0x08001339   Thumb Code   136  em.o(i.ADS131A0X_Init)
    ADS13_PowerOnInit                        0x080013cd   Thumb Code   226  em.o(i.ADS13_PowerOnInit)
    ADS13_REG                                0x08001501   Thumb Code   156  em.o(i.ADS13_REG)
    ADS13_WRITE_CMD                          0x080015a5   Thumb Code   146  em.o(i.ADS13_WRITE_CMD)
    BusFault_Handler                         0x08001641   Thumb Code     2  stm32f7xx_it.o(i.BusFault_Handler)
    Cache_Enable                             0x08001645   Thumb Code   116  sys.o(i.Cache_Enable)
    DebugMon_Handler                         0x080016cd   Thumb Code     2  stm32f7xx_it.o(i.DebugMon_Handler)
    HAL_DMA_Abort_IT                         0x080016cf   Thumb Code    36  stm32f7xx_hal_dma.o(i.HAL_DMA_Abort_IT)
    HAL_GPIO_Init                            0x080016f5   Thumb Code   544  stm32f7xx_hal_gpio.o(i.HAL_GPIO_Init)
    HAL_GPIO_ReadPin                         0x08001925   Thumb Code    10  stm32f7xx_hal_gpio.o(i.HAL_GPIO_ReadPin)
    HAL_GPIO_WritePin                        0x0800192f   Thumb Code    10  stm32f7xx_hal_gpio.o(i.HAL_GPIO_WritePin)
    HAL_GetTick                              0x08001939   Thumb Code     6  stm32f7xx_hal.o(i.HAL_GetTick)
    HAL_IncTick                              0x08001945   Thumb Code    10  stm32f7xx_hal.o(i.HAL_IncTick)
    HAL_Init                                 0x08001955   Thumb Code    32  stm32f7xx_hal.o(i.HAL_Init)
    HAL_InitTick                             0x08001979   Thumb Code    34  stm32f7xx_hal.o(i.HAL_InitTick)
    HAL_MspInit                              0x080019a1   Thumb Code     2  stm32f7xx_hal.o(i.HAL_MspInit)
    HAL_NVIC_EnableIRQ                       0x080019a3   Thumb Code    24  stm32f7xx_hal_cortex.o(i.HAL_NVIC_EnableIRQ)
    HAL_NVIC_SetPriority                     0x080019bd   Thumb Code    94  stm32f7xx_hal_cortex.o(i.HAL_NVIC_SetPriority)
    HAL_NVIC_SetPriorityGrouping             0x08001a21   Thumb Code    30  stm32f7xx_hal_cortex.o(i.HAL_NVIC_SetPriorityGrouping)
    HAL_PWREx_EnableOverDrive                0x08001a45   Thumb Code   114  stm32f7xx_hal_pwr_ex.o(i.HAL_PWREx_EnableOverDrive)
    HAL_RCC_ClockConfig                      0x08001ac1   Thumb Code   368  stm32f7xx_hal_rcc.o(i.HAL_RCC_ClockConfig)
    HAL_RCC_GetPCLK1Freq                     0x08001c45   Thumb Code    34  stm32f7xx_hal_rcc.o(i.HAL_RCC_GetPCLK1Freq)
    HAL_RCC_GetPCLK2Freq                     0x08001c75   Thumb Code    34  stm32f7xx_hal_rcc.o(i.HAL_RCC_GetPCLK2Freq)
    HAL_RCC_GetSysClockFreq                  0x08001ca5   Thumb Code   136  stm32f7xx_hal_rcc.o(i.HAL_RCC_GetSysClockFreq)
    HAL_RCC_OscConfig                        0x08001d3d   Thumb Code   942  stm32f7xx_hal_rcc_ex.o(i.HAL_RCC_OscConfig)
    HAL_SPI_Init                             0x08002101   Thumb Code   196  stm32f7xx_hal_spi.o(i.HAL_SPI_Init)
    HAL_SPI_MspInit                          0x080021c5   Thumb Code    76  spi.o(i.HAL_SPI_MspInit)
    HAL_SPI_TransmitReceive                  0x0800221d   Thumb Code   760  stm32f7xx_hal_spi.o(i.HAL_SPI_TransmitReceive)
    HAL_SYSTICK_CLKSourceConfig              0x08002515   Thumb Code    22  stm32f7xx_hal_cortex.o(i.HAL_SYSTICK_CLKSourceConfig)
    HAL_SYSTICK_Config                       0x0800252d   Thumb Code    38  stm32f7xx_hal_cortex.o(i.HAL_SYSTICK_Config)
    HAL_UART_ErrorCallback                   0x08002559   Thumb Code     2  stm32f7xx_hal_uart.o(i.HAL_UART_ErrorCallback)
    HAL_UART_IRQHandler                      0x0800255d   Thumb Code   448  stm32f7xx_hal_uart.o(i.HAL_UART_IRQHandler)
    HAL_UART_Init                            0x08002721   Thumb Code   110  stm32f7xx_hal_uart.o(i.HAL_UART_Init)
    HAL_UART_MspInit                         0x08002791   Thumb Code   130  usart.o(i.HAL_UART_MspInit)
    HAL_UART_Receive                         0x08002821   Thumb Code   240  stm32f7xx_hal_uart.o(i.HAL_UART_Receive)
    HAL_UART_RxCpltCallback                  0x08002911   Thumb Code     2  stm32f7xx_hal_uart.o(i.HAL_UART_RxCpltCallback)
    HAL_UART_TxCpltCallback                  0x08002913   Thumb Code     2  stm32f7xx_hal_uart.o(i.HAL_UART_TxCpltCallback)
    HardFault_Handler                        0x08002915   Thumb Code     2  stm32f7xx_it.o(i.HardFault_Handler)
    LED_Init                                 0x08002919   Thumb Code    68  led.o(i.LED_Init)
    NMI_Handler                              0x08002965   Thumb Code     2  stm32f7xx_it.o(i.NMI_Handler)
    PendSV_Handler                           0x08002967   Thumb Code     2  stm32f7xx_it.o(i.PendSV_Handler)
    SPI2_Init                                0x08002969   Thumb Code    96  spi.o(i.SPI2_Init)
    SPI2_SetSpeed                            0x080029d1   Thumb Code    46  spi.o(i.SPI2_SetSpeed)
    SVC_Handler                              0x08002b8f   Thumb Code     2  stm32f7xx_it.o(i.SVC_Handler)
    Stm32_Clock_Init                         0x08002b91   Thumb Code   152  sys.o(i.Stm32_Clock_Init)
    SysTick_Handler                          0x08002c31   Thumb Code     4  stm32f7xx_it.o(i.SysTick_Handler)
    SystemInit                               0x08002c35   Thumb Code    64  system_stm32f7xx.o(i.SystemInit)
    UART_AdvFeatureConfig                    0x08002c8d   Thumb Code   218  stm32f7xx_hal_uart.o(i.UART_AdvFeatureConfig)
    UART_CheckIdleState                      0x08002d67   Thumb Code    96  stm32f7xx_hal_uart.o(i.UART_CheckIdleState)
    UART_SetConfig                           0x08002e59   Thumb Code   636  stm32f7xx_hal_uart.o(i.UART_SetConfig)
    UART_WaitOnFlagUntilTimeout              0x080030e5   Thumb Code   116  stm32f7xx_hal_uart.o(i.UART_WaitOnFlagUntilTimeout)
    USART1_IRQHandler                        0x08003159   Thumb Code   108  usart.o(i.USART1_IRQHandler)
    UsageFault_Handler                       0x080031d1   Thumb Code     2  stm32f7xx_it.o(i.UsageFault_Handler)
    __ARM_fpclassify                         0x080031d3   Thumb Code    48  fpclassify.o(i.__ARM_fpclassify)
    _sys_exit                                0x08003203   Thumb Code     2  usart.o(i._sys_exit)
    deal_with_AD_rawdata                     0x08003205   Thumb Code   172  em.o(i.deal_with_AD_rawdata)
    delay_init                               0x080032b9   Thumb Code    16  delay.o(i.delay_init)
    delay_ms                                 0x080032cd   Thumb Code    70  delay.o(i.delay_ms)
    delay_us                                 0x08003319   Thumb Code    46  delay.o(i.delay_us)
    fputc                                    0x0800334d   Thumb Code    16  usart.o(i.fputc)
    get_data                                 0x08003361   Thumb Code   148  em.o(i.get_data)
    main                                     0x08003409   Thumb Code    88  main.o(i.main)
    uart_init                                0x0800346d   Thumb Code    28  usart.o(i.uart_init)
    _get_lc_numeric                          0x08003491   Thumb Code    44  lc_numeric_c.o(locale$$code)
    _fp_init                                 0x080034bd   Thumb Code    10  fpinit.o(x$fpl$fpinit)
    __fplib_config_fpu_vfp                   0x080034c5   Thumb Code     0  fpinit.o(x$fpl$fpinit)
    __fplib_config_pureend_doubles           0x080034c5   Thumb Code     0  fpinit.o(x$fpl$fpinit)
    _printf_fp_dec                           0x080034c7   Thumb Code     4  printf1.o(x$fpl$printf1)
    AHBPrescTable                            0x080034ca   Data          16  system_stm32f7xx.o(.constdata)
    __I$use$fp                               0x080034ca   Number         0  usenofp.o(x$fpl$usenofp)
    APBPrescTable                            0x080034da   Data           8  system_stm32f7xx.o(.constdata)
    Region$$Table$$Base                      0x080035a0   Number         0  anon$$obj.o(Region$$Table)
    Region$$Table$$Limit                     0x080035c0   Number         0  anon$$obj.o(Region$$Table)
    SystemCoreClock                          0x20020000   Data           4  system_stm32f7xx.o(.data)
    uwTick                                   0x20020004   Data           4  stm32f7xx_hal.o(.data)
    USART_RX_STA                             0x2002000c   Data           2  usart.o(.data)
    __stdout                                 0x20020010   Data           4  usart.o(.data)
    adcenable_flag                           0x20020014   Data           4  em.o(.data)
    USART_RX_BUF                             0x20020018   Data         200  usart.o(.bss)
    UART1_Handler                            0x200200e0   Data         112  usart.o(.bss)
    SPI2_Handler                             0x20020150   Data         100  spi.o(.bss)
    dummy_send                               0x200201b4   Data          24  em.o(.bss)
    rx                                       0x200201cc   Data        4800  em.o(.bss)
    em_data_m1                               0x200214a4   Data         800  em.o(.bss)
    em_data_m2                               0x200217c4   Data         800  em.o(.bss)
    em_data_m3                               0x20021ae4   Data         800  em.o(.bss)
    em_data_m4                               0x20021e04   Data         800  em.o(.bss)
    recBuffer                                0x20022124   Data          24  em.o(.bss)
    __libspace_start                         0x2002213c   Data          96  libspace.o(.bss)
    __temporary_stack_top$libspace           0x2002219c   Data           0  libspace.o(.bss)



==============================================================================

Memory Map of the image

  Image Entry point : 0x080001f9

  Load Region LR_IROM1 (Base: 0x08000000, Size: 0x000035f4, Max: 0x00100000, ABSOLUTE)

    Execution Region ER_IROM1 (Base: 0x08000000, Size: 0x000035dc, Max: 0x00100000, ABSOLUTE)

    Base Addr    Size         Type   Attr      Idx    E Section Name        Object

    0x08000000   0x000001f8   Data   RO          506    RESET               startup_stm32f767xx.o
    0x080001f8   0x00000008   Code   RO         4165  * !!!main             c_w.l(__main.o)
    0x08000200   0x00000034   Code   RO         4381    !!!scatter          c_w.l(__scatter.o)
    0x08000234   0x0000001a   Code   RO         4383    !!handler_copy      c_w.l(__scatter_copy.o)
    0x0800024e   0x00000002   PAD
    0x08000250   0x0000001c   Code   RO         4385    !!handler_zi        c_w.l(__scatter_zi.o)
    0x0800026c   0x00000000   Code   RO         4162    .ARM.Collect$$_printf_percent$$00000000  c_w.l(_printf_percent.o)
    0x0800026c   0x00000006   Code   RO         4161    .ARM.Collect$$_printf_percent$$00000003  c_w.l(_printf_f.o)
    0x08000272   0x00000006   Code   RO         4160    .ARM.Collect$$_printf_percent$$0000000C  c_w.l(_printf_x.o)
    0x08000278   0x00000004   Code   RO         4178    .ARM.Collect$$_printf_percent$$00000017  c_w.l(_printf_percent_end.o)
    0x0800027c   0x00000002   Code   RO         4258    .ARM.Collect$$libinit$$00000000  c_w.l(libinit.o)
    0x0800027e   0x00000004   Code   RO         4259    .ARM.Collect$$libinit$$00000001  c_w.l(libinit2.o)
    0x08000282   0x00000000   Code   RO         4262    .ARM.Collect$$libinit$$00000004  c_w.l(libinit2.o)
    0x08000282   0x00000000   Code   RO         4265    .ARM.Collect$$libinit$$0000000A  c_w.l(libinit2.o)
    0x08000282   0x00000000   Code   RO         4267    .ARM.Collect$$libinit$$0000000C  c_w.l(libinit2.o)
    0x08000282   0x00000000   Code   RO         4269    .ARM.Collect$$libinit$$0000000E  c_w.l(libinit2.o)
    0x08000282   0x00000006   Code   RO         4270    .ARM.Collect$$libinit$$0000000F  c_w.l(libinit2.o)
    0x08000288   0x00000000   Code   RO         4272    .ARM.Collect$$libinit$$00000011  c_w.l(libinit2.o)
    0x08000288   0x00000000   Code   RO         4274    .ARM.Collect$$libinit$$00000013  c_w.l(libinit2.o)
    0x08000288   0x00000000   Code   RO         4276    .ARM.Collect$$libinit$$00000015  c_w.l(libinit2.o)
    0x08000288   0x0000000a   Code   RO         4277    .ARM.Collect$$libinit$$00000016  c_w.l(libinit2.o)
    0x08000292   0x00000000   Code   RO         4278    .ARM.Collect$$libinit$$00000017  c_w.l(libinit2.o)
    0x08000292   0x00000000   Code   RO         4280    .ARM.Collect$$libinit$$00000019  c_w.l(libinit2.o)
    0x08000292   0x00000000   Code   RO         4282    .ARM.Collect$$libinit$$0000001B  c_w.l(libinit2.o)
    0x08000292   0x00000000   Code   RO         4284    .ARM.Collect$$libinit$$0000001D  c_w.l(libinit2.o)
    0x08000292   0x00000000   Code   RO         4286    .ARM.Collect$$libinit$$0000001F  c_w.l(libinit2.o)
    0x08000292   0x00000000   Code   RO         4288    .ARM.Collect$$libinit$$00000021  c_w.l(libinit2.o)
    0x08000292   0x00000000   Code   RO         4290    .ARM.Collect$$libinit$$00000023  c_w.l(libinit2.o)
    0x08000292   0x00000000   Code   RO         4292    .ARM.Collect$$libinit$$00000025  c_w.l(libinit2.o)
    0x08000292   0x00000000   Code   RO         4296    .ARM.Collect$$libinit$$0000002C  c_w.l(libinit2.o)
    0x08000292   0x00000000   Code   RO         4298    .ARM.Collect$$libinit$$0000002E  c_w.l(libinit2.o)
    0x08000292   0x00000000   Code   RO         4300    .ARM.Collect$$libinit$$00000030  c_w.l(libinit2.o)
    0x08000292   0x00000000   Code   RO         4302    .ARM.Collect$$libinit$$00000032  c_w.l(libinit2.o)
    0x08000292   0x00000002   Code   RO         4303    .ARM.Collect$$libinit$$00000033  c_w.l(libinit2.o)
    0x08000294   0x00000002   Code   RO         4331    .ARM.Collect$$libshutdown$$00000000  c_w.l(libshutdown.o)
    0x08000296   0x00000000   Code   RO         4340    .ARM.Collect$$libshutdown$$00000002  c_w.l(libshutdown2.o)
    0x08000296   0x00000000   Code   RO         4342    .ARM.Collect$$libshutdown$$00000004  c_w.l(libshutdown2.o)
    0x08000296   0x00000000   Code   RO         4345    .ARM.Collect$$libshutdown$$00000007  c_w.l(libshutdown2.o)
    0x08000296   0x00000000   Code   RO         4348    .ARM.Collect$$libshutdown$$0000000A  c_w.l(libshutdown2.o)
    0x08000296   0x00000000   Code   RO         4350    .ARM.Collect$$libshutdown$$0000000C  c_w.l(libshutdown2.o)
    0x08000296   0x00000000   Code   RO         4353    .ARM.Collect$$libshutdown$$0000000F  c_w.l(libshutdown2.o)
    0x08000296   0x00000002   Code   RO         4354    .ARM.Collect$$libshutdown$$00000010  c_w.l(libshutdown2.o)
    0x08000298   0x00000000   Code   RO         4171    .ARM.Collect$$rtentry$$00000000  c_w.l(__rtentry.o)
    0x08000298   0x00000000   Code   RO         4180    .ARM.Collect$$rtentry$$00000002  c_w.l(__rtentry2.o)
    0x08000298   0x00000006   Code   RO         4192    .ARM.Collect$$rtentry$$00000004  c_w.l(__rtentry4.o)
    0x0800029e   0x00000000   Code   RO         4182    .ARM.Collect$$rtentry$$00000009  c_w.l(__rtentry2.o)
    0x0800029e   0x00000004   Code   RO         4183    .ARM.Collect$$rtentry$$0000000A  c_w.l(__rtentry2.o)
    0x080002a2   0x00000000   Code   RO         4185    .ARM.Collect$$rtentry$$0000000C  c_w.l(__rtentry2.o)
    0x080002a2   0x00000008   Code   RO         4186    .ARM.Collect$$rtentry$$0000000D  c_w.l(__rtentry2.o)
    0x080002aa   0x00000002   Code   RO         4304    .ARM.Collect$$rtexit$$00000000  c_w.l(rtexit.o)
    0x080002ac   0x00000000   Code   RO         4311    .ARM.Collect$$rtexit$$00000002  c_w.l(rtexit2.o)
    0x080002ac   0x00000004   Code   RO         4312    .ARM.Collect$$rtexit$$00000003  c_w.l(rtexit2.o)
    0x080002b0   0x00000006   Code   RO         4313    .ARM.Collect$$rtexit$$00000004  c_w.l(rtexit2.o)
    0x080002b6   0x00000002   PAD
    0x080002b8   0x00000040   Code   RO          507    .text               startup_stm32f767xx.o
    0x080002f8   0x00000002   Code   RO         4111    .text               c_w.l(use_no_semi_2.o)
    0x080002fa   0x00000002   PAD
    0x080002fc   0x00000018   Code   RO         4115    .text               c_w.l(noretval__2printf.o)
    0x08000314   0x00000068   Code   RO         4117    .text               c_w.l(__printf.o)
    0x0800037c   0x00000058   Code   RO         4122    .text               c_w.l(_printf_hex_int.o)
    0x080003d4   0x00000006   Code   RO         4163    .text               c_w.l(heapauxi.o)
    0x080003da   0x00000002   Code   RO         4169    .text               c_w.l(use_no_semi.o)
    0x080003dc   0x000000b2   Code   RO         4172    .text               c_w.l(_printf_intcommon.o)
    0x0800048e   0x0000041a   Code   RO         4174    .text               c_w.l(_printf_fp_dec.o)
    0x080008a8   0x00000024   Code   RO         4176    .text               c_w.l(_printf_char_file.o)
    0x080008cc   0x00000008   Code   RO         4197    .text               c_w.l(rt_locale_intlibspace.o)
    0x080008d4   0x0000008a   Code   RO         4199    .text               c_w.l(lludiv10.o)
    0x0800095e   0x00000002   PAD
    0x08000960   0x00000030   Code   RO         4201    .text               c_w.l(_printf_char_common.o)
    0x08000990   0x00000080   Code   RO         4203    .text               c_w.l(_printf_fp_infnan.o)
    0x08000a10   0x000000dc   Code   RO         4205    .text               c_w.l(bigflt0.o)
    0x08000aec   0x00000008   Code   RO         4230    .text               c_w.l(ferror.o)
    0x08000af4   0x00000008   Code   RO         4242    .text               c_w.l(libspace.o)
    0x08000afc   0x0000004a   Code   RO         4245    .text               c_w.l(sys_stackheap_outer.o)
    0x08000b46   0x00000012   Code   RO         4249    .text               c_w.l(exit.o)
    0x08000b58   0x00000068   Code   RO         4251    .text               c_w.l(strcmpv7m_pel.o)
    0x08000bc0   0x0000003e   Code   RO         4208    CL$$btod_d2e        c_w.l(btod.o)
    0x08000bfe   0x00000046   Code   RO         4210    CL$$btod_d2e_denorm_low  c_w.l(btod.o)
    0x08000c44   0x00000060   Code   RO         4209    CL$$btod_d2e_norm_op1  c_w.l(btod.o)
    0x08000ca4   0x00000338   Code   RO         4218    CL$$btod_div_common  c_w.l(btod.o)
    0x08000fdc   0x000000c6   Code   RO         4215    CL$$btod_e2e        c_w.l(btod.o)
    0x080010a2   0x00000028   Code   RO         4212    CL$$btod_ediv       c_w.l(btod.o)
    0x080010ca   0x00000028   Code   RO         4211    CL$$btod_emul       c_w.l(btod.o)
    0x080010f2   0x00000244   Code   RO         4217    CL$$btod_mult_common  c_w.l(btod.o)
    0x08001336   0x00000002   PAD
    0x08001338   0x00000094   Code   RO         4027    i.ADS131A0X_Init    em.o
    0x080013cc   0x00000134   Code   RO         4028    i.ADS13_PowerOnInit  em.o
    0x08001500   0x000000a4   Code   RO         4029    i.ADS13_REG         em.o
    0x080015a4   0x0000009c   Code   RO         4031    i.ADS13_WRITE_CMD   em.o
    0x08001640   0x00000002   Code   RO          276    i.BusFault_Handler  stm32f7xx_it.o
    0x08001642   0x00000002   PAD
    0x08001644   0x00000088   Code   RO         3754    i.Cache_Enable      sys.o
    0x080016cc   0x00000002   Code   RO          277    i.DebugMon_Handler  stm32f7xx_it.o
    0x080016ce   0x00000024   Code   RO          804    i.HAL_DMA_Abort_IT  stm32f7xx_hal_dma.o
    0x080016f2   0x00000002   PAD
    0x080016f4   0x00000230   Code   RO          933    i.HAL_GPIO_Init     stm32f7xx_hal_gpio.o
    0x08001924   0x0000000a   Code   RO          935    i.HAL_GPIO_ReadPin  stm32f7xx_hal_gpio.o
    0x0800192e   0x0000000a   Code   RO          937    i.HAL_GPIO_WritePin  stm32f7xx_hal_gpio.o
    0x08001938   0x0000000c   Code   RO          531    i.HAL_GetTick       stm32f7xx_hal.o
    0x08001944   0x00000010   Code   RO          532    i.HAL_IncTick       stm32f7xx_hal.o
    0x08001954   0x00000024   Code   RO          533    i.HAL_Init          stm32f7xx_hal.o
    0x08001978   0x00000028   Code   RO          534    i.HAL_InitTick      stm32f7xx_hal.o
    0x080019a0   0x00000002   Code   RO          536    i.HAL_MspInit       stm32f7xx_hal.o
    0x080019a2   0x00000018   Code   RO          688    i.HAL_NVIC_EnableIRQ  stm32f7xx_hal_cortex.o
    0x080019ba   0x00000002   PAD
    0x080019bc   0x00000064   Code   RO          694    i.HAL_NVIC_SetPriority  stm32f7xx_hal_cortex.o
    0x08001a20   0x00000024   Code   RO          695    i.HAL_NVIC_SetPriorityGrouping  stm32f7xx_hal_cortex.o
    0x08001a44   0x0000007c   Code   RO         1126    i.HAL_PWREx_EnableOverDrive  stm32f7xx_hal_pwr_ex.o
    0x08001ac0   0x00000184   Code   RO         1213    i.HAL_RCC_ClockConfig  stm32f7xx_hal_rcc.o
    0x08001c44   0x00000030   Code   RO         1220    i.HAL_RCC_GetPCLK1Freq  stm32f7xx_hal_rcc.o
    0x08001c74   0x00000030   Code   RO         1221    i.HAL_RCC_GetPCLK2Freq  stm32f7xx_hal_rcc.o
    0x08001ca4   0x00000098   Code   RO         1222    i.HAL_RCC_GetSysClockFreq  stm32f7xx_hal_rcc.o
    0x08001d3c   0x000003c4   Code   RO         1316    i.HAL_RCC_OscConfig  stm32f7xx_hal_rcc_ex.o
    0x08002100   0x000000c4   Code   RO         3419    i.HAL_SPI_Init      stm32f7xx_hal_spi.o
    0x080021c4   0x00000058   Code   RO         3978    i.HAL_SPI_MspInit   spi.o
    0x0800221c   0x000002f8   Code   RO         3428    i.HAL_SPI_TransmitReceive  stm32f7xx_hal_spi.o
    0x08002514   0x00000016   Code   RO          697    i.HAL_SYSTICK_CLKSourceConfig  stm32f7xx_hal_cortex.o
    0x0800252a   0x00000002   PAD
    0x0800252c   0x0000002c   Code   RO          699    i.HAL_SYSTICK_Config  stm32f7xx_hal_cortex.o
    0x08002558   0x00000002   Code   RO         1370    i.HAL_UART_ErrorCallback  stm32f7xx_hal_uart.o
    0x0800255a   0x00000002   PAD
    0x0800255c   0x000001c4   Code   RO         1373    i.HAL_UART_IRQHandler  stm32f7xx_hal_uart.o
    0x08002720   0x0000006e   Code   RO         1374    i.HAL_UART_Init     stm32f7xx_hal_uart.o
    0x0800278e   0x00000002   PAD
    0x08002790   0x00000090   Code   RO         3803    i.HAL_UART_MspInit  usart.o
    0x08002820   0x000000f0   Code   RO         1377    i.HAL_UART_Receive  stm32f7xx_hal_uart.o
    0x08002910   0x00000002   Code   RO         1380    i.HAL_UART_RxCpltCallback  stm32f7xx_hal_uart.o
    0x08002912   0x00000002   Code   RO         1385    i.HAL_UART_TxCpltCallback  stm32f7xx_hal_uart.o
    0x08002914   0x00000002   Code   RO          278    i.HardFault_Handler  stm32f7xx_it.o
    0x08002916   0x00000002   PAD
    0x08002918   0x0000004c   Code   RO         3864    i.LED_Init          led.o
    0x08002964   0x00000002   Code   RO          279    i.NMI_Handler       stm32f7xx_it.o
    0x08002966   0x00000002   Code   RO          280    i.PendSV_Handler    stm32f7xx_it.o
    0x08002968   0x00000068   Code   RO         3979    i.SPI2_Init         spi.o
    0x080029d0   0x00000034   Code   RO         3981    i.SPI2_SetSpeed     spi.o
    0x08002a04   0x00000042   Code   RO         3454    i.SPI_EndRxTxTransaction  stm32f7xx_hal_spi.o
    0x08002a46   0x000000b0   Code   RO         3461    i.SPI_WaitFifoStateUntilTimeout  stm32f7xx_hal_spi.o
    0x08002af6   0x00000098   Code   RO         3462    i.SPI_WaitFlagStateUntilTimeout  stm32f7xx_hal_spi.o
    0x08002b8e   0x00000002   Code   RO          281    i.SVC_Handler       stm32f7xx_it.o
    0x08002b90   0x000000a0   Code   RO         3757    i.Stm32_Clock_Init  sys.o
    0x08002c30   0x00000004   Code   RO          282    i.SysTick_Handler   stm32f7xx_it.o
    0x08002c34   0x00000058   Code   RO          349    i.SystemInit        system_stm32f7xx.o
    0x08002c8c   0x000000da   Code   RO         1387    i.UART_AdvFeatureConfig  stm32f7xx_hal_uart.o
    0x08002d66   0x00000060   Code   RO         1388    i.UART_CheckIdleState  stm32f7xx_hal_uart.o
    0x08002dc6   0x00000014   Code   RO         1389    i.UART_DMAAbortOnError  stm32f7xx_hal_uart.o
    0x08002dda   0x0000007c   Code   RO         1395    i.UART_Receive_IT   stm32f7xx_hal_uart.o
    0x08002e56   0x00000002   PAD
    0x08002e58   0x0000028c   Code   RO         1396    i.UART_SetConfig    stm32f7xx_hal_uart.o
    0x080030e4   0x00000074   Code   RO         1397    i.UART_WaitOnFlagUntilTimeout  stm32f7xx_hal_uart.o
    0x08003158   0x00000078   Code   RO         3804    i.USART1_IRQHandler  usart.o
    0x080031d0   0x00000002   Code   RO          283    i.UsageFault_Handler  stm32f7xx_it.o
    0x080031d2   0x00000030   Code   RO         4240    i.__ARM_fpclassify  m_wv.l(fpclassify.o)
    0x08003202   0x00000002   Code   RO         3805    i._sys_exit         usart.o
    0x08003204   0x000000b4   Code   RO         4034    i.deal_with_AD_rawdata  em.o
    0x080032b8   0x00000014   Code   RO         3715    i.delay_init        delay.o
    0x080032cc   0x0000004c   Code   RO         3716    i.delay_ms          delay.o
    0x08003318   0x00000034   Code   RO         3717    i.delay_us          delay.o
    0x0800334c   0x00000014   Code   RO         3806    i.fputc             usart.o
    0x08003360   0x000000a8   Code   RO         4035    i.get_data          em.o
    0x08003408   0x00000064   Code   RO            4    i.main              main.o
    0x0800346c   0x00000024   Code   RO         3807    i.uart_init         usart.o
    0x08003490   0x0000002c   Code   RO         4235    locale$$code        c_w.l(lc_numeric_c.o)
    0x080034bc   0x0000000a   Code   RO         4308    x$fpl$fpinit        fz_wv.l(fpinit.o)
    0x080034c6   0x00000004   Code   RO         4167    x$fpl$printf1       fz_wv.l(printf1.o)
    0x080034ca   0x00000000   Code   RO         4239    x$fpl$usenofp       fz_wv.l(usenofp.o)
    0x080034ca   0x00000010   Data   RO          350    .constdata          system_stm32f7xx.o
    0x080034da   0x00000008   Data   RO          351    .constdata          system_stm32f7xx.o
    0x080034e2   0x00000028   Data   RO         4123    .constdata          c_w.l(_printf_hex_int.o)
    0x0800350a   0x00000002   PAD
    0x0800350c   0x00000094   Data   RO         4206    .constdata          c_w.l(bigflt0.o)
    0x080035a0   0x00000020   Data   RO         4379    Region$$Table       anon$$obj.o
    0x080035c0   0x0000001c   Data   RO         4234    locale$$data        c_w.l(lc_numeric_c.o)


    Execution Region RW_IRAM1 (Base: 0x20020000, Size: 0x000027a0, Max: 0x00060000, ABSOLUTE)

    Base Addr    Size         Type   Attr      Idx    E Section Name        Object

    0x20020000   0x00000004   Data   RW          352    .data               system_stm32f7xx.o
    0x20020004   0x00000004   Data   RW          539    .data               stm32f7xx_hal.o
    0x20020008   0x00000004   Data   RW         3718    .data               delay.o
    0x2002000c   0x00000002   Data   RW         3809    .data               usart.o
    0x2002000e   0x00000002   PAD
    0x20020010   0x00000004   Data   RW         3810    .data               usart.o
    0x20020014   0x00000004   Data   RW         4037    .data               em.o
    0x20020018   0x00000138   Zero   RW         3808    .bss                usart.o
    0x20020150   0x00000064   Zero   RW         3982    .bss                spi.o
    0x200201b4   0x00001f88   Zero   RW         4036    .bss                em.o
    0x2002213c   0x00000060   Zero   RW         4243    .bss                c_w.l(libspace.o)
    0x2002219c   0x00000004   PAD
    0x200221a0   0x00000200   Zero   RW          505    HEAP                startup_stm32f767xx.o
    0x200223a0   0x00000400   Zero   RW          504    STACK               startup_stm32f767xx.o


==============================================================================

Image component sizes


      Code (inc. data)   RO Data    RW Data    ZI Data      Debug   Object Name

       148         16          0          4          0       2519   delay.o
      1124        140          0          4       8072       8815   em.o
        76          8          0          0          0        827   led.o
       100         12          0          0          0     398607   main.o
       244         26          0          0        100       2342   spi.o
        64         26        504          0       1536        816   startup_stm32f767xx.o
       106         22          0          4          0       3597   stm32f7xx_hal.o
       226         18          0          0          0      35369   stm32f7xx_hal_cortex.o
        36          0          0          0          0       1515   stm32f7xx_hal_dma.o
       580         16          0          0          0       3247   stm32f7xx_hal_gpio.o
       124         10          0          0          0       1260   stm32f7xx_hal_pwr_ex.o
       636         64          0          0          0       3746   stm32f7xx_hal_rcc.o
       964         22          0          0          0       2052   stm32f7xx_hal_rcc_ex.o
      1350          0          0          0          0       5665   stm32f7xx_hal_spi.o
      2034         40          0          0          0      10703   stm32f7xx_hal_uart.o
        18          0          0          0          0       3410   stm32f7xx_it.o
       296         28          0          0          0      33433   sys.o
        88         24         24          4          0       1039   system_stm32f7xx.o
       322         38          0          6        312       4691   usart.o

    ----------------------------------------------------------------------
      8552        510        560         24      10020     523653   Object Totals
         0          0         32          0          0          0   (incl. Generated)
        16          0          0          2          0          0   (incl. Padding)

    ----------------------------------------------------------------------

      Code (inc. data)   RO Data    RW Data    ZI Data      Debug   Library Member Name

         8          0          0          0          0         68   __main.o
       104          0          0          0          0         84   __printf.o
         0          0          0          0          0          0   __rtentry.o
        12          0          0          0          0          0   __rtentry2.o
         6          0          0          0          0          0   __rtentry4.o
        52          8          0          0          0          0   __scatter.o
        26          0          0          0          0          0   __scatter_copy.o
        28          0          0          0          0          0   __scatter_zi.o
        48          6          0          0          0         96   _printf_char_common.o
        36          4          0          0          0         80   _printf_char_file.o
         6          0          0          0          0          0   _printf_f.o
      1050          0          0          0          0        216   _printf_fp_dec.o
       128         16          0          0          0         84   _printf_fp_infnan.o
        88          4         40          0          0         88   _printf_hex_int.o
       178          0          0          0          0         88   _printf_intcommon.o
         0          0          0          0          0          0   _printf_percent.o
         4          0          0          0          0          0   _printf_percent_end.o
         6          0          0          0          0          0   _printf_x.o
       220          4        148          0          0         96   bigflt0.o
      1910        128          0          0          0        672   btod.o
        18          0          0          0          0         80   exit.o
         8          0          0          0          0         68   ferror.o
         6          0          0          0          0        152   heapauxi.o
        44         10         28          0          0         76   lc_numeric_c.o
         2          0          0          0          0          0   libinit.o
        22          0          0          0          0          0   libinit2.o
         2          0          0          0          0          0   libshutdown.o
         2          0          0          0          0          0   libshutdown2.o
         8          4          0          0         96         68   libspace.o
       138          0          0          0          0         80   lludiv10.o
        24          4          0          0          0         84   noretval__2printf.o
         8          4          0          0          0         68   rt_locale_intlibspace.o
         2          0          0          0          0          0   rtexit.o
        10          0          0          0          0          0   rtexit2.o
       104          0          0          0          0         68   strcmpv7m_pel.o
        74          0          0          0          0         80   sys_stackheap_outer.o
         2          0          0          0          0         68   use_no_semi.o
         2          0          0          0          0         68   use_no_semi_2.o
        10          0          0          0          0        116   fpinit.o
         4          0          0          0          0        116   printf1.o
         0          0          0          0          0          0   usenofp.o
        48          0          0          0          0        124   fpclassify.o

    ----------------------------------------------------------------------
      4458        192        218          0        100       2888   Library Totals
        10          0          2          0          4          0   (incl. Padding)

    ----------------------------------------------------------------------

      Code (inc. data)   RO Data    RW Data    ZI Data      Debug   Library Name

      4386        192        216          0         96       2532   c_w.l
        14          0          0          0          0        232   fz_wv.l
        48          0          0          0          0        124   m_wv.l

    ----------------------------------------------------------------------
      4458        192        218          0        100       2888   Library Totals

    ----------------------------------------------------------------------

==============================================================================


      Code (inc. data)   RO Data    RW Data    ZI Data      Debug   

     13010        702        778         24      10120     519089   Grand Totals
     13010        702        778         24      10120     519089   ELF Image Totals
     13010        702        778         24          0          0   ROM Totals

==============================================================================

    Total RO  Size (Code + RO Data)                13788 (  13.46kB)
    Total RW  Size (RW Data + ZI Data)             10144 (   9.91kB)
    Total ROM Size (Code + RO Data + RW Data)      13812 (  13.49kB)

==============================================================================

